Archive member included to satisfy reference by file (symbol)

C:/ST/STM32CubeIDE_1.18.1/STM32CubeIDE/plugins/com.st.stm32cube.ide.mcu.externaltools.gnu-tools-for-stm32.13.3.rel1.win32_1.0.0.202411081344/tools/bin/../lib/gcc/arm-none-eabi/13.3.1/../../../../arm-none-eabi/lib/thumb/v7e-m+fp/hard\libc_nano.a(libc_a-exit.o)
                              C:/ST/STM32CubeIDE_1.18.1/STM32CubeIDE/plugins/com.st.stm32cube.ide.mcu.externaltools.gnu-tools-for-stm32.13.3.rel1.win32_1.0.0.202411081344/tools/bin/../lib/gcc/arm-none-eabi/13.3.1/../../../../arm-none-eabi/lib/thumb/v7e-m+fp/hard/crt0.o (exit)
C:/ST/STM32CubeIDE_1.18.1/STM32CubeIDE/plugins/com.st.stm32cube.ide.mcu.externaltools.gnu-tools-for-stm32.13.3.rel1.win32_1.0.0.202411081344/tools/bin/../lib/gcc/arm-none-eabi/13.3.1/../../../../arm-none-eabi/lib/thumb/v7e-m+fp/hard\libc_nano.a(libc_a-findfp.o)
                              C:/ST/STM32CubeIDE_1.18.1/STM32CubeIDE/plugins/com.st.stm32cube.ide.mcu.externaltools.gnu-tools-for-stm32.13.3.rel1.win32_1.0.0.202411081344/tools/bin/../lib/gcc/arm-none-eabi/13.3.1/../../../../arm-none-eabi/lib/thumb/v7e-m+fp/hard\libc_nano.a(libc_a-exit.o) (__stdio_exit_handler)
C:/ST/STM32CubeIDE_1.18.1/STM32CubeIDE/plugins/com.st.stm32cube.ide.mcu.externaltools.gnu-tools-for-stm32.13.3.rel1.win32_1.0.0.202411081344/tools/bin/../lib/gcc/arm-none-eabi/13.3.1/../../../../arm-none-eabi/lib/thumb/v7e-m+fp/hard\libc_nano.a(libc_a-fwalk.o)
                              C:/ST/STM32CubeIDE_1.18.1/STM32CubeIDE/plugins/com.st.stm32cube.ide.mcu.externaltools.gnu-tools-for-stm32.13.3.rel1.win32_1.0.0.202411081344/tools/bin/../lib/gcc/arm-none-eabi/13.3.1/../../../../arm-none-eabi/lib/thumb/v7e-m+fp/hard\libc_nano.a(libc_a-findfp.o) (_fwalk_sglue)
C:/ST/STM32CubeIDE_1.18.1/STM32CubeIDE/plugins/com.st.stm32cube.ide.mcu.externaltools.gnu-tools-for-stm32.13.3.rel1.win32_1.0.0.202411081344/tools/bin/../lib/gcc/arm-none-eabi/13.3.1/../../../../arm-none-eabi/lib/thumb/v7e-m+fp/hard\libc_nano.a(libc_a-printf.o)
                              ./Core/Src/OV7670_control.o (printf)
C:/ST/STM32CubeIDE_1.18.1/STM32CubeIDE/plugins/com.st.stm32cube.ide.mcu.externaltools.gnu-tools-for-stm32.13.3.rel1.win32_1.0.0.202411081344/tools/bin/../lib/gcc/arm-none-eabi/13.3.1/../../../../arm-none-eabi/lib/thumb/v7e-m+fp/hard\libc_nano.a(libc_a-puts.o)
                              ./Core/Src/main.o (puts)
C:/ST/STM32CubeIDE_1.18.1/STM32CubeIDE/plugins/com.st.stm32cube.ide.mcu.externaltools.gnu-tools-for-stm32.13.3.rel1.win32_1.0.0.202411081344/tools/bin/../lib/gcc/arm-none-eabi/13.3.1/../../../../arm-none-eabi/lib/thumb/v7e-m+fp/hard\libc_nano.a(libc_a-stdio.o)
                              C:/ST/STM32CubeIDE_1.18.1/STM32CubeIDE/plugins/com.st.stm32cube.ide.mcu.externaltools.gnu-tools-for-stm32.13.3.rel1.win32_1.0.0.202411081344/tools/bin/../lib/gcc/arm-none-eabi/13.3.1/../../../../arm-none-eabi/lib/thumb/v7e-m+fp/hard\libc_nano.a(libc_a-findfp.o) (__sread)
C:/ST/STM32CubeIDE_1.18.1/STM32CubeIDE/plugins/com.st.stm32cube.ide.mcu.externaltools.gnu-tools-for-stm32.13.3.rel1.win32_1.0.0.202411081344/tools/bin/../lib/gcc/arm-none-eabi/13.3.1/../../../../arm-none-eabi/lib/thumb/v7e-m+fp/hard\libc_nano.a(libc_a-wbuf.o)
                              C:/ST/STM32CubeIDE_1.18.1/STM32CubeIDE/plugins/com.st.stm32cube.ide.mcu.externaltools.gnu-tools-for-stm32.13.3.rel1.win32_1.0.0.202411081344/tools/bin/../lib/gcc/arm-none-eabi/13.3.1/../../../../arm-none-eabi/lib/thumb/v7e-m+fp/hard\libc_nano.a(libc_a-puts.o) (__swbuf_r)
C:/ST/STM32CubeIDE_1.18.1/STM32CubeIDE/plugins/com.st.stm32cube.ide.mcu.externaltools.gnu-tools-for-stm32.13.3.rel1.win32_1.0.0.202411081344/tools/bin/../lib/gcc/arm-none-eabi/13.3.1/../../../../arm-none-eabi/lib/thumb/v7e-m+fp/hard\libc_nano.a(libc_a-wsetup.o)
                              C:/ST/STM32CubeIDE_1.18.1/STM32CubeIDE/plugins/com.st.stm32cube.ide.mcu.externaltools.gnu-tools-for-stm32.13.3.rel1.win32_1.0.0.202411081344/tools/bin/../lib/gcc/arm-none-eabi/13.3.1/../../../../arm-none-eabi/lib/thumb/v7e-m+fp/hard\libc_nano.a(libc_a-puts.o) (__swsetup_r)
C:/ST/STM32CubeIDE_1.18.1/STM32CubeIDE/plugins/com.st.stm32cube.ide.mcu.externaltools.gnu-tools-for-stm32.13.3.rel1.win32_1.0.0.202411081344/tools/bin/../lib/gcc/arm-none-eabi/13.3.1/../../../../arm-none-eabi/lib/thumb/v7e-m+fp/hard\libc_nano.a(libc_a-memset.o)
                              C:/ST/STM32CubeIDE_1.18.1/STM32CubeIDE/plugins/com.st.stm32cube.ide.mcu.externaltools.gnu-tools-for-stm32.13.3.rel1.win32_1.0.0.202411081344/tools/bin/../lib/gcc/arm-none-eabi/13.3.1/../../../../arm-none-eabi/lib/thumb/v7e-m+fp/hard/crt0.o (memset)
C:/ST/STM32CubeIDE_1.18.1/STM32CubeIDE/plugins/com.st.stm32cube.ide.mcu.externaltools.gnu-tools-for-stm32.13.3.rel1.win32_1.0.0.202411081344/tools/bin/../lib/gcc/arm-none-eabi/13.3.1/../../../../arm-none-eabi/lib/thumb/v7e-m+fp/hard\libc_nano.a(libc_a-closer.o)
[...]
Memory Configuration

Name             Origin             Length             Attributes
CCMRAM           0x10000000         0x00010000         xrw
RAM              0x20000000         0x00020000         xrw
FLASH            0x08000000         0x00100000         xr
*default*        0x00000000         0xffffffff

Linker script and memory map

LOAD C:/ST/STM32CubeIDE_1.18.1/STM32CubeIDE/plugins/com.st.stm32cube.ide.mcu.externaltools.gnu-tools-for-stm32.13.3.rel1.win32_1.0.0.202411081344/tools/bin/../lib/gcc/arm-none-eabi/13.3.1/thumb/v7e-m+fp/hard/crti.o
LOAD C:/ST/STM32CubeIDE_1.18.1/STM32CubeIDE/plugins/com.st.stm32cube.ide.mcu.externaltools.gnu-tools-for-stm32.13.3.rel1.win32_1.0.0.202411081344/tools/bin/../lib/gcc/arm-none-eabi/13.3.1/thumb/v7e-m+fp/hard/crtbegin.o
LOAD C:/ST/STM32CubeIDE_1.18.1/STM32CubeIDE/plugins/com.st.stm32cube.ide.mcu.externaltools.gnu-tools-for-stm32.13.3.rel1.win32_1.0.0.202411081344/tools/bin/../lib/gcc/arm-none-eabi/13.3.1/../../../../arm-none-eabi/lib/thumb/v7e-m+fp/hard/crt0.o
LOAD ./Core/Src/OV7670_control.o
LOAD ./Core/Src/USB_CDC.o
LOAD ./Core/Src/freertos.o
LOAD ./Core/Src/main.o
LOAD ./Core/Src/retarget.o
LOAD ./Core/Src/stm32f4xx_hal_msp.o
LOAD ./Core/Src/stm32f4xx_it.o
LOAD ./Core/Src/syscalls.o
LOAD ./Core/Src/sysmem.o
LOAD ./Core/Src/system_stm32f4xx.o
LOAD ./Core/Startup/startup_stm32f407vgtx.o
LOAD ./Drivers/STM32F4xx_HAL_Driver/stm32f4xx_hal.o
LOAD ./Drivers/STM32F4xx_HAL_Driver/stm32f4xx_hal_cortex.o
LOAD ./Drivers/STM32F4xx_HAL_Driver/stm32f4xx_hal_dcmi.o
LOAD ./Drivers/STM32F4xx_HAL_Driver/stm32f4xx_hal_dcmi_ex.o
LOAD ./Drivers/STM32F4xx_HAL_Driver/stm32f4xx_hal_dma.o
LOAD ./Drivers/STM32F4xx_HAL_Driver/stm32f4xx_hal_dma_ex.o
LOAD ./Drivers/STM32F4xx_HAL_Driver/stm32f4xx_hal_exti.o
LOAD ./Drivers/STM32F4xx_HAL_Driver/stm32f4xx_hal_flash.o
LOAD ./Drivers/STM32F4xx_HAL_Driver/stm32f4xx_hal_flash_ex.o
LOAD ./Drivers/STM32F4xx_HAL_Driver/stm32f4xx_hal_flash_ramfunc.o
LOAD ./Drivers/STM32F4xx_HAL_Driver/stm32f4xx_hal_gpio.o
LOAD ./Drivers/STM32F4xx_HAL_Driver/stm32f4xx_hal_i2c.o
LOAD ./Drivers/STM32F4xx_HAL_Driver/stm32f4xx_hal_i2c_ex.o
LOAD ./Drivers/STM32F4xx_HAL_Driver/stm32f4xx_hal_pcd.o
LOAD ./Drivers/STM32F4xx_HAL_Driver/stm32f4xx_hal_pcd_ex.o
LOAD ./Drivers/STM32F4xx_HAL_Driver/stm32f4xx_hal_pwr.o
LOAD ./Drivers/STM32F4xx_HAL_Driver/stm32f4xx_hal_pwr_ex.o
LOAD ./Drivers/STM32F4xx_HAL_Driver/stm32f4xx_hal_rcc.o
LOAD ./Drivers/STM32F4xx_HAL_Driver/stm32f4xx_hal_rcc_ex.o
LOAD ./Drivers/STM32F4xx_HAL_Driver/stm32f4xx_hal_uart.o
LOAD ./Drivers/STM32F4xx_HAL_Driver/stm32f4xx_ll_usb.o
LOAD ./Middlewares/FreeRTOS/cmsis_os.o
LOAD ./Middlewares/FreeRTOS/croutine.o
LOAD ./Middlewares/FreeRTOS/event_groups.o
LOAD ./Middlewares/FreeRTOS/heap_4.o
LOAD ./Middlewares/FreeRTOS/list.o
LOAD ./Middlewares/FreeRTOS/port.o
LOAD ./Middlewares/FreeRTOS/queue.o
LOAD ./Middlewares/FreeRTOS/stream_buffer.o
LOAD ./Middlewares/FreeRTOS/tasks.o
LOAD ./Middlewares/FreeRTOS/timers.o
LOAD ./Middlewares/USB_Device_Library/usbd_cdc.o
LOAD ./Middlewares/USB_Device_Library/usbd_core.o
LOAD ./Middlewares/USB_Device_Library/usbd_ctlreq.o
LOAD ./Middlewares/USB_Device_Library/usbd_ioreq.o
LOAD ./USB_DEVICE/App/usb_device.o
LOAD ./USB_DEVICE/App/usbd_cdc_if.o
LOAD ./USB_DEVICE/App/usbd_desc.o
LOAD ./USB_DEVICE/Target/usbd_conf.o
START GROUP
LOAD C:/ST/STM32CubeIDE_1.18.1/STM32CubeIDE/plugins/com.st.stm32cube.ide.mcu.externaltools.gnu-tools-for-stm32.13.3.rel1.win32_1.0.0.202411081344/tools/bin/../lib/gcc/arm-none-eabi/13.3.1/../../../../arm-none-eabi/lib/thumb/v7e-m+fp/hard\libstdc++_nano.a
LOAD C:/ST/STM32CubeIDE_1.18.1/STM32CubeIDE/plugins/com.st.stm32cube.ide.mcu.externaltools.gnu-tools-for-stm32.13.3.rel1.win32_1.0.0.202411081344/tools/bin/../lib/gcc/arm-none-eabi/13.3.1/../../../../arm-none-eabi/lib/thumb/v7e-m+fp/hard\libsupc++_nano.a
END GROUP
LOAD C:/ST/STM32CubeIDE_1.18.1/STM32CubeIDE/plugins/com.st.stm32cube.ide.mcu.externaltools.gnu-tools-for-stm32.13.3.rel1.win32_1.0.0.202411081344/tools/bin/../lib/gcc/arm-none-eabi/13.3.1/../../../../arm-none-eabi/lib/thumb/v7e-m+fp/hard\libstdc++_nano.a
LOAD C:/ST/STM32CubeIDE_1.18.1/STM32CubeIDE/plugins/com.st.stm32cube.ide.mcu.externaltools.gnu-tools-for-stm32.13.3.rel1.win32_1.0.0.202411081344/tools/bin/../lib/gcc/arm-none-eabi/13.3.1/../../../../arm-none-eabi/lib/thumb/v7e-m+fp/hard\libm.a
LOAD C:/ST/STM32CubeIDE_1.18.1/STM32CubeIDE/plugins/com.st.stm32cube.ide.mcu.externaltools.gnu-tools-for-stm32.13.3.rel1.win32_1.0.0.202411081344/tools/bin/../lib/gcc/arm-none-eabi/13.3.1/../../../../arm-none-eabi/lib/thumb/v7e-m+fp/hard\libc_nano.a
START GROUP
LOAD C:/ST/STM32CubeIDE_1.18.1/STM32CubeIDE/plugins/com.st.stm32cube.ide.mcu.externaltools.gnu-tools-for-stm32.13.3.rel1.win32_1.0.0.202411081344/tools/bin/../lib/gcc/arm-none-eabi/13.3.1/thumb/v7e-m+fp/hard\libgcc.a
LOAD C:/ST/STM32CubeIDE_1.18.1/STM32CubeIDE/plugins/com.st.stm32cube.ide.mcu.externaltools.gnu-tools-for-stm32.13.3.rel1.win32_1.0.0.202411081344/tools/bin/../lib/gcc/arm-none-eabi/13.3.1/../../../../arm-none-eabi/lib/thumb/v7e-m+fp/hard\libc_nano.a
END GROUP
START GROUP
LOAD C:/ST/STM32CubeIDE_1.18.1/STM32CubeIDE/plugins/com.st.stm32cube.ide.mcu.externaltools.gnu-tools-for-stm32.13.3.rel1.win32_1.0.0.202411081344/tools/bin/../lib/gcc/arm-none-eabi/13.3.1/thumb/v7e-m+fp/hard\libgcc.a
LOAD C:/ST/STM32CubeIDE_1.18.1/STM32CubeIDE/plugins/com.st.stm32cube.ide.mcu.externaltools.gnu-tools-for-stm32.13.3.rel1.win32_1.0.0.202411081344/tools/bin/../lib/gcc/arm-none-eabi/13.3.1/../../../../arm-none-eabi/lib/thumb/v7e-m+fp/hard\libc_nano.a
LOAD C:/ST/STM32CubeIDE_1.18.1/STM32CubeIDE/plugins/com.st.stm32cube.ide.mcu.externaltools.gnu-tools-for-stm32.13.3.rel1.win32_1.0.0.202411081344/tools/bin/../lib/gcc/arm-none-eabi/13.3.1/../../../../arm-none-eabi/lib/thumb/v7e-m+fp/hard\libnosys.a
END GROUP
START GROUP
LOAD C:/ST/STM32CubeIDE_1.18.1/STM32CubeIDE/plugins/com.st.stm32cube.ide.mcu.externaltools.gnu-tools-for-stm32.13.3.rel1.win32_1.0.0.202411081344/tools/bin/../lib/gcc/arm-none-eabi/13.3.1/thumb/v7e-m+fp/hard\libgcc.a
LOAD C:/ST/STM32CubeIDE_1.18.1/STM32CubeIDE/plugins/com.st.stm32cube.ide.mcu.externaltools.gnu-tools-for-stm32.13.3.rel1.win32_1.0.0.202411081344/tools/bin/../lib/gcc/arm-none-eabi/13.3.1/../../../../arm-none-eabi/lib/thumb/v7e-m+fp/hard\libc_nano.a
LOAD C:/ST/STM32CubeIDE_1.18.1/STM32CubeIDE/plugins/com.st.stm32cube.ide.mcu.externaltools.gnu-tools-for-stm32.13.3.rel1.win32_1.0.0.202411081344/tools/bin/../lib/gcc/arm-none-eabi/13.3.1/../../../../arm-none-eabi/lib/thumb/v7e-m+fp/hard\libnosys.a
END GROUP
LOAD C:/ST/STM32CubeIDE_1.18.1/STM32CubeIDE/plugins/com.st.stm32cube.ide.mcu.externaltools.gnu-tools-for-stm32.13.3.rel1.win32_1.0.0.202411081344/tools/bin/../lib/gcc/arm-none-eabi/13.3.1/thumb/v7e-m+fp/hard/crtend.o
LOAD C:/ST/STM32CubeIDE_1.18.1/STM32CubeIDE/plugins/com.st.stm32cube.ide.mcu.externaltools.gnu-tools-for-stm32.13.3.rel1.win32_1.0.0.202411081344/tools/bin/../lib/gcc/arm-none-eabi/13.3.1/thumb/v7e-m+fp/hard/crtn.o
                0x20020000                        _estack = (ORIGIN (RAM) + LENGTH (RAM))
                0x00000200                        _Min_Heap_Size = 0x200
                0x00000400                        _Min_Stack_Size = 0x400

.isr_vector     0x08000000      0x188
                0x08000000                        . = ALIGN (0x4)
 *(.isr_vector)
 .isr_vector    0x08000000      0x188 ./Core/Startup/startup_stm32f407vgtx.o
                0x08000000                g_pfnVectors
                0x08000188                        . = ALIGN (0x4)

.text           0x08000190     0xdc00
                0x08000190                        . = ALIGN (0x4)
 *(.text)
 .text          0x08000190       0x40 C:/ST/STM32CubeIDE_1.18.1/STM32CubeIDE/plugins/com.st.stm32cube.ide.mcu.externaltools.gnu-tools-for-stm32.13.3.rel1.win32_1.0.0.202411081344/tools/bin/../lib/gcc/arm-none-eabi/13.3.1/thumb/v7e-m+fp/hard/crtbegin.o
 .text          0x080001d0       0x10 C:/ST/STM32CubeIDE_1.18.1/STM32CubeIDE/plugins/com.st.stm32cube.ide.mcu.externaltools.gnu-tools-for-stm32.13.3.rel1.win32_1.0.0.202411081344/tools/bin/../lib/gcc/arm-none-eabi/13.3.1/../../../../arm-none-eabi/lib/thumb/v7e-m+fp/hard\libc_nano.a(libc_a-strlen.o)
                0x080001d0                strlen
 .text          0x080001e0       0xa0 C:/ST/STM32CubeIDE_1.18.1/STM32CubeIDE/plugins/com.st.stm32cube.ide.mcu.externaltools.gnu-tools-for-stm32.13.3.rel1.win32_1.0.0.202411081344/tools/bin/../lib/gcc/arm-none-eabi/13.3.1/../../../../arm-none-eabi/lib/thumb/v7e-m+fp/hard\libc_nano.a(libc_a-memchr.o)
                0x080001e0                memchr
 .text          0x08000280       0x30 C:/ST/STM32CubeIDE_1.18.1/STM32CubeIDE/plugins/com.st.stm32cube.ide.mcu.externaltools.gnu-tools-for-stm32.13.3.rel1.win32_1.0.0.202411081344/tools/bin/../lib/gcc/arm-none-eabi/13.3.1/thumb/v7e-m+fp/hard\libgcc.a(_aeabi_uldivmod.o)
                0x08000280                __aeabi_uldivmod
 .text          0x080002b0      0x2f8 C:/ST/STM32CubeIDE_1.18.1/STM32CubeIDE/plugins/com.st.stm32cube.ide.mcu.externaltools.gnu-tools-for-stm32.13.3.rel1.win32_1.0.0.202411081344/tools/bin/../lib/gcc/arm-none-eabi/13.3.1/thumb/v7e-m+fp/hard\libgcc.a(_udivmoddi4.o)
                0x080002b0                __udivmoddi4
 .text          0x080005a8        0x4 C:/ST/STM32CubeIDE_1.18.1/STM32CubeIDE/plugins/com.st.stm32cube.ide.mcu.externaltools.gnu-tools-for-stm32.13.3.rel1.win32_1.0.0.202411081344/tools/bin/../lib/gcc/arm-none-eabi/13.3.1/thumb/v7e-m+fp/hard\libgcc.a(_dvmd_tls.o)
                0x080005a8                __aeabi_idiv0
                0x080005a8                __aeabi_ldiv0
 *(.text*)
 .text.LL_I2C_IsActiveFlag_TXE
                0x080005ac       0x26 ./Core/Src/OV7670_control.o
 .text.LL_I2C_IsActiveFlag_BTF
                0x080005d2       0x26 ./Core/Src/OV7670_control.o
 .text.LL_I2C_IsActiveFlag_SB
                0x080005f8       0x26 ./Core/Src/OV7670_control.o
 .text.LL_I2C_IsActiveFlag_ADDR
                0x0800061e       0x26 ./Core/Src/OV7670_control.o
 .text.LL_I2C_GenerateStartCondition
                0x08000644       0x20 ./Core/Src/OV7670_control.o
 .text.LL_I2C_GenerateStopCondition
                0x08000664       0x20 ./Core/Src/OV7670_control.o
 .text.LL_I2C_TransmitData8
                0x08000684       0x28 ./Core/Src/OV7670_control.o
 .text.SCCB_write_reg
                0x080006ac      0x110 ./Core/Src/OV7670_control.o
                0x080006ac                SCCB_write_reg
 .text.OV7670_init
                0x080007bc      0x150 ./Core/Src/OV7670_control.o
                0x080007bc                OV7670_init
 .text.USBCommandTask
                0x0800090c       0x94 ./Core/Src/USB_CDC.o
                0x0800090c                USBCommandTask
 .text.vApplicationGetIdleTaskMemory
                0x080009a0       0x34 ./Core/Src/freertos.o
                0x080009a0                vApplicationGetIdleTaskMemory
 .text.FrameProcessingTask
                0x080009d4       0x50 ./Core/Src/main.o
                0x080009d4                FrameProcessingTask
 .text.main     0x08000a24      0x1d8 ./Core/Src/main.o
                0x08000a24                main
 .text.SystemClock_Config
                0x08000bfc       0xdc ./Core/Src/main.o
                0x08000bfc                SystemClock_Config
 .text.MX_DCMI_Init
                0x08000cd8       0x50 ./Core/Src/main.o
 .text.MX_I2C1_Init
                0x08000d28       0x5c ./Core/Src/main.o
 .text.MX_USART2_UART_Init
                0x08000d84       0x54 ./Core/Src/main.o
 .text.MX_DMA_Init
                0x08000dd8       0x40 ./Core/Src/main.o
 .text.MX_GPIO_Init
                0x08000e18       0xb8 ./Core/Src/main.o
 .text.HAL_DCMI_FrameEventCallback
                0x08000ed0       0x14 ./Core/Src/main.o
                0x08000ed0                HAL_DCMI_FrameEventCallback
 .text.StartDefaultTask
                0x08000ee4       0x38 ./Core/Src/main.o
                0x08000ee4                StartDefaultTask
 .text.Error_Handler
                0x08000f1c       0x18 ./Core/Src/main.o
                0x08000f1c                Error_Handler
 .text.__io_putchar
                0x08000f34       0x24 ./Core/Src/retarget.o
                0x08000f34                __io_putchar
 .text.HAL_MspInit
                0x08000f58       0x58 ./Core/Src/stm32f4xx_hal_msp.o
                0x08000f58                HAL_MspInit
 .text.HAL_DCMI_MspInit
                0x08000fb0      0x1cc ./Core/Src/stm32f4xx_hal_msp.o
                0x08000fb0                HAL_DCMI_MspInit
 .text.HAL_I2C_MspInit
                0x0800117c       0x90 ./Core/Src/stm32f4xx_hal_msp.o
                0x0800117c                HAL_I2C_MspInit
 .text.HAL_UART_MspInit
                0x0800120c       0x90 ./Core/Src/stm32f4xx_hal_msp.o
                0x0800120c                HAL_UART_MspInit
 .text.NMI_Handler
                0x0800129c        0x8 ./Core/Src/stm32f4xx_it.o
                0x0800129c                NMI_Handler
 .text.HardFault_Handler
                0x080012a4        0x8 ./Core/Src/stm32f4xx_it.o
                0x080012a4                HardFault_Handler
 .text.MemManage_Handler
                0x080012ac        0x8 ./Core/Src/stm32f4xx_it.o
                0x080012ac                MemManage_Handler
 .text.BusFault_Handler
                0x080012b4        0x8 ./Core/Src/stm32f4xx_it.o
                0x080012b4                BusFault_Handler
 .text.UsageFault_Handler
                0x080012bc        0x8 ./Core/Src/stm32f4xx_it.o
                0x080012bc                UsageFault_Handler
 .text.DebugMon_Handler
                0x080012c4        0xe ./Core/Src/stm32f4xx_it.o
                0x080012c4                DebugMon_Handler
 .text.SysTick_Handler
                0x080012d2       0x1a ./Core/Src/stm32f4xx_it.o
                0x080012d2                SysTick_Handler
 .text.DMA2_Stream1_IRQHandler
                0x080012ec       0x14 ./Core/Src/stm32f4xx_it.o
                0x080012ec                DMA2_Stream1_IRQHandler
 .text.OTG_FS_IRQHandler
                0x08001300       0x14 ./Core/Src/stm32f4xx_it.o
                0x08001300                OTG_FS_IRQHandler
 .text.DCMI_IRQHandler
                0x08001314       0x14 ./Core/Src/stm32f4xx_it.o
                0x08001314                DCMI_IRQHandler
 .text._read    0x08001328       0x3a ./Core/Src/syscalls.o
                0x08001328                _read
 .text._write   0x08001362       0x38 ./Core/Src/syscalls.o
                0x08001362                _write
 .text._close   0x0800139a       0x18 ./Core/Src/syscalls.o
                0x0800139a                _close
 .text._fstat   0x080013b2       0x20 ./Core/Src/syscalls.o
                0x080013b2                _fstat
 .text._isatty  0x080013d2       0x16 ./Core/Src/syscalls.o
                0x080013d2                _isatty
 .text._lseek   0x080013e8       0x1a ./Core/Src/syscalls.o
                0x080013e8                _lseek
 *fill*         0x08001402        0x2 
 .text._sbrk    0x08001404       0x6c ./Core/Src/sysmem.o
                0x08001404                _sbrk
 .text.SystemInit
                0x08001470       0x24 ./Core/Src/system_stm32f4xx.o
                0x08001470                SystemInit
 .text.Reset_Handler
                0x08001494       0x50 ./Core/Startup/startup_stm32f407vgtx.o
                0x08001494                Reset_Handler
 .text.Default_Handler
                0x080014e4        0x2 ./Core/Startup/startup_stm32f407vgtx.o
                0x080014e4                RTC_Alarm_IRQHandler
                0x080014e4                HASH_RNG_IRQHandler
                0x080014e4                EXTI2_IRQHandler
                0x080014e4                TIM8_CC_IRQHandler
                0x080014e4                TIM1_CC_IRQHandler
                0x080014e4                DMA2_Stream5_IRQHandler
                0x080014e4                DMA1_Stream5_IRQHandler
                0x080014e4                PVD_IRQHandler
                0x080014e4                SDIO_IRQHandler
                0x080014e4                TAMP_STAMP_IRQHandler
                0x080014e4                CAN2_RX1_IRQHandler
                0x080014e4                EXTI3_IRQHandler
                0x080014e4                TIM8_TRG_COM_TIM14_IRQHandler
                0x080014e4                TIM1_UP_TIM10_IRQHandler
                0x080014e4                TIM8_UP_TIM13_IRQHandler
                0x080014e4                I2C3_ER_IRQHandler
                0x080014e4                EXTI0_IRQHandler
                0x080014e4                I2C2_EV_IRQHandler
                0x080014e4                DMA1_Stream2_IRQHandler
                0x080014e4                CAN1_RX0_IRQHandler
                0x080014e4                FPU_IRQHandler
                0x080014e4                OTG_HS_WKUP_IRQHandler
                0x080014e4                CAN2_SCE_IRQHandler
                0x080014e4                DMA2_Stream2_IRQHandler
                0x080014e4                SPI1_IRQHandler
                0x080014e4                TIM6_DAC_IRQHandler
                0x080014e4                TIM1_BRK_TIM9_IRQHandler
                0x080014e4                CAN2_RX0_IRQHandler
                0x080014e4                DMA2_Stream3_IRQHandler
                0x080014e4                USART6_IRQHandler
                0x080014e4                USART3_IRQHandler
                0x080014e4                CAN1_RX1_IRQHandler
                0x080014e4                UART5_IRQHandler
                0x080014e4                DMA2_Stream0_IRQHandler
                0x080014e4                TIM4_IRQHandler
                0x080014e4                I2C1_EV_IRQHandler
                0x080014e4                DMA1_Stream6_IRQHandler
                0x080014e4                DMA1_Stream1_IRQHandler
                0x080014e4                UART4_IRQHandler
                0x080014e4                TIM3_IRQHandler
                0x080014e4                RCC_IRQHandler
                0x080014e4                TIM8_BRK_TIM12_IRQHandler
                0x080014e4                Default_Handler
                0x080014e4                EXTI15_10_IRQHandler
                0x080014e4                ADC_IRQHandler
                0x080014e4                DMA1_Stream7_IRQHandler
                0x080014e4                TIM7_IRQHandler
                0x080014e4                CAN2_TX_IRQHandler
                0x080014e4                TIM5_IRQHandler
                0x080014e4                DMA2_Stream7_IRQHandler
                0x080014e4                I2C3_EV_IRQHandler
                0x080014e4                EXTI9_5_IRQHandler
                0x080014e4                RTC_WKUP_IRQHandler
                0x080014e4                ETH_WKUP_IRQHandler
                0x080014e4                SPI2_IRQHandler
                0x080014e4                OTG_HS_EP1_IN_IRQHandler
                0x080014e4                DMA1_Stream0_IRQHandler
                0x080014e4                CAN1_TX_IRQHandler
                0x080014e4                EXTI4_IRQHandler
                0x080014e4                FSMC_IRQHandler
                0x080014e4                ETH_IRQHandler
                0x080014e4                OTG_HS_EP1_OUT_IRQHandler
                0x080014e4                WWDG_IRQHandler
                0x080014e4                TIM2_IRQHandler
                0x080014e4                OTG_FS_WKUP_IRQHandler
                0x080014e4                TIM1_TRG_COM_TIM11_IRQHandler
                0x080014e4                OTG_HS_IRQHandler
                0x080014e4                EXTI1_IRQHandler
                0x080014e4                USART2_IRQHandler
                0x080014e4                I2C2_ER_IRQHandler
                0x080014e4                CAN1_SCE_IRQHandler
                0x080014e4                FLASH_IRQHandler
                0x080014e4                DMA2_Stream4_IRQHandler
                0x080014e4                USART1_IRQHandler
                0x080014e4                SPI3_IRQHandler
                0x080014e4                DMA1_Stream4_IRQHandler
                0x080014e4                I2C1_ER_IRQHandler
                0x080014e4                DMA2_Stream6_IRQHandler
                0x080014e4                DMA1_Stream3_IRQHandler
 *fill*         0x080014e6        0x2 
 .text.HAL_Init
                0x080014e8       0x44 ./Drivers/STM32F4xx_HAL_Driver/stm32f4xx_hal.o
                0x080014e8                HAL_Init
 .text.HAL_InitTick
                0x0800152c       0x60 ./Drivers/STM32F4xx_HAL_Driver/stm32f4xx_hal.o
                0x0800152c                HAL_InitTick
 .text.HAL_IncTick
                0x0800158c       0x28 ./Drivers/STM32F4xx_HAL_Driver/stm32f4xx_hal.o
                0x0800158c                HAL_IncTick
 .text.HAL_GetTick
                0x080015b4       0x18 ./Drivers/STM32F4xx_HAL_Driver/stm32f4xx_hal.o
                0x080015b4                HAL_GetTick
 .text.HAL_Delay
                0x080015cc       0x48 ./Drivers/STM32F4xx_HAL_Driver/stm32f4xx_hal.o
                0x080015cc                HAL_Delay
 .text.__NVIC_SetPriorityGrouping
                0x08001614       0x48 ./Drivers/STM32F4xx_HAL_Driver/stm32f4xx_hal_cortex.o
 .text.__NVIC_GetPriorityGrouping
                0x0800165c       0x1c ./Drivers/STM32F4xx_HAL_Driver/stm32f4xx_hal_cortex.o
 .text.__NVIC_EnableIRQ
                0x08001678       0x3c ./Drivers/STM32F4xx_HAL_Driver/stm32f4xx_hal_cortex.o
 .text.__NVIC_SetPriority
                0x080016b4       0x54 ./Drivers/STM32F4xx_HAL_Driver/stm32f4xx_hal_cortex.o
 .text.NVIC_EncodePriority
                0x08001708       0x66 ./Drivers/STM32F4xx_HAL_Driver/stm32f4xx_hal_cortex.o
 *fill*         0x0800176e        0x2 
 .text.SysTick_Config
                0x08001770       0x44 ./Drivers/STM32F4xx_HAL_Driver/stm32f4xx_hal_cortex.o
 .text.HAL_NVIC_SetPriorityGrouping
                0x080017b4       0x16 ./Drivers/STM32F4xx_HAL_Driver/stm32f4xx_hal_cortex.o
                0x080017b4                HAL_NVIC_SetPriorityGrouping
 .text.HAL_NVIC_SetPriority
                0x080017ca       0x38 ./Drivers/STM32F4xx_HAL_Driver/stm32f4xx_hal_cortex.o
                0x080017ca                HAL_NVIC_SetPriority
 .text.HAL_NVIC_EnableIRQ
                0x08001802       0x1c ./Drivers/STM32F4xx_HAL_Driver/stm32f4xx_hal_cortex.o
                0x08001802                HAL_NVIC_EnableIRQ
 .text.HAL_SYSTICK_Config
                0x0800181e       0x18 ./Drivers/STM32F4xx_HAL_Driver/stm32f4xx_hal_cortex.o
                0x0800181e                HAL_SYSTICK_Config
 *fill*         0x08001836        0x2 
 .text.HAL_DCMI_Start_DMA
                0x08001838      0x148 ./Drivers/STM32F4xx_HAL_Driver/stm32f4xx_hal_dcmi.o
                0x08001838                HAL_DCMI_Start_DMA
 .text.HAL_DCMI_IRQHandler
                0x08001980      0x11c ./Drivers/STM32F4xx_HAL_Driver/stm32f4xx_hal_dcmi.o
                0x08001980                HAL_DCMI_IRQHandler
 .text.HAL_DCMI_ErrorCallback
                0x08001a9c       0x14 ./Drivers/STM32F4xx_HAL_Driver/stm32f4xx_hal_dcmi.o
                0x08001a9c                HAL_DCMI_ErrorCallback
 .text.HAL_DCMI_LineEventCallback
                0x08001ab0       0x14 ./Drivers/STM32F4xx_HAL_Driver/stm32f4xx_hal_dcmi.o
                0x08001ab0                HAL_DCMI_LineEventCallback
 .text.HAL_DCMI_VsyncEventCallback
                0x08001ac4       0x14 ./Drivers/STM32F4xx_HAL_Driver/stm32f4xx_hal_dcmi.o
                0x08001ac4                HAL_DCMI_VsyncEventCallback
 .text.DCMI_DMAXferCplt
                0x08001ad8      0x12a ./Drivers/STM32F4xx_HAL_Driver/stm32f4xx_hal_dcmi.o
 .text.DCMI_DMAError
                0x08001c02       0x2e ./Drivers/STM32F4xx_HAL_Driver/stm32f4xx_hal_dcmi.o
 .text.HAL_DCMI_Init
                0x08001c30       0xda ./Drivers/STM32F4xx_HAL_Driver/stm32f4xx_hal_dcmi_ex.o
                0x08001c30                HAL_DCMI_Init
 *fill*         0x08001d0a        0x2 
 .text.HAL_DMA_Init
                0x08001d0c      0x15c ./Drivers/STM32F4xx_HAL_Driver/stm32f4xx_hal_dma.o
                0x08001d0c                HAL_DMA_Init
 .text.HAL_DMA_Start_IT
                0x08001e68       0xb0 ./Drivers/STM32F4xx_HAL_Driver/stm32f4xx_hal_dma.o
                0x08001e68                HAL_DMA_Start_IT
 .text.HAL_DMA_Abort_IT
                0x08001f18       0x44 ./Drivers/STM32F4xx_HAL_Driver/stm32f4xx_hal_dma.o
                0x08001f18                HAL_DMA_Abort_IT
 .text.HAL_DMA_IRQHandler
                0x08001f5c      0x314 ./Drivers/STM32F4xx_HAL_Driver/stm32f4xx_hal_dma.o
                0x08001f5c                HAL_DMA_IRQHandler
 .text.DMA_SetConfig
                0x08002270       0x5c ./Drivers/STM32F4xx_HAL_Driver/stm32f4xx_hal_dma.o
 .text.DMA_CalcBaseAndBitshift
                0x080022cc       0x6c ./Drivers/STM32F4xx_HAL_Driver/stm32f4xx_hal_dma.o
 .text.DMA_CheckFifoParam
                0x08002338       0xf8 ./Drivers/STM32F4xx_HAL_Driver/stm32f4xx_hal_dma.o
 .text.HAL_DMAEx_MultiBufferStart_IT
                0x08002430     0x1290 ./Drivers/STM32F4xx_HAL_Driver/stm32f4xx_hal_dma_ex.o
                0x08002430                HAL_DMAEx_MultiBufferStart_IT
 .text.HAL_DMAEx_ChangeMemory
                0x080036c0       0x34 ./Drivers/STM32F4xx_HAL_Driver/stm32f4xx_hal_dma_ex.o
                0x080036c0                HAL_DMAEx_ChangeMemory
 .text.DMA_MultiBufferSetConfig
                0x080036f4       0x4c ./Drivers/STM32F4xx_HAL_Driver/stm32f4xx_hal_dma_ex.o
 .text.HAL_GPIO_Init
                0x08003740      0x338 ./Drivers/STM32F4xx_HAL_Driver/stm32f4xx_hal_gpio.o
                0x08003740                HAL_GPIO_Init
 .text.HAL_I2C_Init
                0x08003a78      0x288 ./Drivers/STM32F4xx_HAL_Driver/stm32f4xx_hal_i2c.o
                0x08003a78                HAL_I2C_Init
 .text.HAL_I2C_IsDeviceReady
                0x08003d00      0x25c ./Drivers/STM32F4xx_HAL_Driver/stm32f4xx_hal_i2c.o
                0x08003d00                HAL_I2C_IsDeviceReady
 .text.I2C_WaitOnFlagUntilTimeout
                0x08003f5c       0xf4 ./Drivers/STM32F4xx_HAL_Driver/stm32f4xx_hal_i2c.o
 .text.HAL_PCD_Init
                0x08004050      0x21e ./Drivers/STM32F4xx_HAL_Driver/stm32f4xx_hal_pcd.o
                0x08004050                HAL_PCD_Init
 .text.HAL_PCD_Start
                0x0800426e       0x6a ./Drivers/STM32F4xx_HAL_Driver/stm32f4xx_hal_pcd.o
                0x0800426e                HAL_PCD_Start
 .text.HAL_PCD_IRQHandler
                0x080042d8      0x942 ./Drivers/STM32F4xx_HAL_Driver/stm32f4xx_hal_pcd.o
                0x080042d8                HAL_PCD_IRQHandler
 .text.HAL_PCD_SetAddress
                0x08004c1a       0x48 ./Drivers/STM32F4xx_HAL_Driver/stm32f4xx_hal_pcd.o
                0x08004c1a                HAL_PCD_SetAddress
 .text.HAL_PCD_EP_Open
                0x08004c62       0xd4 ./Drivers/STM32F4xx_HAL_Driver/stm32f4xx_hal_pcd.o
                0x08004c62                HAL_PCD_EP_Open
 .text.HAL_PCD_EP_Close
                0x08004d36       0x94 ./Drivers/STM32F4xx_HAL_Driver/stm32f4xx_hal_pcd.o
                0x08004d36                HAL_PCD_EP_Close
 .text.HAL_PCD_EP_Receive
                0x08004dca       0x76 ./Drivers/STM32F4xx_HAL_Driver/stm32f4xx_hal_pcd.o
                0x08004dca                HAL_PCD_EP_Receive
 .text.HAL_PCD_EP_GetRxCount
                0x08004e40       0x30 ./Drivers/STM32F4xx_HAL_Driver/stm32f4xx_hal_pcd.o
                0x08004e40                HAL_PCD_EP_GetRxCount
 .text.HAL_PCD_EP_Transmit
                0x08004e70       0x74 ./Drivers/STM32F4xx_HAL_Driver/stm32f4xx_hal_pcd.o
                0x08004e70                HAL_PCD_EP_Transmit
 .text.HAL_PCD_EP_SetStall
                0x08004ee4       0xc6 ./Drivers/STM32F4xx_HAL_Driver/stm32f4xx_hal_pcd.o
                0x08004ee4                HAL_PCD_EP_SetStall
 .text.HAL_PCD_EP_ClrStall
                0x08004faa       0xac ./Drivers/STM32F4xx_HAL_Driver/stm32f4xx_hal_pcd.o
                0x08004faa                HAL_PCD_EP_ClrStall
 .text.HAL_PCD_EP_Abort
                0x08005056       0x62 ./Drivers/STM32F4xx_HAL_Driver/stm32f4xx_hal_pcd.o
                0x08005056                HAL_PCD_EP_Abort
 .text.PCD_WriteEmptyTxFifo
                0x080050b8      0x118 ./Drivers/STM32F4xx_HAL_Driver/stm32f4xx_hal_pcd.o
 .text.PCD_EP_OutXfrComplete_int
                0x080051d0      0x1d0 ./Drivers/STM32F4xx_HAL_Driver/stm32f4xx_hal_pcd.o
 .text.PCD_EP_OutSetupPacket_int
                0x080053a0       0x8c ./Drivers/STM32F4xx_HAL_Driver/stm32f4xx_hal_pcd.o
 .text.HAL_PCDEx_SetTxFiFo
                0x0800542c       0x8e ./Drivers/STM32F4xx_HAL_Driver/stm32f4xx_hal_pcd_ex.o
                0x0800542c                HAL_PCDEx_SetTxFiFo
 .text.HAL_PCDEx_SetRxFiFo
                0x080054ba       0x22 ./Drivers/STM32F4xx_HAL_Driver/stm32f4xx_hal_pcd_ex.o
                0x080054ba                HAL_PCDEx_SetRxFiFo
 .text.HAL_PCDEx_LPM_Callback
                0x080054dc       0x18 ./Drivers/STM32F4xx_HAL_Driver/stm32f4xx_hal_pcd_ex.o
                0x080054dc                HAL_PCDEx_LPM_Callback
 .text.HAL_RCC_OscConfig
                0x080054f4      0x4f0 ./Drivers/STM32F4xx_HAL_Driver/stm32f4xx_hal_rcc.o
                0x080054f4                HAL_RCC_OscConfig
 .text.HAL_RCC_ClockConfig
                0x080059e4      0x1cc ./Drivers/STM32F4xx_HAL_Driver/stm32f4xx_hal_rcc.o
                0x080059e4                HAL_RCC_ClockConfig
 .text.HAL_RCC_MCOConfig
                0x08005bb0       0xd0 ./Drivers/STM32F4xx_HAL_Driver/stm32f4xx_hal_rcc.o
                0x08005bb0                HAL_RCC_MCOConfig
 .text.HAL_RCC_GetSysClockFreq
                0x08005c80      0x18c ./Drivers/STM32F4xx_HAL_Driver/stm32f4xx_hal_rcc.o
                0x08005c80                HAL_RCC_GetSysClockFreq
 .text.HAL_RCC_GetHCLKFreq
                0x08005e0c       0x18 ./Drivers/STM32F4xx_HAL_Driver/stm32f4xx_hal_rcc.o
                0x08005e0c                HAL_RCC_GetHCLKFreq
 .text.HAL_RCC_GetPCLK1Freq
                0x08005e24       0x28 ./Drivers/STM32F4xx_HAL_Driver/stm32f4xx_hal_rcc.o
                0x08005e24                HAL_RCC_GetPCLK1Freq
 .text.HAL_RCC_GetPCLK2Freq
                0x08005e4c       0x28 ./Drivers/STM32F4xx_HAL_Driver/stm32f4xx_hal_rcc.o
                0x08005e4c                HAL_RCC_GetPCLK2Freq
 .text.HAL_UART_Init
                0x08005e74       0xa0 ./Drivers/STM32F4xx_HAL_Driver/stm32f4xx_hal_uart.o
                0x08005e74                HAL_UART_Init
 .text.HAL_UART_Transmit
                0x08005f14      0x116 ./Drivers/STM32F4xx_HAL_Driver/stm32f4xx_hal_uart.o
                0x08005f14                HAL_UART_Transmit
 .text.UART_WaitOnFlagUntilTimeout
                0x0800602a       0xb2 ./Drivers/STM32F4xx_HAL_Driver/stm32f4xx_hal_uart.o
 .text.UART_EndRxTransfer
                0x080060dc       0xc6 ./Drivers/STM32F4xx_HAL_Driver/stm32f4xx_hal_uart.o
 *fill*         0x080061a2        0x2 
 .text.UART_SetConfig
                0x080061a4      0x4e8 ./Drivers/STM32F4xx_HAL_Driver/stm32f4xx_hal_uart.o
 .text.USB_CoreInit
                0x0800668c       0xc8 ./Drivers/STM32F4xx_HAL_Driver/stm32f4xx_ll_usb.o
                0x0800668c                USB_CoreInit
 .text.USB_SetTurnaroundTime
                0x08006754      0x144 ./Drivers/STM32F4xx_HAL_Driver/stm32f4xx_ll_usb.o
                0x08006754                USB_SetTurnaroundTime
 .text.USB_EnableGlobalInt
                0x08006898       0x22 ./Drivers/STM32F4xx_HAL_Driver/stm32f4xx_ll_usb.o
                0x08006898                USB_EnableGlobalInt
 .text.USB_DisableGlobalInt
                0x080068ba       0x22 ./Drivers/STM32F4xx_HAL_Driver/stm32f4xx_ll_usb.o
                0x080068ba                USB_DisableGlobalInt
 .text.USB_SetCurrentMode
                0x080068dc       0x98 ./Drivers/STM32F4xx_HAL_Driver/stm32f4xx_ll_usb.o
                0x080068dc                USB_SetCurrentMode
 .text.USB_DevInit
                0x08006974      0x2c8 ./Drivers/STM32F4xx_HAL_Driver/stm32f4xx_ll_usb.o
                0x08006974                USB_DevInit
 .text.USB_FlushTxFifo
                0x08006c3c       0x64 ./Drivers/STM32F4xx_HAL_Driver/stm32f4xx_ll_usb.o
                0x08006c3c                USB_FlushTxFifo
 .text.USB_FlushRxFifo
                0x08006ca0       0x5c ./Drivers/STM32F4xx_HAL_Driver/stm32f4xx_ll_usb.o
                0x08006ca0                USB_FlushRxFifo
 .text.USB_SetDevSpeed
                0x08006cfc       0x32 ./Drivers/STM32F4xx_HAL_Driver/stm32f4xx_ll_usb.o
                0x08006cfc                USB_SetDevSpeed
 .text.USB_GetDevSpeed
                0x08006d2e       0x4a ./Drivers/STM32F4xx_HAL_Driver/stm32f4xx_ll_usb.o
                0x08006d2e                USB_GetDevSpeed
 .text.USB_ActivateEndpoint
                0x08006d78      0x10e ./Drivers/STM32F4xx_HAL_Driver/stm32f4xx_ll_usb.o
                0x08006d78                USB_ActivateEndpoint
 *fill*         0x08006e86        0x2 
 .text.USB_DeactivateEndpoint
                0x08006e88      0x1b8 ./Drivers/STM32F4xx_HAL_Driver/stm32f4xx_ll_usb.o
                0x08006e88                USB_DeactivateEndpoint
 .text.USB_EPStartXfer
                0x08007040      0x53c ./Drivers/STM32F4xx_HAL_Driver/stm32f4xx_ll_usb.o
                0x08007040                USB_EPStartXfer
 .text.USB_EPStopXfer
                0x0800757c      0x154 ./Drivers/STM32F4xx_HAL_Driver/stm32f4xx_ll_usb.o
                0x0800757c                USB_EPStopXfer
 .text.USB_WritePacket
                0x080076d0       0x7c ./Drivers/STM32F4xx_HAL_Driver/stm32f4xx_ll_usb.o
                0x080076d0                USB_WritePacket
 .text.USB_ReadPacket
                0x0800774c       0xb0 ./Drivers/STM32F4xx_HAL_Driver/stm32f4xx_ll_usb.o
                0x0800774c                USB_ReadPacket
 .text.USB_EPSetStall
                0x080077fc       0xdc ./Drivers/STM32F4xx_HAL_Driver/stm32f4xx_ll_usb.o
                0x080077fc                USB_EPSetStall
 .text.USB_EPClearStall
                0x080078d8       0xcc ./Drivers/STM32F4xx_HAL_Driver/stm32f4xx_ll_usb.o
                0x080078d8                USB_EPClearStall
 .text.USB_SetDevAddress
                0x080079a4       0x4c ./Drivers/STM32F4xx_HAL_Driver/stm32f4xx_ll_usb.o
                0x080079a4                USB_SetDevAddress
 .text.USB_DevConnect
                0x080079f0       0x42 ./Drivers/STM32F4xx_HAL_Driver/stm32f4xx_ll_usb.o
                0x080079f0                USB_DevConnect
 .text.USB_DevDisconnect
                0x08007a32       0x42 ./Drivers/STM32F4xx_HAL_Driver/stm32f4xx_ll_usb.o
                0x08007a32                USB_DevDisconnect
 .text.USB_ReadInterrupts
                0x08007a74       0x26 ./Drivers/STM32F4xx_HAL_Driver/stm32f4xx_ll_usb.o
                0x08007a74                USB_ReadInterrupts
 .text.USB_ReadDevAllOutEpInterrupt
                0x08007a9a       0x34 ./Drivers/STM32F4xx_HAL_Driver/stm32f4xx_ll_usb.o
                0x08007a9a                USB_ReadDevAllOutEpInterrupt
 .text.USB_ReadDevAllInEpInterrupt
                0x08007ace       0x34 ./Drivers/STM32F4xx_HAL_Driver/stm32f4xx_ll_usb.o
                0x08007ace                USB_ReadDevAllInEpInterrupt
 .text.USB_ReadDevOutEPInterrupt
                0x08007b02       0x3c ./Drivers/STM32F4xx_HAL_Driver/stm32f4xx_ll_usb.o
                0x08007b02                USB_ReadDevOutEPInterrupt
 .text.USB_ReadDevInEPInterrupt
                0x08007b3e       0x5c ./Drivers/STM32F4xx_HAL_Driver/stm32f4xx_ll_usb.o
                0x08007b3e                USB_ReadDevInEPInterrupt
 .text.USB_GetMode
                0x08007b9a       0x1c ./Drivers/STM32F4xx_HAL_Driver/stm32f4xx_ll_usb.o
                0x08007b9a                USB_GetMode
 .text.USB_ActivateSetup
                0x08007bb6       0x46 ./Drivers/STM32F4xx_HAL_Driver/stm32f4xx_ll_usb.o
                0x08007bb6                USB_ActivateSetup
 .text.USB_EP0_OutStart
                0x08007bfc       0xbc ./Drivers/STM32F4xx_HAL_Driver/stm32f4xx_ll_usb.o
                0x08007bfc                USB_EP0_OutStart
 .text.USB_CoreReset
                0x08007cb8       0x70 ./Drivers/STM32F4xx_HAL_Driver/stm32f4xx_ll_usb.o
 .text.makeFreeRtosPriority
                0x08007d28       0x30 ./Middlewares/FreeRTOS/cmsis_os.o
 .text.osKernelStart
                0x08007d58        0xe ./Middlewares/FreeRTOS/cmsis_os.o
                0x08007d58                osKernelStart
 .text.osThreadCreate
                0x08007d66       0x98 ./Middlewares/FreeRTOS/cmsis_os.o
                0x08007d66                osThreadCreate
 .text.osDelay  0x08007dfe       0x28 ./Middlewares/FreeRTOS/cmsis_os.o
                0x08007dfe                osDelay
 .text.xEventGroupCreate
                0x08007e26       0x34 ./Middlewares/FreeRTOS/event_groups.o
                0x08007e26                xEventGroupCreate
 .text.xEventGroupClearBits
                0x08007e5a       0x72 ./Middlewares/FreeRTOS/event_groups.o
                0x08007e5a                xEventGroupClearBits
 .text.xEventGroupSetBits
                0x08007ecc      0x118 ./Middlewares/FreeRTOS/event_groups.o
                0x08007ecc                xEventGroupSetBits
 .text.pvPortMalloc
                0x08007fe4      0x19c ./Middlewares/FreeRTOS/heap_4.o
                0x08007fe4                pvPortMalloc
 .text.vPortFree
                0x08008180       0xc8 ./Middlewares/FreeRTOS/heap_4.o
                0x08008180                vPortFree
 .text.prvHeapInit
                0x08008248       0xc4 ./Middlewares/FreeRTOS/heap_4.o
 .text.prvInsertBlockIntoFreeList
                0x0800830c       0xb4 ./Middlewares/FreeRTOS/heap_4.o
 .text.vListInitialise
                0x080083c0       0x40 ./Middlewares/FreeRTOS/list.o
                0x080083c0                vListInitialise
 .text.vListInitialiseItem
                0x08008400       0x1a ./Middlewares/FreeRTOS/list.o
                0x08008400                vListInitialiseItem
 .text.vListInsertEnd
                0x0800841a       0x48 ./Middlewares/FreeRTOS/list.o
                0x0800841a                vListInsertEnd
 .text.vListInsert
                0x08008462       0x72 ./Middlewares/FreeRTOS/list.o
                0x08008462                vListInsert
 .text.uxListRemove
                0x080084d4       0x54 ./Middlewares/FreeRTOS/list.o
                0x080084d4                uxListRemove
 .text.pxPortInitialiseStack
                0x08008528       0x68 ./Middlewares/FreeRTOS/port.o
                0x08008528                pxPortInitialiseStack
 .text.prvTaskExitError
                0x08008590       0x5c ./Middlewares/FreeRTOS/port.o
 *fill*         0x080085ec        0x4 
 .text.SVC_Handler
                0x080085f0       0x28 ./Middlewares/FreeRTOS/port.o
                0x080085f0                SVC_Handler
 .text.prvPortStartFirstTask
                0x08008618       0x28 ./Middlewares/FreeRTOS/port.o
 .text.xPortStartScheduler
                0x08008640      0x148 ./Middlewares/FreeRTOS/port.o
                0x08008640                xPortStartScheduler
 .text.vPortEnterCritical
                0x08008788       0x64 ./Middlewares/FreeRTOS/port.o
                0x08008788                vPortEnterCritical
 .text.vPortExitCritical
                0x080087ec       0x54 ./Middlewares/FreeRTOS/port.o
                0x080087ec                vPortExitCritical
 .text.PendSV_Handler
                0x08008840       0x68 ./Middlewares/FreeRTOS/port.o
                0x08008840                PendSV_Handler
 .text.xPortSysTickHandler
                0x080088a8       0x44 ./Middlewares/FreeRTOS/port.o
                0x080088a8                xPortSysTickHandler
 .text.vPortSetupTimerInterrupt
                0x080088ec       0x48 ./Middlewares/FreeRTOS/port.o
                0x080088ec                vPortSetupTimerInterrupt
 .text.vPortEnableVFP
                0x08008934       0x14 ./Middlewares/FreeRTOS/port.o
 .text.xQueueGenericReset
                0x08008948       0xd4 ./Middlewares/FreeRTOS/queue.o
                0x08008948                xQueueGenericReset
 .text.xQueueGenericCreate
                0x08008a1c       0x76 ./Middlewares/FreeRTOS/queue.o
                0x08008a1c                xQueueGenericCreate
 .text.prvInitialiseNewQueue
                0x08008a92       0x3e ./Middlewares/FreeRTOS/queue.o
 .text.prvInitialiseMutex
                0x08008ad0       0x34 ./Middlewares/FreeRTOS/queue.o
 .text.xQueueCreateMutex
                0x08008b04       0x30 ./Middlewares/FreeRTOS/queue.o
                0x08008b04                xQueueCreateMutex
 .text.xQueueGenericSend
                0x08008b34      0x204 ./Middlewares/FreeRTOS/queue.o
                0x08008b34                xQueueGenericSend
 .text.xQueueReceive
                0x08008d38      0x1c4 ./Middlewares/FreeRTOS/queue.o
                0x08008d38                xQueueReceive
 .text.xQueueSemaphoreTake
                0x08008efc      0x220 ./Middlewares/FreeRTOS/queue.o
                0x08008efc                xQueueSemaphoreTake
 .text.prvGetDisinheritPriorityAfterTimeout
                0x0800911c       0x30 ./Middlewares/FreeRTOS/queue.o
 .text.prvCopyDataToQueue
                0x0800914c       0xd4 ./Middlewares/FreeRTOS/queue.o
 .text.prvCopyDataFromQueue
                0x08009220       0x4c ./Middlewares/FreeRTOS/queue.o
 .text.prvUnlockQueue
                0x0800926c       0xa4 ./Middlewares/FreeRTOS/queue.o
 .text.prvIsQueueEmpty
                0x08009310       0x2c ./Middlewares/FreeRTOS/queue.o
 .text.prvIsQueueFull
                0x0800933c       0x30 ./Middlewares/FreeRTOS/queue.o
 .text.xTaskCreateStatic
                0x0800936c       0xc0 ./Middlewares/FreeRTOS/tasks.o
                0x0800936c                xTaskCreateStatic
 .text.xTaskCreate
                0x0800942c       0x8a ./Middlewares/FreeRTOS/tasks.o
                0x0800942c                xTaskCreate
 .text.prvInitialiseNewTask
                0x080094b6      0x110 ./Middlewares/FreeRTOS/tasks.o
 *fill*         0x080095c6        0x2 
 .text.prvAddNewTaskToReadyList
                0x080095c8       0xd4 ./Middlewares/FreeRTOS/tasks.o
 .text.vTaskDelay
                0x0800969c       0x6c ./Middlewares/FreeRTOS/tasks.o
                0x0800969c                vTaskDelay
 .text.vTaskStartScheduler
                0x08009708       0xc4 ./Middlewares/FreeRTOS/tasks.o
                0x08009708                vTaskStartScheduler
 .text.vTaskSuspendAll
                0x080097cc       0x1c ./Middlewares/FreeRTOS/tasks.o
                0x080097cc                vTaskSuspendAll
 .text.xTaskResumeAll
                0x080097e8      0x13c ./Middlewares/FreeRTOS/tasks.o
                0x080097e8                xTaskResumeAll
 .text.xTaskIncrementTick
                0x08009924      0x174 ./Middlewares/FreeRTOS/tasks.o
                0x08009924                xTaskIncrementTick
 .text.vTaskSwitchContext
                0x08009a98       0xb8 ./Middlewares/FreeRTOS/tasks.o
                0x08009a98                vTaskSwitchContext
 .text.vTaskPlaceOnEventList
                0x08009b50       0x4c ./Middlewares/FreeRTOS/tasks.o
                0x08009b50                vTaskPlaceOnEventList
 .text.xTaskRemoveFromEventList
                0x08009b9c       0xc8 ./Middlewares/FreeRTOS/tasks.o
                0x08009b9c                xTaskRemoveFromEventList
 .text.vTaskRemoveFromUnorderedEventList
                0x08009c64       0xc8 ./Middlewares/FreeRTOS/tasks.o
                0x08009c64                vTaskRemoveFromUnorderedEventList
 .text.vTaskInternalSetTimeOutState
                0x08009d2c       0x2c ./Middlewares/FreeRTOS/tasks.o
                0x08009d2c                vTaskInternalSetTimeOutState
 .text.xTaskCheckForTimeOut
                0x08009d58       0xc8 ./Middlewares/FreeRTOS/tasks.o
                0x08009d58                xTaskCheckForTimeOut
 .text.vTaskMissedYield
                0x08009e20       0x18 ./Middlewares/FreeRTOS/tasks.o
                0x08009e20                vTaskMissedYield
 .text.prvIdleTask
                0x08009e38       0x30 ./Middlewares/FreeRTOS/tasks.o
 .text.prvInitialiseTaskLists
                0x08009e68       0x80 ./Middlewares/FreeRTOS/tasks.o
 .text.prvCheckTasksWaitingTermination
                0x08009ee8       0x5c ./Middlewares/FreeRTOS/tasks.o
 .text.prvDeleteTCB
                0x08009f44       0x60 ./Middlewares/FreeRTOS/tasks.o
 .text.prvResetNextTaskUnblockTime
                0x08009fa4       0x40 ./Middlewares/FreeRTOS/tasks.o
 .text.xTaskGetSchedulerState
                0x08009fe4       0x3c ./Middlewares/FreeRTOS/tasks.o
                0x08009fe4                xTaskGetSchedulerState
 .text.xTaskPriorityInherit
                0x0800a020       0xec ./Middlewares/FreeRTOS/tasks.o
                0x0800a020                xTaskPriorityInherit
 .text.xTaskPriorityDisinherit
                0x0800a10c      0x110 ./Middlewares/FreeRTOS/tasks.o
                0x0800a10c                xTaskPriorityDisinherit
 .text.vTaskPriorityDisinheritAfterTimeout
                0x0800a21c      0x120 ./Middlewares/FreeRTOS/tasks.o
                0x0800a21c                vTaskPriorityDisinheritAfterTimeout
 .text.pvTaskIncrementMutexHeldCount
                0x0800a33c       0x28 ./Middlewares/FreeRTOS/tasks.o
                0x0800a33c                pvTaskIncrementMutexHeldCount
 .text.prvAddCurrentTaskToDelayedList
                0x0800a364       0xcc ./Middlewares/FreeRTOS/tasks.o
 .text.USBD_CDC_Init
                0x0800a430      0x1f0 ./Middlewares/USB_Device_Library/usbd_cdc.o
 .text.USBD_CDC_DeInit
                0x0800a620      0x104 ./Middlewares/USB_Device_Library/usbd_cdc.o
 .text.USBD_CDC_Setup
                0x0800a724      0x1b8 ./Middlewares/USB_Device_Library/usbd_cdc.o
 .text.USBD_CDC_DataIn
                0x0800a8dc       0xfe ./Middlewares/USB_Device_Library/usbd_cdc.o
 .text.USBD_CDC_DataOut
                0x0800a9da       0x70 ./Middlewares/USB_Device_Library/usbd_cdc.o
 .text.USBD_CDC_EP0_RxReady
                0x0800aa4a       0x74 ./Middlewares/USB_Device_Library/usbd_cdc.o
 *fill*         0x0800aabe        0x2 
 .text.USBD_CDC_GetFSCfgDesc
                0x0800aac0       0x70 ./Middlewares/USB_Device_Library/usbd_cdc.o
 .text.USBD_CDC_GetHSCfgDesc
                0x0800ab30       0x70 ./Middlewares/USB_Device_Library/usbd_cdc.o
 .text.USBD_CDC_GetOtherSpeedCfgDesc
                0x0800aba0       0x70 ./Middlewares/USB_Device_Library/usbd_cdc.o
 .text.USBD_CDC_GetDeviceQualifierDescriptor
                0x0800ac10       0x20 ./Middlewares/USB_Device_Library/usbd_cdc.o
                0x0800ac10                USBD_CDC_GetDeviceQualifierDescriptor
 .text.USBD_CDC_RegisterInterface
                0x0800ac30       0x34 ./Middlewares/USB_Device_Library/usbd_cdc.o
                0x0800ac30                USBD_CDC_RegisterInterface
 .text.USBD_CDC_SetTxBuffer
                0x0800ac64       0x44 ./Middlewares/USB_Device_Library/usbd_cdc.o
                0x0800ac64                USBD_CDC_SetTxBuffer
 .text.USBD_CDC_SetRxBuffer
                0x0800aca8       0x3a ./Middlewares/USB_Device_Library/usbd_cdc.o
                0x0800aca8                USBD_CDC_SetRxBuffer
 *fill*         0x0800ace2        0x2 
 .text.USBD_CDC_TransmitPacket
                0x0800ace4       0x80 ./Middlewares/USB_Device_Library/usbd_cdc.o
                0x0800ace4                USBD_CDC_TransmitPacket
 .text.USBD_CDC_ReceivePacket
                0x0800ad64       0x6c ./Middlewares/USB_Device_Library/usbd_cdc.o
                0x0800ad64                USBD_CDC_ReceivePacket
 .text.USBD_Init
                0x0800add0       0x60 ./Middlewares/USB_Device_Library/usbd_core.o
                0x0800add0                USBD_Init
 .text.USBD_RegisterClass
                0x0800ae30       0x6c ./Middlewares/USB_Device_Library/usbd_core.o
                0x0800ae30                USBD_RegisterClass
 .text.USBD_Start
                0x0800ae9c       0x18 ./Middlewares/USB_Device_Library/usbd_core.o
                0x0800ae9c                USBD_Start
 .text.USBD_RunTestMode
                0x0800aeb4       0x16 ./Middlewares/USB_Device_Library/usbd_core.o
                0x0800aeb4                USBD_RunTestMode
 .text.USBD_SetClassConfig
                0x0800aeca       0x38 ./Middlewares/USB_Device_Library/usbd_core.o
                0x0800aeca                USBD_SetClassConfig
 .text.USBD_ClrClassConfig
                0x0800af02       0x34 ./Middlewares/USB_Device_Library/usbd_core.o
                0x0800af02                USBD_ClrClassConfig
 .text.USBD_LL_SetupStage
                0x0800af36       0xaa ./Middlewares/USB_Device_Library/usbd_core.o
                0x0800af36                USBD_LL_SetupStage
 .text.USBD_LL_DataOutStage
                0x0800afe0      0x178 ./Middlewares/USB_Device_Library/usbd_core.o
                0x0800afe0                USBD_LL_DataOutStage
 .text.USBD_LL_DataInStage
                0x0800b158      0x176 ./Middlewares/USB_Device_Library/usbd_core.o
                0x0800b158                USBD_LL_DataInStage
 .text.USBD_LL_Reset
                0x0800b2ce       0xa6 ./Middlewares/USB_Device_Library/usbd_core.o
                0x0800b2ce                USBD_LL_Reset
 .text.USBD_LL_SetSpeed
                0x0800b374       0x20 ./Middlewares/USB_Device_Library/usbd_core.o
                0x0800b374                USBD_LL_SetSpeed
 .text.USBD_LL_Suspend
                0x0800b394       0x38 ./Middlewares/USB_Device_Library/usbd_core.o
                0x0800b394                USBD_LL_Suspend
 .text.USBD_LL_Resume
                0x0800b3cc       0x30 ./Middlewares/USB_Device_Library/usbd_core.o
                0x0800b3cc                USBD_LL_Resume
 .text.USBD_LL_SOF
                0x0800b3fc       0x40 ./Middlewares/USB_Device_Library/usbd_core.o
                0x0800b3fc                USBD_LL_SOF
 .text.USBD_LL_IsoINIncomplete
                0x0800b43c       0x64 ./Middlewares/USB_Device_Library/usbd_core.o
                0x0800b43c                USBD_LL_IsoINIncomplete
 .text.USBD_LL_IsoOUTIncomplete
                0x0800b4a0       0x64 ./Middlewares/USB_Device_Library/usbd_core.o
                0x0800b4a0                USBD_LL_IsoOUTIncomplete
 .text.USBD_LL_DevConnected
                0x0800b504       0x16 ./Middlewares/USB_Device_Library/usbd_core.o
                0x0800b504                USBD_LL_DevConnected
 .text.USBD_LL_DevDisconnected
                0x0800b51a       0x46 ./Middlewares/USB_Device_Library/usbd_core.o
                0x0800b51a                USBD_LL_DevDisconnected
 .text.USBD_CoreFindIF
                0x0800b560       0x1a ./Middlewares/USB_Device_Library/usbd_core.o
                0x0800b560                USBD_CoreFindIF
 .text.USBD_CoreFindEP
                0x0800b57a       0x1a ./Middlewares/USB_Device_Library/usbd_core.o
                0x0800b57a                USBD_CoreFindEP
 .text.USBD_GetEpDesc
                0x0800b594       0x70 ./Middlewares/USB_Device_Library/usbd_core.o
                0x0800b594                USBD_GetEpDesc
 .text.USBD_GetNextDesc
                0x0800b604       0x38 ./Middlewares/USB_Device_Library/usbd_core.o
                0x0800b604                USBD_GetNextDesc
 .text.SWAPBYTE
                0x0800b63c       0x3e ./Middlewares/USB_Device_Library/usbd_ctlreq.o
 *fill*         0x0800b67a        0x2 
 .text.USBD_StdDevReq
                0x0800b67c       0xe4 ./Middlewares/USB_Device_Library/usbd_ctlreq.o
                0x0800b67c                USBD_StdDevReq
 .text.USBD_StdItfReq
                0x0800b760       0xd8 ./Middlewares/USB_Device_Library/usbd_ctlreq.o
                0x0800b760                USBD_StdItfReq
 .text.USBD_StdEPReq
                0x0800b838      0x33e ./Middlewares/USB_Device_Library/usbd_ctlreq.o
                0x0800b838                USBD_StdEPReq
 *fill*         0x0800bb76        0x2 
 .text.USBD_GetDescriptor
                0x0800bb78      0x2d4 ./Middlewares/USB_Device_Library/usbd_ctlreq.o
 .text.USBD_SetAddress
                0x0800be4c       0x88 ./Middlewares/USB_Device_Library/usbd_ctlreq.o
 .text.USBD_SetConfig
                0x0800bed4      0x154 ./Middlewares/USB_Device_Library/usbd_ctlreq.o
 .text.USBD_GetConfig
                0x0800c028       0x6c ./Middlewares/USB_Device_Library/usbd_ctlreq.o
 .text.USBD_GetStatus
                0x0800c094       0x68 ./Middlewares/USB_Device_Library/usbd_ctlreq.o
 .text.USBD_SetFeature
                0x0800c0fc       0x52 ./Middlewares/USB_Device_Library/usbd_ctlreq.o
 .text.USBD_ClrFeature
                0x0800c14e       0x44 ./Middlewares/USB_Device_Library/usbd_ctlreq.o
 .text.USBD_ParseSetupRequest
                0x0800c192       0x74 ./Middlewares/USB_Device_Library/usbd_ctlreq.o
                0x0800c192                USBD_ParseSetupRequest
 .text.USBD_CtlError
                0x0800c206       0x22 ./Middlewares/USB_Device_Library/usbd_ctlreq.o
                0x0800c206                USBD_CtlError
 .text.USBD_GetString
                0x0800c228       0xa4 ./Middlewares/USB_Device_Library/usbd_ctlreq.o
                0x0800c228                USBD_GetString
 .text.USBD_GetLen
                0x0800c2cc       0x34 ./Middlewares/USB_Device_Library/usbd_ctlreq.o
 .text.USBD_CtlSendData
                0x0800c300       0x3c ./Middlewares/USB_Device_Library/usbd_ioreq.o
                0x0800c300                USBD_CtlSendData
 .text.USBD_CtlContinueSendData
                0x0800c33c       0x22 ./Middlewares/USB_Device_Library/usbd_ioreq.o
                0x0800c33c                USBD_CtlContinueSendData
 .text.USBD_CtlPrepareRx
                0x0800c35e       0x42 ./Middlewares/USB_Device_Library/usbd_ioreq.o
                0x0800c35e                USBD_CtlPrepareRx
 .text.USBD_CtlContinueRx
                0x0800c3a0       0x22 ./Middlewares/USB_Device_Library/usbd_ioreq.o
                0x0800c3a0                USBD_CtlContinueRx
 .text.USBD_CtlSendStatus
                0x0800c3c2       0x26 ./Middlewares/USB_Device_Library/usbd_ioreq.o
                0x0800c3c2                USBD_CtlSendStatus
 .text.USBD_CtlReceiveStatus
                0x0800c3e8       0x26 ./Middlewares/USB_Device_Library/usbd_ioreq.o
                0x0800c3e8                USBD_CtlReceiveStatus
 *fill*         0x0800c40e        0x2 
 .text.MX_USB_DEVICE_Init
                0x0800c410       0x60 ./USB_DEVICE/App/usb_device.o
                0x0800c410                MX_USB_DEVICE_Init
 .text.CDC_Init_FS
                0x0800c470       0x28 ./USB_DEVICE/App/usbd_cdc_if.o
 .text.CDC_DeInit_FS
                0x0800c498       0x10 ./USB_DEVICE/App/usbd_cdc_if.o
 .text.CDC_Control_FS
                0x0800c4a8       0xbc ./USB_DEVICE/App/usbd_cdc_if.o
 .text.CDC_Receive_FS
                0x0800c564       0x28 ./USB_DEVICE/App/usbd_cdc_if.o
 .text.CDC_Transmit_FS
                0x0800c58c       0x4c ./USB_DEVICE/App/usbd_cdc_if.o
                0x0800c58c                CDC_Transmit_FS
 .text.CDC_TransmitCplt_FS
                0x0800c5d8       0x22 ./USB_DEVICE/App/usbd_cdc_if.o
 *fill*         0x0800c5fa        0x2 
 .text.USBD_FS_DeviceDescriptor
                0x0800c5fc       0x24 ./USB_DEVICE/App/usbd_desc.o
                0x0800c5fc                USBD_FS_DeviceDescriptor
 .text.USBD_FS_LangIDStrDescriptor
                0x0800c620       0x24 ./USB_DEVICE/App/usbd_desc.o
                0x0800c620                USBD_FS_LangIDStrDescriptor
 .text.USBD_FS_ProductStrDescriptor
                0x0800c644       0x3c ./USB_DEVICE/App/usbd_desc.o
                0x0800c644                USBD_FS_ProductStrDescriptor
 .text.USBD_FS_ManufacturerStrDescriptor
                0x0800c680       0x28 ./USB_DEVICE/App/usbd_desc.o
                0x0800c680                USBD_FS_ManufacturerStrDescriptor
 .text.USBD_FS_SerialStrDescriptor
                0x0800c6a8       0x24 ./USB_DEVICE/App/usbd_desc.o
                0x0800c6a8                USBD_FS_SerialStrDescriptor
 .text.USBD_FS_ConfigStrDescriptor
                0x0800c6cc       0x3c ./USB_DEVICE/App/usbd_desc.o
                0x0800c6cc                USBD_FS_ConfigStrDescriptor
 .text.USBD_FS_InterfaceStrDescriptor
                0x0800c708       0x3c ./USB_DEVICE/App/usbd_desc.o
                0x0800c708                USBD_FS_InterfaceStrDescriptor
 .text.Get_SerialNum
                0x0800c744       0x58 ./USB_DEVICE/App/usbd_desc.o
 .text.IntToUnicode
                0x0800c79c       0x7e ./USB_DEVICE/App/usbd_desc.o
 *fill*         0x0800c81a        0x2 
 .text.HAL_PCD_MspInit
                0x0800c81c       0xa8 ./USB_DEVICE/Target/usbd_conf.o
                0x0800c81c                HAL_PCD_MspInit
 .text.HAL_PCD_SetupStageCallback
                0x0800c8c4       0x24 ./USB_DEVICE/Target/usbd_conf.o
                0x0800c8c4                HAL_PCD_SetupStageCallback
 .text.HAL_PCD_DataOutStageCallback
                0x0800c8e8       0x36 ./USB_DEVICE/Target/usbd_conf.o
                0x0800c8e8                HAL_PCD_DataOutStageCallback
 .text.HAL_PCD_DataInStageCallback
                0x0800c91e       0x34 ./USB_DEVICE/Target/usbd_conf.o
                0x0800c91e                HAL_PCD_DataInStageCallback
 .text.HAL_PCD_SOFCallback
                0x0800c952       0x1c ./USB_DEVICE/Target/usbd_conf.o
                0x0800c952                HAL_PCD_SOFCallback
 .text.HAL_PCD_ResetCallback
                0x0800c96e       0x50 ./USB_DEVICE/Target/usbd_conf.o
                0x0800c96e                HAL_PCD_ResetCallback
 *fill*         0x0800c9be        0x2 
 .text.HAL_PCD_SuspendCallback
                0x0800c9c0       0x4c ./USB_DEVICE/Target/usbd_conf.o
                0x0800c9c0                HAL_PCD_SuspendCallback
 .text.HAL_PCD_ResumeCallback
                0x0800ca0c       0x1c ./USB_DEVICE/Target/usbd_conf.o
                0x0800ca0c                HAL_PCD_ResumeCallback
 .text.HAL_PCD_ISOOUTIncompleteCallback
                0x0800ca28       0x24 ./USB_DEVICE/Target/usbd_conf.o
                0x0800ca28                HAL_PCD_ISOOUTIncompleteCallback
 .text.HAL_PCD_ISOINIncompleteCallback
                0x0800ca4c       0x24 ./USB_DEVICE/Target/usbd_conf.o
                0x0800ca4c                HAL_PCD_ISOINIncompleteCallback
 .text.HAL_PCD_ConnectCallback
                0x0800ca70       0x1c ./USB_DEVICE/Target/usbd_conf.o
                0x0800ca70                HAL_PCD_ConnectCallback
 .text.HAL_PCD_DisconnectCallback
                0x0800ca8c       0x1c ./USB_DEVICE/Target/usbd_conf.o
                0x0800ca8c                HAL_PCD_DisconnectCallback
 .text.USBD_LL_Init
                0x0800caa8       0x98 ./USB_DEVICE/Target/usbd_conf.o
                0x0800caa8                USBD_LL_Init
 .text.USBD_LL_Start
                0x0800cb40       0x36 ./USB_DEVICE/Target/usbd_conf.o
                0x0800cb40                USBD_LL_Start
 .text.USBD_LL_OpenEP
                0x0800cb76       0x4c ./USB_DEVICE/Target/usbd_conf.o
                0x0800cb76                USBD_LL_OpenEP
 .text.USBD_LL_CloseEP
                0x0800cbc2       0x3e ./USB_DEVICE/Target/usbd_conf.o
                0x0800cbc2                USBD_LL_CloseEP
 .text.USBD_LL_StallEP
                0x0800cc00       0x3e ./USB_DEVICE/Target/usbd_conf.o
                0x0800cc00                USBD_LL_StallEP
 .text.USBD_LL_ClearStallEP
                0x0800cc3e       0x3e ./USB_DEVICE/Target/usbd_conf.o
                0x0800cc3e                USBD_LL_ClearStallEP
 .text.USBD_LL_IsStallEP
                0x0800cc7c       0x58 ./USB_DEVICE/Target/usbd_conf.o
                0x0800cc7c                USBD_LL_IsStallEP
 .text.USBD_LL_SetUSBAddress
                0x0800ccd4       0x3e ./USB_DEVICE/Target/usbd_conf.o
                0x0800ccd4                USBD_LL_SetUSBAddress
 .text.USBD_LL_Transmit
                0x0800cd12       0x42 ./USB_DEVICE/Target/usbd_conf.o
                0x0800cd12                USBD_LL_Transmit
 .text.USBD_LL_PrepareReceive
                0x0800cd54       0x42 ./USB_DEVICE/Target/usbd_conf.o
                0x0800cd54                USBD_LL_PrepareReceive
 .text.USBD_LL_GetRxDataSize
                0x0800cd96       0x26 ./USB_DEVICE/Target/usbd_conf.o
                0x0800cd96                USBD_LL_GetRxDataSize
 .text.USBD_static_malloc
                0x0800cdbc       0x1c ./USB_DEVICE/Target/usbd_conf.o
                0x0800cdbc                USBD_static_malloc
 .text.USBD_static_free
                0x0800cdd8       0x14 ./USB_DEVICE/Target/usbd_conf.o
                0x0800cdd8                USBD_static_free
 .text.USBD_Get_USB_Status
                0x0800cdec       0x58 ./USB_DEVICE/Target/usbd_conf.o
                0x0800cdec                USBD_Get_USB_Status
 .text.std      0x0800ce44       0x6c C:/ST/STM32CubeIDE_1.18.1/STM32CubeIDE/plugins/com.st.stm32cube.ide.mcu.externaltools.gnu-tools-for-stm32.13.3.rel1.win32_1.0.0.202411081344/tools/bin/../lib/gcc/arm-none-eabi/13.3.1/../../../../arm-none-eabi/lib/thumb/v7e-m+fp/hard\libc_nano.a(libc_a-findfp.o)
 .text.stdio_exit_handler
                0x0800ceb0       0x18 C:/ST/STM32CubeIDE_1.18.1/STM32CubeIDE/plugins/com.st.stm32cube.ide.mcu.externaltools.gnu-tools-for-stm32.13.3.rel1.win32_1.0.0.202411081344/tools/bin/../lib/gcc/arm-none-eabi/13.3.1/../../../../arm-none-eabi/lib/thumb/v7e-m+fp/hard\libc_nano.a(libc_a-findfp.o)
 .text.cleanup_stdio
                0x0800cec8       0x40 C:/ST/STM32CubeIDE_1.18.1/STM32CubeIDE/plugins/com.st.stm32cube.ide.mcu.externaltools.gnu-tools-for-stm32.13.3.rel1.win32_1.0.0.202411081344/tools/bin/../lib/gcc/arm-none-eabi/13.3.1/../../../../arm-none-eabi/lib/thumb/v7e-m+fp/hard\libc_nano.a(libc_a-findfp.o)
 .text.global_stdio_init.part.0
                0x0800cf08       0x3c C:/ST/STM32CubeIDE_1.18.1/STM32CubeIDE/plugins/com.st.stm32cube.ide.mcu.externaltools.gnu-tools-for-stm32.13.3.rel1.win32_1.0.0.202411081344/tools/bin/../lib/gcc/arm-none-eabi/13.3.1/../../../../arm-none-eabi/lib/thumb/v7e-m+fp/hard\libc_nano.a(libc_a-findfp.o)
 .text.__sfp_lock_acquire
                0x0800cf44        0xc C:/ST/STM32CubeIDE_1.18.1/STM32CubeIDE/plugins/com.st.stm32cube.ide.mcu.externaltools.gnu-tools-for-stm32.13.3.rel1.win32_1.0.0.202411081344/tools/bin/../lib/gcc/arm-none-eabi/13.3.1/../../../../arm-none-eabi/lib/thumb/v7e-m+fp/hard\libc_nano.a(libc_a-findfp.o)
                0x0800cf44                __sfp_lock_acquire
 .text.__sfp_lock_release
                0x0800cf50        0xc C:/ST/STM32CubeIDE_1.18.1/STM32CubeIDE/plugins/com.st.stm32cube.ide.mcu.externaltools.gnu-tools-for-stm32.13.3.rel1.win32_1.0.0.202411081344/tools/bin/../lib/gcc/arm-none-eabi/13.3.1/../../../../arm-none-eabi/lib/thumb/v7e-m+fp/hard\libc_nano.a(libc_a-findfp.o)
                0x0800cf50                __sfp_lock_release
 .text.__sinit  0x0800cf5c       0x30 C:/ST/STM32CubeIDE_1.18.1/STM32CubeIDE/plugins/com.st.stm32cube.ide.mcu.externaltools.gnu-tools-for-stm32.13.3.rel1.win32_1.0.0.202411081344/tools/bin/../lib/gcc/arm-none-eabi/13.3.1/../../../../arm-none-eabi/lib/thumb/v7e-m+fp/hard\libc_nano.a(libc_a-findfp.o)
                0x0800cf5c                __sinit
 .text._fwalk_sglue
                0x0800cf8c       0x3c C:/ST/STM32CubeIDE_1.18.1/STM32CubeIDE/plugins/com.st.stm32cube.ide.mcu.externaltools.gnu-tools-for-stm32.13.3.rel1.win32_1.0.0.202411081344/tools/bin/../lib/gcc/arm-none-eabi/13.3.1/../../../../arm-none-eabi/lib/thumb/v7e-m+fp/hard\libc_nano.a(libc_a-fwalk.o)
                0x0800cf8c                _fwalk_sglue
 .text.printf   0x0800cfc8       0x24 C:/ST/STM32CubeIDE_1.18.1/STM32CubeIDE/plugins/com.st.stm32cube.ide.mcu.externaltools.gnu-tools-for-stm32.13.3.rel1.win32_1.0.0.202411081344/tools/bin/../lib/gcc/arm-none-eabi/13.3.1/../../../../arm-none-eabi/lib/thumb/v7e-m+fp/hard\libc_nano.a(libc_a-printf.o)
                0x0800cfc8                iprintf
                0x0800cfc8                printf
 .text._puts_r  0x0800cfec       0xaa C:/ST/STM32CubeIDE_1.18.1/STM32CubeIDE/plugins/com.st.stm32cube.ide.mcu.externaltools.gnu-tools-for-stm32.13.3.rel1.win32_1.0.0.202411081344/tools/bin/../lib/gcc/arm-none-eabi/13.3.1/../../../../arm-none-eabi/lib/thumb/v7e-m+fp/hard\libc_nano.a(libc_a-puts.o)
                0x0800cfec                _puts_r
 *fill*         0x0800d096        0x2 
 .text.puts     0x0800d098       0x10 C:/ST/STM32CubeIDE_1.18.1/STM32CubeIDE/plugins/com.st.stm32cube.ide.mcu.externaltools.gnu-tools-for-stm32.13.3.rel1.win32_1.0.0.202411081344/tools/bin/../lib/gcc/arm-none-eabi/13.3.1/../../../../arm-none-eabi/lib/thumb/v7e-m+fp/hard\libc_nano.a(libc_a-puts.o)
                0x0800d098                puts
 .text.__sread  0x0800d0a8       0x22 C:/ST/STM32CubeIDE_1.18.1/STM32CubeIDE/plugins/com.st.stm32cube.ide.mcu.externaltools.gnu-tools-for-stm32.13.3.rel1.win32_1.0.0.202411081344/tools/bin/../lib/gcc/arm-none-eabi/13.3.1/../../../../arm-none-eabi/lib/thumb/v7e-m+fp/hard\libc_nano.a(libc_a-stdio.o)
                0x0800d0a8                __sread
 .text.__swrite
                0x0800d0ca       0x38 C:/ST/STM32CubeIDE_1.18.1/STM32CubeIDE/plugins/com.st.stm32cube.ide.mcu.externaltools.gnu-tools-for-stm32.13.3.rel1.win32_1.0.0.202411081344/tools/bin/../lib/gcc/arm-none-eabi/13.3.1/../../../../arm-none-eabi/lib/thumb/v7e-m+fp/hard\libc_nano.a(libc_a-stdio.o)
                0x0800d0ca                __swrite
 .text.__sseek  0x0800d102       0x24 C:/ST/STM32CubeIDE_1.18.1/STM32CubeIDE/plugins/com.st.stm32cube.ide.mcu.externaltools.gnu-tools-for-stm32.13.3.rel1.win32_1.0.0.202411081344/tools/bin/../lib/gcc/arm-none-eabi/13.3.1/../../../../arm-none-eabi/lib/thumb/v7e-m+fp/hard\libc_nano.a(libc_a-stdio.o)
                0x0800d102                __sseek
 .text.__sclose
                0x0800d126        0x8 C:/ST/STM32CubeIDE_1.18.1/STM32CubeIDE/plugins/com.st.stm32cube.ide.mcu.externaltools.gnu-tools-for-stm32.13.3.rel1.win32_1.0.0.202411081344/tools/bin/../lib/gcc/arm-none-eabi/13.3.1/../../../../arm-none-eabi/lib/thumb/v7e-m+fp/hard\libc_nano.a(libc_a-stdio.o)
                0x0800d126                __sclose
 .text.__swbuf_r
                0x0800d12e       0x7c C:/ST/STM32CubeIDE_1.18.1/STM32CubeIDE/plugins/com.st.stm32cube.ide.mcu.externaltools.gnu-tools-for-stm32.13.3.rel1.win32_1.0.0.202411081344/tools/bin/../lib/gcc/arm-none-eabi/13.3.1/../../../../arm-none-eabi/lib/thumb/v7e-m+fp/hard\libc_nano.a(libc_a-wbuf.o)
                0x0800d12e                __swbuf_r
 *fill*         0x0800d1aa        0x2 
 .text.__swsetup_r
                0x0800d1ac       0xac C:/ST/STM32CubeIDE_1.18.1/STM32CubeIDE/plugins/com.st.stm32cube.ide.mcu.externaltools.gnu-tools-for-stm32.13.3.rel1.win32_1.0.0.202411081344/tools/bin/../lib/gcc/arm-none-eabi/13.3.1/../../../../arm-none-eabi/lib/thumb/v7e-m+fp/hard\libc_nano.a(libc_a-wsetup.o)
                0x0800d1ac                __swsetup_r
 .text.memset   0x0800d258       0x10 C:/ST/STM32CubeIDE_1.18.1/STM32CubeIDE/plugins/com.st.stm32cube.ide.mcu.externaltools.gnu-tools-for-stm32.13.3.rel1.win32_1.0.0.202411081344/tools/bin/../lib/gcc/arm-none-eabi/13.3.1/../../../../arm-none-eabi/lib/thumb/v7e-m+fp/hard\libc_nano.a(libc_a-memset.o)
                0x0800d258                memset
 .text._close_r
                0x0800d268       0x20 C:/ST/STM32CubeIDE_1.18.1/STM32CubeIDE/plugins/com.st.stm32cube.ide.mcu.externaltools.gnu-tools-for-stm32.13.3.rel1.win32_1.0.0.202411081344/tools/bin/../lib/gcc/arm-none-eabi/13.3.1/../../../../arm-none-eabi/lib/thumb/v7e-m+fp/hard\libc_nano.a(libc_a-closer.o)
                0x0800d268                _close_r
 .text._lseek_r
                0x0800d288       0x24 C:/ST/STM32CubeIDE_1.18.1/STM32CubeIDE/plugins/com.st.stm32cube.ide.mcu.externaltools.gnu-tools-for-stm32.13.3.rel1.win32_1.0.0.202411081344/tools/bin/../lib/gcc/arm-none-eabi/13.3.1/../../../../arm-none-eabi/lib/thumb/v7e-m+fp/hard\libc_nano.a(libc_a-lseekr.o)
                0x0800d288                _lseek_r
 .text._read_r  0x0800d2ac       0x24 C:/ST/STM32CubeIDE_1.18.1/STM32CubeIDE/plugins/com.st.stm32cube.ide.mcu.externaltools.gnu-tools-for-stm32.13.3.rel1.win32_1.0.0.202411081344/tools/bin/../lib/gcc/arm-none-eabi/13.3.1/../../../../arm-none-eabi/lib/thumb/v7e-m+fp/hard\libc_nano.a(libc_a-readr.o)
                0x0800d2ac                _read_r
 .text._write_r
                0x0800d2d0       0x24 C:/ST/STM32CubeIDE_1.18.1/STM32CubeIDE/plugins/com.st.stm32cube.ide.mcu.externaltools.gnu-tools-for-stm32.13.3.rel1.win32_1.0.0.202411081344/tools/bin/../lib/gcc/arm-none-eabi/13.3.1/../../../../arm-none-eabi/lib/thumb/v7e-m+fp/hard\libc_nano.a(libc_a-writer.o)
                0x0800d2d0                _write_r
 .text.__errno  0x0800d2f4        0xc C:/ST/STM32CubeIDE_1.18.1/STM32CubeIDE/plugins/com.st.stm32cube.ide.mcu.externaltools.gnu-tools-for-stm32.13.3.rel1.win32_1.0.0.202411081344/tools/bin/../lib/gcc/arm-none-eabi/13.3.1/../../../../arm-none-eabi/lib/thumb/v7e-m+fp/hard\libc_nano.a(libc_a-errno.o)
                0x0800d2f4                __errno
 .text.__libc_init_array
                0x0800d300       0x48 C:/ST/STM32CubeIDE_1.18.1/STM32CubeIDE/plugins/com.st.stm32cube.ide.mcu.externaltools.gnu-tools-for-stm32.13.3.rel1.win32_1.0.0.202411081344/tools/bin/../lib/gcc/arm-none-eabi/13.3.1/../../../../arm-none-eabi/lib/thumb/v7e-m+fp/hard\libc_nano.a(libc_a-init.o)
                0x0800d300                __libc_init_array
 .text.__retarget_lock_init_recursive
                0x0800d348        0x2 C:/ST/STM32CubeIDE_1.18.1/STM32CubeIDE/plugins/com.st.stm32cube.ide.mcu.externaltools.gnu-tools-for-stm32.13.3.rel1.win32_1.0.0.202411081344/tools/bin/../lib/gcc/arm-none-eabi/13.3.1/../../../../arm-none-eabi/lib/thumb/v7e-m+fp/hard\libc_nano.a(libc_a-lock.o)
                0x0800d348                __retarget_lock_init_recursive
 .text.__retarget_lock_acquire_recursive
                0x0800d34a        0x2 C:/ST/STM32CubeIDE_1.18.1/STM32CubeIDE/plugins/com.st.stm32cube.ide.mcu.externaltools.gnu-tools-for-stm32.13.3.rel1.win32_1.0.0.202411081344/tools/bin/../lib/gcc/arm-none-eabi/13.3.1/../../../../arm-none-eabi/lib/thumb/v7e-m+fp/hard\libc_nano.a(libc_a-lock.o)
                0x0800d34a                __retarget_lock_acquire_recursive
 .text.__retarget_lock_release_recursive
                0x0800d34c        0x2 C:/ST/STM32CubeIDE_1.18.1/STM32CubeIDE/plugins/com.st.stm32cube.ide.mcu.externaltools.gnu-tools-for-stm32.13.3.rel1.win32_1.0.0.202411081344/tools/bin/../lib/gcc/arm-none-eabi/13.3.1/../../../../arm-none-eabi/lib/thumb/v7e-m+fp/hard\libc_nano.a(libc_a-lock.o)
                0x0800d34c                __retarget_lock_release_recursive
 .text.memcpy   0x0800d34e       0x1c C:/ST/STM32CubeIDE_1.18.1/STM32CubeIDE/plugins/com.st.stm32cube.ide.mcu.externaltools.gnu-tools-for-stm32.13.3.rel1.win32_1.0.0.202411081344/tools/bin/../lib/gcc/arm-none-eabi/13.3.1/../../../../arm-none-eabi/lib/thumb/v7e-m+fp/hard\libc_nano.a(libc_a-memcpy-stub.o)
                0x0800d34e                memcpy
 *fill*         0x0800d36a        0x2 
 .text._free_r  0x0800d36c       0x94 C:/ST/STM32CubeIDE_1.18.1/STM32CubeIDE/plugins/com.st.stm32cube.ide.mcu.externaltools.gnu-tools-for-stm32.13.3.rel1.win32_1.0.0.202411081344/tools/bin/../lib/gcc/arm-none-eabi/13.3.1/../../../../arm-none-eabi/lib/thumb/v7e-m+fp/hard\libc_nano.a(libc_a-freer.o)
                0x0800d36c                _free_r
 .text.sbrk_aligned
                0x0800d400       0x44 C:/ST/STM32CubeIDE_1.18.1/STM32CubeIDE/plugins/com.st.stm32cube.ide.mcu.externaltools.gnu-tools-for-stm32.13.3.rel1.win32_1.0.0.202411081344/tools/bin/../lib/gcc/arm-none-eabi/13.3.1/../../../../arm-none-eabi/lib/thumb/v7e-m+fp/hard\libc_nano.a(libc_a-mallocr.o)
 .text._malloc_r
                0x0800d444      0x100 C:/ST/STM32CubeIDE_1.18.1/STM32CubeIDE/plugins/com.st.stm32cube.ide.mcu.externaltools.gnu-tools-for-stm32.13.3.rel1.win32_1.0.0.202411081344/tools/bin/../lib/gcc/arm-none-eabi/13.3.1/../../../../arm-none-eabi/lib/thumb/v7e-m+fp/hard\libc_nano.a(libc_a-mallocr.o)
                0x0800d444                _malloc_r
 .text.__malloc_lock
                0x0800d544        0xc C:/ST/STM32CubeIDE_1.18.1/STM32CubeIDE/plugins/com.st.stm32cube.ide.mcu.externaltools.gnu-tools-for-stm32.13.3.rel1.win32_1.0.0.202411081344/tools/bin/../lib/gcc/arm-none-eabi/13.3.1/../../../../arm-none-eabi/lib/thumb/v7e-m+fp/hard\libc_nano.a(libc_a-mlock.o)
                0x0800d544                __malloc_lock
 .text.__malloc_unlock
                0x0800d550        0xc C:/ST/STM32CubeIDE_1.18.1/STM32CubeIDE/plugins/com.st.stm32cube.ide.mcu.externaltools.gnu-tools-for-stm32.13.3.rel1.win32_1.0.0.202411081344/tools/bin/../lib/gcc/arm-none-eabi/13.3.1/../../../../arm-none-eabi/lib/thumb/v7e-m+fp/hard\libc_nano.a(libc_a-mlock.o)
                0x0800d550                __malloc_unlock
 .text.__sfputc_r
                0x0800d55c       0x2e C:/ST/STM32CubeIDE_1.18.1/STM32CubeIDE/plugins/com.st.stm32cube.ide.mcu.externaltools.gnu-tools-for-stm32.13.3.rel1.win32_1.0.0.202411081344/tools/bin/../lib/gcc/arm-none-eabi/13.3.1/../../../../arm-none-eabi/lib/thumb/v7e-m+fp/hard\libc_nano.a(libc_a-nano-vfprintf.o)
 .text.__sfputs_r
                0x0800d58a       0x24 C:/ST/STM32CubeIDE_1.18.1/STM32CubeIDE/plugins/com.st.stm32cube.ide.mcu.externaltools.gnu-tools-for-stm32.13.3.rel1.win32_1.0.0.202411081344/tools/bin/../lib/gcc/arm-none-eabi/13.3.1/../../../../arm-none-eabi/lib/thumb/v7e-m+fp/hard\libc_nano.a(libc_a-nano-vfprintf.o)
                0x0800d58a                __sfputs_r
 *fill*         0x0800d5ae        0x2 
 .text._vfprintf_r
                0x0800d5b0      0x230 C:/ST/STM32CubeIDE_1.18.1/STM32CubeIDE/plugins/com.st.stm32cube.ide.mcu.externaltools.gnu-tools-for-stm32.13.3.rel1.win32_1.0.0.202411081344/tools/bin/../lib/gcc/arm-none-eabi/13.3.1/../../../../arm-none-eabi/lib/thumb/v7e-m+fp/hard\libc_nano.a(libc_a-nano-vfprintf.o)
                0x0800d5b0                _vfprintf_r
                0x0800d5b0                _vfiprintf_r
 .text._printf_common
                0x0800d7e0       0xda C:/ST/STM32CubeIDE_1.18.1/STM32CubeIDE/plugins/com.st.stm32cube.ide.mcu.externaltools.gnu-tools-for-stm32.13.3.rel1.win32_1.0.0.202411081344/tools/bin/../lib/gcc/arm-none-eabi/13.3.1/../../../../arm-none-eabi/lib/thumb/v7e-m+fp/hard\libc_nano.a(libc_a-nano-vfprintf_i.o)
                0x0800d7e0                _printf_common
 *fill*         0x0800d8ba        0x2 
 .text._printf_i
                0x0800d8bc      0x23c C:/ST/STM32CubeIDE_1.18.1/STM32CubeIDE/plugins/com.st.stm32cube.ide.mcu.externaltools.gnu-tools-for-stm32.13.3.rel1.win32_1.0.0.202411081344/tools/bin/../lib/gcc/arm-none-eabi/13.3.1/../../../../arm-none-eabi/lib/thumb/v7e-m+fp/hard\libc_nano.a(libc_a-nano-vfprintf_i.o)
                0x0800d8bc                _printf_i
 .text.__sflush_r
                0x0800daf8      0x108 C:/ST/STM32CubeIDE_1.18.1/STM32CubeIDE/plugins/com.st.stm32cube.ide.mcu.externaltools.gnu-tools-for-stm32.13.3.rel1.win32_1.0.0.202411081344/tools/bin/../lib/gcc/arm-none-eabi/13.3.1/../../../../arm-none-eabi/lib/thumb/v7e-m+fp/hard\libc_nano.a(libc_a-fflush.o)
                0x0800daf8                __sflush_r
 .text._fflush_r
                0x0800dc00       0x50 C:/ST/STM32CubeIDE_1.18.1/STM32CubeIDE/plugins/com.st.stm32cube.ide.mcu.externaltools.gnu-tools-for-stm32.13.3.rel1.win32_1.0.0.202411081344/tools/bin/../lib/gcc/arm-none-eabi/13.3.1/../../../../arm-none-eabi/lib/thumb/v7e-m+fp/hard\libc_nano.a(libc_a-fflush.o)
                0x0800dc00                _fflush_r
 .text.__swhatbuf_r
                0x0800dc50       0x4c C:/ST/STM32CubeIDE_1.18.1/STM32CubeIDE/plugins/com.st.stm32cube.ide.mcu.externaltools.gnu-tools-for-stm32.13.3.rel1.win32_1.0.0.202411081344/tools/bin/../lib/gcc/arm-none-eabi/13.3.1/../../../../arm-none-eabi/lib/thumb/v7e-m+fp/hard\libc_nano.a(libc_a-makebuf.o)
                0x0800dc50                __swhatbuf_r
 .text.__smakebuf_r
                0x0800dc9c       0x78 C:/ST/STM32CubeIDE_1.18.1/STM32CubeIDE/plugins/com.st.stm32cube.ide.mcu.externaltools.gnu-tools-for-stm32.13.3.rel1.win32_1.0.0.202411081344/tools/bin/../lib/gcc/arm-none-eabi/13.3.1/../../../../arm-none-eabi/lib/thumb/v7e-m+fp/hard\libc_nano.a(libc_a-makebuf.o)
                0x0800dc9c                __smakebuf_r
 .text._fstat_r
                0x0800dd14       0x24 C:/ST/STM32CubeIDE_1.18.1/STM32CubeIDE/plugins/com.st.stm32cube.ide.mcu.externaltools.gnu-tools-for-stm32.13.3.rel1.win32_1.0.0.202411081344/tools/bin/../lib/gcc/arm-none-eabi/13.3.1/../../../../arm-none-eabi/lib/thumb/v7e-m+fp/hard\libc_nano.a(libc_a-fstatr.o)
                0x0800dd14                _fstat_r
 .text._isatty_r
                0x0800dd38       0x20 C:/ST/STM32CubeIDE_1.18.1/STM32CubeIDE/plugins/com.st.stm32cube.ide.mcu.externaltools.gnu-tools-for-stm32.13.3.rel1.win32_1.0.0.202411081344/tools/bin/../lib/gcc/arm-none-eabi/13.3.1/../../../../arm-none-eabi/lib/thumb/v7e-m+fp/hard\libc_nano.a(libc_a-isattyr.o)
                0x0800dd38                _isatty_r
 .text._sbrk_r  0x0800dd58       0x20 C:/ST/STM32CubeIDE_1.18.1/STM32CubeIDE/plugins/com.st.stm32cube.ide.mcu.externaltools.gnu-tools-for-stm32.13.3.rel1.win32_1.0.0.202411081344/tools/bin/../lib/gcc/arm-none-eabi/13.3.1/../../../../arm-none-eabi/lib/thumb/v7e-m+fp/hard\libc_nano.a(libc_a-sbrkr.o)
                0x0800dd58                _sbrk_r
 *(.glue_7)
 .glue_7        0x0800dd78        0x0 linker stubs
 *(.glue_7t)
 .glue_7t       0x0800dd78        0x0 linker stubs
 *(.eh_frame)
 .eh_frame      0x0800dd78        0x0 C:/ST/STM32CubeIDE_1.18.1/STM32CubeIDE/plugins/com.st.stm32cube.ide.mcu.externaltools.gnu-tools-for-stm32.13.3.rel1.win32_1.0.0.202411081344/tools/bin/../lib/gcc/arm-none-eabi/13.3.1/thumb/v7e-m+fp/hard/crtbegin.o
 *(.init)
 .init          0x0800dd78        0x4 C:/ST/STM32CubeIDE_1.18.1/STM32CubeIDE/plugins/com.st.stm32cube.ide.mcu.externaltools.gnu-tools-for-stm32.13.3.rel1.win32_1.0.0.202411081344/tools/bin/../lib/gcc/arm-none-eabi/13.3.1/thumb/v7e-m+fp/hard/crti.o
                0x0800dd78                _init
 .init          0x0800dd7c        0x8 C:/ST/STM32CubeIDE_1.18.1/STM32CubeIDE/plugins/com.st.stm32cube.ide.mcu.externaltools.gnu-tools-for-stm32.13.3.rel1.win32_1.0.0.202411081344/tools/bin/../lib/gcc/arm-none-eabi/13.3.1/thumb/v7e-m+fp/hard/crtn.o
 *(.fini)
 .fini          0x0800dd84        0x4 C:/ST/STM32CubeIDE_1.18.1/STM32CubeIDE/plugins/com.st.stm32cube.ide.mcu.externaltools.gnu-tools-for-stm32.13.3.rel1.win32_1.0.0.202411081344/tools/bin/../lib/gcc/arm-none-eabi/13.3.1/thumb/v7e-m+fp/hard/crti.o
                0x0800dd84                _fini
 .fini          0x0800dd88        0x8 C:/ST/STM32CubeIDE_1.18.1/STM32CubeIDE/plugins/com.st.stm32cube.ide.mcu.externaltools.gnu-tools-for-stm32.13.3.rel1.win32_1.0.0.202411081344/tools/bin/../lib/gcc/arm-none-eabi/13.3.1/thumb/v7e-m+fp/hard/crtn.o
                0x0800dd90                        . = ALIGN (0x4)
                0x0800dd90                        _etext = .

.vfp11_veneer   0x0800dd90        0x0
 .vfp11_veneer  0x0800dd90        0x0 linker stubs

.v4_bx          0x0800dd90        0x0
 .v4_bx         0x0800dd90        0x0 linker stubs

.iplt           0x0800dd90        0x0
 .iplt          0x0800dd90        0x0 C:/ST/STM32CubeIDE_1.18.1/STM32CubeIDE/plugins/com.st.stm32cube.ide.mcu.externaltools.gnu-tools-for-stm32.13.3.rel1.win32_1.0.0.202411081344/tools/bin/../lib/gcc/arm-none-eabi/13.3.1/thumb/v7e-m+fp/hard/crtbegin.o

.rodata         0x0800dd90      0x3e8
                0x0800dd90                        . = ALIGN (0x4)
 *(.rodata)
 .rodata        0x0800dd90       0x1c ./Core/Src/OV7670_control.o
 .rodata        0x0800ddac        0xf ./Core/Src/USB_CDC.o
 *fill*         0x0800ddbb        0x1 
 .rodata        0x0800ddbc      0x263 ./Core/Src/main.o
 *fill*         0x0800e01f        0x1 
 .rodata        0x0800e020        0x5 ./Middlewares/FreeRTOS/tasks.o
 *fill*         0x0800e025        0x3 
 .rodata        0x0800e028       0x46 ./USB_DEVICE/App/usbd_desc.o
 *(.rodata*)
 *fill*         0x0800e06e        0x2 
 .rodata.OV7670_reg
                0x0800e070       0xb2 ./Core/Src/OV7670_control.o
                0x0800e070                OV7670_reg
 *fill*         0x0800e122        0x2 
 .rodata.AHBPrescTable
                0x0800e124       0x10 ./Core/Src/system_stm32f4xx.o
                0x0800e124                AHBPrescTable
 .rodata.APBPrescTable
                0x0800e134        0x8 ./Core/Src/system_stm32f4xx.o
                0x0800e134                APBPrescTable
 .rodata.flagBitshiftOffset.0
                0x0800e13c        0x8 ./Drivers/STM32F4xx_HAL_Driver/stm32f4xx_hal_dma.o
 .rodata._vfprintf_r.str1.1
                0x0800e144       0x33 C:/ST/STM32CubeIDE_1.18.1/STM32CubeIDE/plugins/com.st.stm32cube.ide.mcu.externaltools.gnu-tools-for-stm32.13.3.rel1.win32_1.0.0.202411081344/tools/bin/../lib/gcc/arm-none-eabi/13.3.1/../../../../arm-none-eabi/lib/thumb/v7e-m+fp/hard\libc_nano.a(libc_a-nano-vfprintf.o)
                                 0x11 (size before relaxing)
 .rodata._printf_i.str1.1
                0x0800e177       0x22 C:/ST/STM32CubeIDE_1.18.1/STM32CubeIDE/plugins/com.st.stm32cube.ide.mcu.externaltools.gnu-tools-for-stm32.13.3.rel1.win32_1.0.0.202411081344/tools/bin/../lib/gcc/arm-none-eabi/13.3.1/../../../../arm-none-eabi/lib/thumb/v7e-m+fp/hard\libc_nano.a(libc_a-nano-vfprintf_i.o)
                0x0800e19c                        . = ALIGN (0x4)
 *fill*         0x0800e177        0x1 

.ARM.extab      0x0800e178        0x0
                0x0800e178                        . = ALIGN (0x4)
 *(.ARM.extab* .gnu.linkonce.armextab.*)
                0x0800e178                        . = ALIGN (0x4)

.ARM            0x0800e178        0x8
                0x0800e178                        . = ALIGN (0x4)
                0x0800e178                        __exidx_start = .
 *(.ARM.exidx*)
 .ARM.exidx     0x0800e178        0x8 C:/ST/STM32CubeIDE_1.18.1/STM32CubeIDE/plugins/com.st.stm32cube.ide.mcu.externaltools.gnu-tools-for-stm32.13.3.rel1.win32_1.0.0.202411081344/tools/bin/../lib/gcc/arm-none-eabi/13.3.1/../../../../arm-none-eabi/lib/thumb/v7e-m+fp/hard\libc_nano.a(libc_a-strlen.o)
 .ARM.exidx     0x0800e180        0x0 C:/ST/STM32CubeIDE_1.18.1/STM32CubeIDE/plugins/com.st.stm32cube.ide.mcu.externaltools.gnu-tools-for-stm32.13.3.rel1.win32_1.0.0.202411081344/tools/bin/../lib/gcc/arm-none-eabi/13.3.1/../../../../arm-none-eabi/lib/thumb/v7e-m+fp/hard\libc_nano.a(libc_a-memchr.o)
                                  0x8 (size before relaxing)
 .ARM.exidx     0x0800e180        0x0 C:/ST/STM32CubeIDE_1.18.1/STM32CubeIDE/plugins/com.st.stm32cube.ide.mcu.externaltools.gnu-tools-for-stm32.13.3.rel1.win32_1.0.0.202411081344/tools/bin/../lib/gcc/arm-none-eabi/13.3.1/thumb/v7e-m+fp/hard\libgcc.a(_udivmoddi4.o)
                                  0x8 (size before relaxing)
                0x0800e180                        __exidx_end = .
                0x0800e180                        . = ALIGN (0x4)

.preinit_array  0x0800e180        0x0
                0x0800e180                        . = ALIGN (0x4)
                0x0800e180                        PROVIDE (__preinit_array_start = .)
 *(.preinit_array*)
                0x0800e180                        PROVIDE (__preinit_array_end = .)
                0x0800e180                        . = ALIGN (0x4)

.init_array     0x0800e180        0x4
                0x0800e180                        . = ALIGN (0x4)
                0x0800e180                        PROVIDE (__init_array_start = .)
 *(SORT_BY_NAME(.init_array.*))
 *(.init_array*)
 .init_array    0x0800e180        0x4 C:/ST/STM32CubeIDE_1.18.1/STM32CubeIDE/plugins/com.st.stm32cube.ide.mcu.externaltools.gnu-tools-for-stm32.13.3.rel1.win32_1.0.0.202411081344/tools/bin/../lib/gcc/arm-none-eabi/13.3.1/thumb/v7e-m+fp/hard/crtbegin.o
                0x0800e184                        PROVIDE (__init_array_end = .)
                0x0800e184                        . = ALIGN (0x4)

.fini_array     0x0800e184        0x4
                0x0800e184                        . = ALIGN (0x4)
                [!provide]                        PROVIDE (__fini_array_start = .)
 *(SORT_BY_NAME(.fini_array.*))
 *(.fini_array*)
 .fini_array    0x0800e184        0x4 C:/ST/STM32CubeIDE_1.18.1/STM32CubeIDE/plugins/com.st.stm32cube.ide.mcu.externaltools.gnu-tools-for-stm32.13.3.rel1.win32_1.0.0.202411081344/tools/bin/../lib/gcc/arm-none-eabi/13.3.1/thumb/v7e-m+fp/hard/crtbegin.o
                [!provide]                        PROVIDE (__fini_array_end = .)
                0x0800e188                        . = ALIGN (0x4)
                0x0800e188                        _sidata = LOADADDR (.data)

.rel.dyn        0x0800e188        0x0
 .rel.iplt      0x0800e188        0x0 C:/ST/STM32CubeIDE_1.18.1/STM32CubeIDE/plugins/com.st.stm32cube.ide.mcu.externaltools.gnu-tools-for-stm32.13.3.rel1.win32_1.0.0.202411081344/tools/bin/../lib/gcc/arm-none-eabi/13.3.1/thumb/v7e-m+fp/hard/crtbegin.o

.data           0x20000000      0x15c load address 0x0800e188
                0x20000000                        . = ALIGN (0x4)
                0x20000000                        _sdata = .
 *(.data)
 *(.data*)
 .data.SystemCoreClock
                0x20000000        0x4 ./Core/Src/system_stm32f4xx.o
                0x20000000                SystemCoreClock
 .data.uwTickPrio
                0x20000004        0x4 ./Drivers/STM32F4xx_HAL_Driver/stm32f4xx_hal.o
                0x20000004                uwTickPrio
 .data.uwTickFreq
                0x20000008        0x1 ./Drivers/STM32F4xx_HAL_Driver/stm32f4xx_hal.o
                0x20000008                uwTickFreq
 *fill*         0x20000009        0x3 
 .data.uxCriticalNesting
                0x2000000c        0x4 ./Middlewares/FreeRTOS/port.o
 .data.USBD_CDC_DeviceQualifierDesc
                0x20000010        0xa ./Middlewares/USB_Device_Library/usbd_cdc.o
 *fill*         0x2000001a        0x2 
 .data.USBD_CDC
                0x2000001c       0x38 ./Middlewares/USB_Device_Library/usbd_cdc.o
                0x2000001c                USBD_CDC
 .data.USBD_CDC_CfgDesc
                0x20000054       0x43 ./Middlewares/USB_Device_Library/usbd_cdc.o
 .data.CDCInEpAdd
                0x20000097        0x1 ./Middlewares/USB_Device_Library/usbd_cdc.o
 .data.CDCOutEpAdd
                0x20000098        0x1 ./Middlewares/USB_Device_Library/usbd_cdc.o
 .data.CDCCmdEpAdd
                0x20000099        0x1 ./Middlewares/USB_Device_Library/usbd_cdc.o
 *fill*         0x2000009a        0x2 
 .data.USBD_Interface_fops_FS
                0x2000009c       0x14 ./USB_DEVICE/App/usbd_cdc_if.o
                0x2000009c                USBD_Interface_fops_FS
 .data.FS_Desc  0x200000b0       0x1c ./USB_DEVICE/App/usbd_desc.o
                0x200000b0                FS_Desc
 .data.USBD_FS_DeviceDesc
                0x200000cc       0x12 ./USB_DEVICE/App/usbd_desc.o
                0x200000cc                USBD_FS_DeviceDesc
 *fill*         0x200000de        0x2 
 .data.USBD_LangIDDesc
                0x200000e0        0x4 ./USB_DEVICE/App/usbd_desc.o
                0x200000e0                USBD_LangIDDesc
 .data.USBD_StringSerial
                0x200000e4       0x1a ./USB_DEVICE/App/usbd_desc.o
                0x200000e4                USBD_StringSerial
 *fill*         0x200000fe        0x2 
 .data.__sglue  0x20000100        0xc C:/ST/STM32CubeIDE_1.18.1/STM32CubeIDE/plugins/com.st.stm32cube.ide.mcu.externaltools.gnu-tools-for-stm32.13.3.rel1.win32_1.0.0.202411081344/tools/bin/../lib/gcc/arm-none-eabi/13.3.1/../../../../arm-none-eabi/lib/thumb/v7e-m+fp/hard\libc_nano.a(libc_a-findfp.o)
                0x20000100                __sglue
 .data._impure_ptr
                0x2000010c        0x4 C:/ST/STM32CubeIDE_1.18.1/STM32CubeIDE/plugins/com.st.stm32cube.ide.mcu.externaltools.gnu-tools-for-stm32.13.3.rel1.win32_1.0.0.202411081344/tools/bin/../lib/gcc/arm-none-eabi/13.3.1/../../../../arm-none-eabi/lib/thumb/v7e-m+fp/hard\libc_nano.a(libc_a-impure.o)
                0x2000010c                _impure_ptr
 .data._impure_data
                0x20000110       0x4c C:/ST/STM32CubeIDE_1.18.1/STM32CubeIDE/plugins/com.st.stm32cube.ide.mcu.externaltools.gnu-tools-for-stm32.13.3.rel1.win32_1.0.0.202411081344/tools/bin/../lib/gcc/arm-none-eabi/13.3.1/../../../../arm-none-eabi/lib/thumb/v7e-m+fp/hard\libc_nano.a(libc_a-impure.o)
                0x20000110                _impure_data
 *(.RamFunc)
 *(.RamFunc*)
                0x2000015c                        . = ALIGN (0x4)
                0x2000015c                        _edata = .
                0x0800e2e4                        _siccmram = LOADADDR (.ccmram)

.igot.plt       0x2000015c        0x0 load address 0x0800e2e4
 .igot.plt      0x2000015c        0x0 C:/ST/STM32CubeIDE_1.18.1/STM32CubeIDE/plugins/com.st.stm32cube.ide.mcu.externaltools.gnu-tools-for-stm32.13.3.rel1.win32_1.0.0.202411081344/tools/bin/../lib/gcc/arm-none-eabi/13.3.1/thumb/v7e-m+fp/hard/crtbegin.o

.ccmram         0x10000000        0x0 load address 0x0800e2e4
                0x10000000                        . = ALIGN (0x4)
                0x10000000                        _sccmram = .
 *(.ccmram)
 *(.ccmram*)
                0x10000000                        . = ALIGN (0x4)
                0x10000000                        _eccmram = .
                0x10000000                        . = ALIGN (0x4)

.bss            0x2000015c     0x5fe4
                0x2000015c                        _sbss = .
                0x2000015c                        __bss_start__ = _sbss
 *(.bss)
 .bss           0x2000015c       0x1c C:/ST/STM32CubeIDE_1.18.1/STM32CubeIDE/plugins/com.st.stm32cube.ide.mcu.externaltools.gnu-tools-for-stm32.13.3.rel1.win32_1.0.0.202411081344/tools/bin/../lib/gcc/arm-none-eabi/13.3.1/thumb/v7e-m+fp/hard/crtbegin.o
 *(.bss*)
 .bss.xIdleTaskTCBBuffer
                0x20000178       0x54 ./Core/Src/freertos.o
 .bss.xIdleStack
                0x200001cc      0x200 ./Core/Src/freertos.o
 .bss.xFrameTaskHandle
                0x200003cc        0x4 ./Core/Src/main.o
                0x200003cc                xFrameTaskHandle
 .bss.xUSBCommandTaskHandle
                0x200003d0        0x4 ./Core/Src/main.o
                0x200003d0                xUSBCommandTaskHandle
 .bss.xSystemEvents
                0x200003d4        0x4 ./Core/Src/main.o
                0x200003d4                xSystemEvents
 .bss.xFrameQueue
                0x200003d8        0x4 ./Core/Src/main.o
                0x200003d8                xFrameQueue
 .bss.xUSBCommandQueue
                0x200003dc        0x4 ./Core/Src/main.o
                0x200003dc                xUSBCommandQueue
 .bss.xI2CSemaphore
                0x200003e0        0x4 ./Core/Src/main.o
                0x200003e0                xI2CSemaphore
 .bss.frame_buffer
                0x200003e4      0x190 ./Core/Src/main.o
                0x200003e4                frame_buffer
 .bss.hdcmi     0x20000574       0x40 ./Core/Src/main.o
                0x20000574                hdcmi
 .bss.hdma_dcmi
                0x200005b4       0x60 ./Core/Src/main.o
                0x200005b4                hdma_dcmi
 .bss.hi2c1     0x20000614       0x54 ./Core/Src/main.o
                0x20000614                hi2c1
 .bss.huart2    0x20000668       0x48 ./Core/Src/main.o
                0x20000668                huart2
 .bss.defaultTaskHandle
                0x200006b0        0x4 ./Core/Src/main.o
                0x200006b0                defaultTaskHandle
 .bss.__sbrk_heap_end
                0x200006b4        0x4 ./Core/Src/sysmem.o
 .bss.uwTick    0x200006b8        0x4 ./Drivers/STM32F4xx_HAL_Driver/stm32f4xx_hal.o
                0x200006b8                uwTick
 .bss.ucHeap    0x200006bc     0x3c00 ./Middlewares/FreeRTOS/heap_4.o
 .bss.xStart    0x200042bc        0x8 ./Middlewares/FreeRTOS/heap_4.o
 .bss.pxEnd     0x200042c4        0x4 ./Middlewares/FreeRTOS/heap_4.o
 .bss.xFreeBytesRemaining
                0x200042c8        0x4 ./Middlewares/FreeRTOS/heap_4.o
 .bss.xMinimumEverFreeBytesRemaining
                0x200042cc        0x4 ./Middlewares/FreeRTOS/heap_4.o
 .bss.xNumberOfSuccessfulAllocations
                0x200042d0        0x4 ./Middlewares/FreeRTOS/heap_4.o
 .bss.xNumberOfSuccessfulFrees
                0x200042d4        0x4 ./Middlewares/FreeRTOS/heap_4.o
 .bss.xBlockAllocatedBit
                0x200042d8        0x4 ./Middlewares/FreeRTOS/heap_4.o
 .bss.ucMaxSysCallPriority
                0x200042dc        0x1 ./Middlewares/FreeRTOS/port.o
 *fill*         0x200042dd        0x3 
 .bss.ulMaxPRIGROUPValue
                0x200042e0        0x4 ./Middlewares/FreeRTOS/port.o
 .bss.pxCurrentTCB
                0x200042e4        0x4 ./Middlewares/FreeRTOS/tasks.o
                0x200042e4                pxCurrentTCB
 .bss.pxReadyTasksLists
                0x200042e8       0x8c ./Middlewares/FreeRTOS/tasks.o
 .bss.xDelayedTaskList1
                0x20004374       0x14 ./Middlewares/FreeRTOS/tasks.o
 .bss.xDelayedTaskList2
                0x20004388       0x14 ./Middlewares/FreeRTOS/tasks.o
 .bss.pxDelayedTaskList
                0x2000439c        0x4 ./Middlewares/FreeRTOS/tasks.o
 .bss.pxOverflowDelayedTaskList
                0x200043a0        0x4 ./Middlewares/FreeRTOS/tasks.o
 .bss.xPendingReadyList
                0x200043a4       0x14 ./Middlewares/FreeRTOS/tasks.o
 .bss.xTasksWaitingTermination
                0x200043b8       0x14 ./Middlewares/FreeRTOS/tasks.o
 .bss.uxDeletedTasksWaitingCleanUp
                0x200043cc        0x4 ./Middlewares/FreeRTOS/tasks.o
 .bss.xSuspendedTaskList
                0x200043d0       0x14 ./Middlewares/FreeRTOS/tasks.o
 .bss.uxCurrentNumberOfTasks
                0x200043e4        0x4 ./Middlewares/FreeRTOS/tasks.o
 .bss.xTickCount
                0x200043e8        0x4 ./Middlewares/FreeRTOS/tasks.o
 .bss.uxTopReadyPriority
                0x200043ec        0x4 ./Middlewares/FreeRTOS/tasks.o
 .bss.xSchedulerRunning
                0x200043f0        0x4 ./Middlewares/FreeRTOS/tasks.o
 .bss.xPendedTicks
                0x200043f4        0x4 ./Middlewares/FreeRTOS/tasks.o
 .bss.xYieldPending
                0x200043f8        0x4 ./Middlewares/FreeRTOS/tasks.o
 .bss.xNumOfOverflows
                0x200043fc        0x4 ./Middlewares/FreeRTOS/tasks.o
 .bss.uxTaskNumber