Archive member included to satisfy reference by file (symbol)

C:/ST/STM32CubeIDE_1.18.1/STM32CubeIDE/plugins/com.st.stm32cube.ide.mcu.externaltools.gnu-tools-for-stm32.13.3.rel1.win32_1.0.0.202411081344/tools/bin/../lib/gcc/arm-none-eabi/13.3.1/../../../../arm-none-eabi/lib/thumb/v7e-m+fp/hard\libc_nano.a(libc_a-exit.o)
                              C:/ST/STM32CubeIDE_1.18.1/STM32CubeIDE/plugins/com.st.stm32cube.ide.mcu.externaltools.gnu-tools-for-stm32.13.3.rel1.win32_1.0.0.202411081344/tools/bin/../lib/gcc/arm-none-eabi/13.3.1/../../../../arm-none-eabi/lib/thumb/v7e-m+fp/hard/crt0.o (exit)
C:/ST/STM32CubeIDE_1.18.1/STM32CubeIDE/plugins/com.st.stm32cube.ide.mcu.externaltools.gnu-tools-for-stm32.13.3.rel1.win32_1.0.0.202411081344/tools/bin/../lib/gcc/arm-none-eabi/13.3.1/../../../../arm-none-eabi/lib/thumb/v7e-m+fp/hard\libc_nano.a(libc_a-nano-vfprintf_float.o)
                              (_printf_float)
C:/ST/STM32CubeIDE_1.18.1/STM32CubeIDE/plugins/com.st.stm32cube.ide.mcu.externaltools.gnu-tools-for-stm32.13.3.rel1.win32_1.0.0.202411081344/tools/bin/../lib/gcc/arm-none-eabi/13.3.1/../../../../arm-none-eabi/lib/thumb/v7e-m+fp/hard\libc_nano.a(libc_a-nano-vfprintf_i.o)
                              C:/ST/STM32CubeIDE_1.18.1/STM32CubeIDE/plugins/com.st.stm32cube.ide.mcu.externaltools.gnu-tools-for-stm32.13.3.rel1.win32_1.0.0.202411081344/tools/bin/../lib/gcc/arm-none-eabi/13.3.1/../../../../arm-none-eabi/lib/thumb/v7e-m+fp/hard\libc_nano.a(libc_a-nano-vfprintf_float.o) (_printf_common)
C:/ST/STM32CubeIDE_1.18.1/STM32CubeIDE/plugins/com.st.stm32cube.ide.mcu.externaltools.gnu-tools-for-stm32.13.3.rel1.win32_1.0.0.202411081344/tools/bin/../lib/gcc/arm-none-eabi/13.3.1/../../../../arm-none-eabi/lib/thumb/v7e-m+fp/hard\libc_nano.a(libc_a-findfp.o)
                              C:/ST/STM32CubeIDE_1.18.1/STM32CubeIDE/plugins/com.st.stm32cube.ide.mcu.externaltools.gnu-tools-for-stm32.13.3.rel1.win32_1.0.0.202411081344/tools/bin/../lib/gcc/arm-none-eabi/13.3.1/../../../../arm-none-eabi/lib/thumb/v7e-m+fp/hard\libc_nano.a(libc_a-exit.o) (__stdio_exit_handler)
C:/ST/STM32CubeIDE_1.18.1/STM32CubeIDE/plugins/com.st.stm32cube.ide.mcu.externaltools.gnu-tools-for-stm32.13.3.rel1.win32_1.0.0.202411081344/tools/bin/../lib/gcc/arm-none-eabi/13.3.1/../../../../arm-none-eabi/lib/thumb/v7e-m+fp/hard\libc_nano.a(libc_a-fwalk.o)
                              C:/ST/STM32CubeIDE_1.18.1/STM32CubeIDE/plugins/com.st.stm32cube.ide.mcu.externaltools.gnu-tools-for-stm32.13.3.rel1.win32_1.0.0.202411081344/tools/bin/../lib/gcc/arm-none-eabi/13.3.1/../../../../arm-none-eabi/lib/thumb/v7e-m+fp/hard\libc_nano.a(libc_a-findfp.o) (_fwalk_sglue)
C:/ST/STM32CubeIDE_1.18.1/STM32CubeIDE/plugins/com.st.stm32cube.ide.mcu.externaltools.gnu-tools-for-stm32.13.3.rel1.win32_1.0.0.202411081344/tools/bin/../lib/gcc/arm-none-eabi/13.3.1/../../../../arm-none-eabi/lib/thumb/v7e-m+fp/hard\libc_nano.a(libc_a-printf.o)
                              ./Core/Src/OV7670_control.o (printf)
C:/ST/STM32CubeIDE_1.18.1/STM32CubeIDE/plugins/com.st.stm32cube.ide.mcu.externaltools.gnu-tools-for-stm32.13.3.rel1.win32_1.0.0.202411081344/tools/bin/../lib/gcc/arm-none-eabi/13.3.1/../../../../arm-none-eabi/lib/thumb/v7e-m+fp/hard\libc_nano.a(libc_a-puts.o)
                              ./Core/Src/SD.o (puts)
C:/ST/STM32CubeIDE_1.18.1/STM32CubeIDE/plugins/com.st.stm32cube.ide.mcu.externaltools.gnu-tools-for-stm32.13.3.rel1.win32_1.0.0.202411081344/tools/bin/../lib/gcc/arm-none-eabi/13.3.1/../../../../arm-none-eabi/lib/thumb/v7e-m+fp/hard\libc_nano.a(libc_a-stdio.o)
                              C:/ST/STM32CubeIDE_1.18.1/STM32CubeIDE/plugins/com.st.stm32cube.ide.mcu.externaltools.gnu-tools-for-stm32.13.3.rel1.win32_1.0.0.202411081344/tools/bin/../lib/gcc/arm-none-eabi/13.3.1/../../../../arm-none-eabi/lib/thumb/v7e-m+fp/hard\libc_nano.a(libc_a-findfp.o) (__sread)
C:/ST/STM32CubeIDE_1.18.1/STM32CubeIDE/plugins/com.st.stm32cube.ide.mcu.externaltools.gnu-tools-for-stm32.13.3.rel1.win32_1.0.0.202411081344/tools/bin/../lib/gcc/arm-none-eabi/13.3.1/../../../../arm-none-eabi/lib/thumb/v7e-m+fp/hard\libc_nano.a(libc_a-wbuf.o)
                              C:/ST/STM32CubeIDE_1.18.1/STM32CubeIDE/plugins/com.st.stm32cube.ide.mcu.externaltools.gnu-tools-for-stm32.13.3.rel1.win32_1.0.0.202411081344/tools/bin/../lib/gcc/arm-none-eabi/13.3.1/../../../../arm-none-eabi/lib/thumb/v7e-m+fp/hard\libc_nano.a(libc_a-puts.o) (__swbuf_r)
C:/ST/STM32CubeIDE_1.18.1/STM32CubeIDE/plugins/com.st.stm32cube.ide.mcu.externaltools.gnu-tools-for-stm32.13.3.rel1.win32_1.0.0.202411081344/tools/bin/../lib/gcc/arm-none-eabi/13.3.1/../../../../arm-none-eabi/lib/thumb/v7e-m+fp/hard\libc_nano.a(libc_a-wsetup.o)
                              C:/ST/STM32CubeIDE_1.18.1/STM32CubeIDE/plugins/com.st.stm32cube.ide.mcu.externaltools.gnu-tools-for-stm32.13.3.rel1.win32_1.0.0.202411081344/tools/bin/../lib/gcc/arm-none-eabi/13.3.1/../../../../arm-none-eabi/lib/thumb/v7e-m+fp/hard\libc_nano.a(libc_a-puts.o) (__swsetup_r)
[...]
Memory Configuration

Name             Origin             Length             Attributes
CCMRAM           0x10000000         0x00010000         xrw
RAM              0x20000000         0x00020000         xrw
FLASH            0x08000000         0x00100000         xr
*default*        0x00000000         0xffffffff

Linker script and memory map

LOAD C:/ST/STM32CubeIDE_1.18.1/STM32CubeIDE/plugins/com.st.stm32cube.ide.mcu.externaltools.gnu-tools-for-stm32.13.3.rel1.win32_1.0.0.202411081344/tools/bin/../lib/gcc/arm-none-eabi/13.3.1/thumb/v7e-m+fp/hard/crti.o
LOAD C:/ST/STM32CubeIDE_1.18.1/STM32CubeIDE/plugins/com.st.stm32cube.ide.mcu.externaltools.gnu-tools-for-stm32.13.3.rel1.win32_1.0.0.202411081344/tools/bin/../lib/gcc/arm-none-eabi/13.3.1/thumb/v7e-m+fp/hard/crtbegin.o
LOAD C:/ST/STM32CubeIDE_1.18.1/STM32CubeIDE/plugins/com.st.stm32cube.ide.mcu.externaltools.gnu-tools-for-stm32.13.3.rel1.win32_1.0.0.202411081344/tools/bin/../lib/gcc/arm-none-eabi/13.3.1/../../../../arm-none-eabi/lib/thumb/v7e-m+fp/hard/crt0.o
LOAD ./Core/Src/OV7670_control.o
LOAD ./Core/Src/SD.o
LOAD ./Core/Src/USB_CDC.o
LOAD ./Core/Src/dcmi_driver.o
LOAD ./Core/Src/freertos.o
LOAD ./Core/Src/main.o
LOAD ./Core/Src/retarget.o
LOAD ./Core/Src/stm32f4xx_hal_msp.o
LOAD ./Core/Src/stm32f4xx_it.o
LOAD ./Core/Src/syscalls.o
LOAD ./Core/Src/sysmem.o
LOAD ./Core/Src/system_stm32f4xx.o
LOAD ./Core/Startup/startup_stm32f407vgtx.o
LOAD ./Drivers/STM32F4xx_HAL_Driver/stm32f4xx_hal.o
LOAD ./Drivers/STM32F4xx_HAL_Driver/stm32f4xx_hal_cortex.o
LOAD ./Drivers/STM32F4xx_HAL_Driver/stm32f4xx_hal_dcmi.o
LOAD ./Drivers/STM32F4xx_HAL_Driver/stm32f4xx_hal_dcmi_ex.o
LOAD ./Drivers/STM32F4xx_HAL_Driver/stm32f4xx_hal_dma.o
LOAD ./Drivers/STM32F4xx_HAL_Driver/stm32f4xx_hal_dma_ex.o
LOAD ./Drivers/STM32F4xx_HAL_Driver/stm32f4xx_hal_exti.o
LOAD ./Drivers/STM32F4xx_HAL_Driver/stm32f4xx_hal_flash.o
LOAD ./Drivers/STM32F4xx_HAL_Driver/stm32f4xx_hal_flash_ex.o
LOAD ./Drivers/STM32F4xx_HAL_Driver/stm32f4xx_hal_flash_ramfunc.o
LOAD ./Drivers/STM32F4xx_HAL_Driver/stm32f4xx_hal_gpio.o
LOAD ./Drivers/STM32F4xx_HAL_Driver/stm32f4xx_hal_i2c.o
LOAD ./Drivers/STM32F4xx_HAL_Driver/stm32f4xx_hal_i2c_ex.o
LOAD ./Drivers/STM32F4xx_HAL_Driver/stm32f4xx_hal_mmc.o
LOAD ./Drivers/STM32F4xx_HAL_Driver/stm32f4xx_hal_pcd.o
LOAD ./Drivers/STM32F4xx_HAL_Driver/stm32f4xx_hal_pcd_ex.o
LOAD ./Drivers/STM32F4xx_HAL_Driver/stm32f4xx_hal_pwr.o
LOAD ./Drivers/STM32F4xx_HAL_Driver/stm32f4xx_hal_pwr_ex.o
LOAD ./Drivers/STM32F4xx_HAL_Driver/stm32f4xx_hal_rcc.o
LOAD ./Drivers/STM32F4xx_HAL_Driver/stm32f4xx_hal_rcc_ex.o
LOAD ./Drivers/STM32F4xx_HAL_Driver/stm32f4xx_hal_sd.o
LOAD ./Drivers/STM32F4xx_HAL_Driver/stm32f4xx_hal_uart.o
LOAD ./Drivers/STM32F4xx_HAL_Driver/stm32f4xx_ll_sdmmc.o
LOAD ./Drivers/STM32F4xx_HAL_Driver/stm32f4xx_ll_usb.o
LOAD ./FATFS/App/fatfs.o
LOAD ./FATFS/Target/bsp_driver_sd.o
LOAD ./FATFS/Target/sd_diskio.o
LOAD ./Middlewares/FatFs/diskio.o
LOAD ./Middlewares/FatFs/ff.o
LOAD ./Middlewares/FatFs/ff_gen_drv.o
LOAD ./Middlewares/FatFs/syscall.o
LOAD ./Middlewares/FreeRTOS/cmsis_os.o
LOAD ./Middlewares/FreeRTOS/croutine.o
LOAD ./Middlewares/FreeRTOS/event_groups.o
LOAD ./Middlewares/FreeRTOS/heap_4.o
LOAD ./Middlewares/FreeRTOS/list.o
LOAD ./Middlewares/FreeRTOS/port.o
LOAD ./Middlewares/FreeRTOS/queue.o
LOAD ./Middlewares/FreeRTOS/stream_buffer.o
LOAD ./Middlewares/FreeRTOS/tasks.o
LOAD ./Middlewares/FreeRTOS/timers.o
LOAD ./Middlewares/USB_Device_Library/usbd_cdc.o
LOAD ./Middlewares/USB_Device_Library/usbd_core.o
LOAD ./Middlewares/USB_Device_Library/usbd_ctlreq.o
LOAD ./Middlewares/USB_Device_Library/usbd_ioreq.o
LOAD ./USB_DEVICE/App/usb_device.o
LOAD ./USB_DEVICE/App/usbd_cdc_if.o
LOAD ./USB_DEVICE/App/usbd_desc.o
LOAD ./USB_DEVICE/Target/usbd_conf.o
START GROUP
LOAD C:/ST/STM32CubeIDE_1.18.1/STM32CubeIDE/plugins/com.st.stm32cube.ide.mcu.externaltools.gnu-tools-for-stm32.13.3.rel1.win32_1.0.0.202411081344/tools/bin/../lib/gcc/arm-none-eabi/13.3.1/../../../../arm-none-eabi/lib/thumb/v7e-m+fp/hard\libstdc++_nano.a
LOAD C:/ST/STM32CubeIDE_1.18.1/STM32CubeIDE/plugins/com.st.stm32cube.ide.mcu.externaltools.gnu-tools-for-stm32.13.3.rel1.win32_1.0.0.202411081344/tools/bin/../lib/gcc/arm-none-eabi/13.3.1/../../../../arm-none-eabi/lib/thumb/v7e-m+fp/hard\libsupc++_nano.a
END GROUP
LOAD C:/ST/STM32CubeIDE_1.18.1/STM32CubeIDE/plugins/com.st.stm32cube.ide.mcu.externaltools.gnu-tools-for-stm32.13.3.rel1.win32_1.0.0.202411081344/tools/bin/../lib/gcc/arm-none-eabi/13.3.1/../../../../arm-none-eabi/lib/thumb/v7e-m+fp/hard\libstdc++_nano.a
LOAD C:/ST/STM32CubeIDE_1.18.1/STM32CubeIDE/plugins/com.st.stm32cube.ide.mcu.externaltools.gnu-tools-for-stm32.13.3.rel1.win32_1.0.0.202411081344/tools/bin/../lib/gcc/arm-none-eabi/13.3.1/../../../../arm-none-eabi/lib/thumb/v7e-m+fp/hard\libm.a
LOAD C:/ST/STM32CubeIDE_1.18.1/STM32CubeIDE/plugins/com.st.stm32cube.ide.mcu.externaltools.gnu-tools-for-stm32.13.3.rel1.win32_1.0.0.202411081344/tools/bin/../lib/gcc/arm-none-eabi/13.3.1/../../../../arm-none-eabi/lib/thumb/v7e-m+fp/hard\libc_nano.a
START GROUP
LOAD C:/ST/STM32CubeIDE_1.18.1/STM32CubeIDE/plugins/com.st.stm32cube.ide.mcu.externaltools.gnu-tools-for-stm32.13.3.rel1.win32_1.0.0.202411081344/tools/bin/../lib/gcc/arm-none-eabi/13.3.1/thumb/v7e-m+fp/hard\libgcc.a
LOAD C:/ST/STM32CubeIDE_1.18.1/STM32CubeIDE/plugins/com.st.stm32cube.ide.mcu.externaltools.gnu-tools-for-stm32.13.3.rel1.win32_1.0.0.202411081344/tools/bin/../lib/gcc/arm-none-eabi/13.3.1/../../../../arm-none-eabi/lib/thumb/v7e-m+fp/hard\libc_nano.a
END GROUP
START GROUP
LOAD C:/ST/STM32CubeIDE_1.18.1/STM32CubeIDE/plugins/com.st.stm32cube.ide.mcu.externaltools.gnu-tools-for-stm32.13.3.rel1.win32_1.0.0.202411081344/tools/bin/../lib/gcc/arm-none-eabi/13.3.1/thumb/v7e-m+fp/hard\libgcc.a
LOAD C:/ST/STM32CubeIDE_1.18.1/STM32CubeIDE/plugins/com.st.stm32cube.ide.mcu.externaltools.gnu-tools-for-stm32.13.3.rel1.win32_1.0.0.202411081344/tools/bin/../lib/gcc/arm-none-eabi/13.3.1/../../../../arm-none-eabi/lib/thumb/v7e-m+fp/hard\libc_nano.a
LOAD C:/ST/STM32CubeIDE_1.18.1/STM32CubeIDE/plugins/com.st.stm32cube.ide.mcu.externaltools.gnu-tools-for-stm32.13.3.rel1.win32_1.0.0.202411081344/tools/bin/../lib/gcc/arm-none-eabi/13.3.1/../../../../arm-none-eabi/lib/thumb/v7e-m+fp/hard\libnosys.a
END GROUP
START GROUP
LOAD C:/ST/STM32CubeIDE_1.18.1/STM32CubeIDE/plugins/com.st.stm32cube.ide.mcu.externaltools.gnu-tools-for-stm32.13.3.rel1.win32_1.0.0.202411081344/tools/bin/../lib/gcc/arm-none-eabi/13.3.1/thumb/v7e-m+fp/hard\libgcc.a
LOAD C:/ST/STM32CubeIDE_1.18.1/STM32CubeIDE/plugins/com.st.stm32cube.ide.mcu.externaltools.gnu-tools-for-stm32.13.3.rel1.win32_1.0.0.202411081344/tools/bin/../lib/gcc/arm-none-eabi/13.3.1/../../../../arm-none-eabi/lib/thumb/v7e-m+fp/hard\libc_nano.a
LOAD C:/ST/STM32CubeIDE_1.18.1/STM32CubeIDE/plugins/com.st.stm32cube.ide.mcu.externaltools.gnu-tools-for-stm32.13.3.rel1.win32_1.0.0.202411081344/tools/bin/../lib/gcc/arm-none-eabi/13.3.1/../../../../arm-none-eabi/lib/thumb/v7e-m+fp/hard\libnosys.a
END GROUP
LOAD C:/ST/STM32CubeIDE_1.18.1/STM32CubeIDE/plugins/com.st.stm32cube.ide.mcu.externaltools.gnu-tools-for-stm32.13.3.rel1.win32_1.0.0.202411081344/tools/bin/../lib/gcc/arm-none-eabi/13.3.1/thumb/v7e-m+fp/hard/crtend.o
LOAD C:/ST/STM32CubeIDE_1.18.1/STM32CubeIDE/plugins/com.st.stm32cube.ide.mcu.externaltools.gnu-tools-for-stm32.13.3.rel1.win32_1.0.0.202411081344/tools/bin/../lib/gcc/arm-none-eabi/13.3.1/thumb/v7e-m+fp/hard/crtn.o
                0x20020000                        _estack = (ORIGIN (RAM) + LENGTH (RAM))
                0x00000200                        _Min_Heap_Size = 0x200
                0x00000400                        _Min_Stack_Size = 0x400

.isr_vector     0x08000000      0x188
                0x08000000                        . = ALIGN (0x4)
 *(.isr_vector)
 .isr_vector    0x08000000      0x188 ./Core/Startup/startup_stm32f407vgtx.o
                0x08000000                g_pfnVectors
                0x08000188                        . = ALIGN (0x4)

.text           0x08000190    0x13010
                0x08000190                        . = ALIGN (0x4)
 *(.text)
 .text          0x08000190       0x40 C:/ST/STM32CubeIDE_1.18.1/STM32CubeIDE/plugins/com.st.stm32cube.ide.mcu.externaltools.gnu-tools-for-stm32.13.3.rel1.win32_1.0.0.202411081344/tools/bin/../lib/gcc/arm-none-eabi/13.3.1/thumb/v7e-m+fp/hard/crtbegin.o
 .text          0x080001d0       0xa0 C:/ST/STM32CubeIDE_1.18.1/STM32CubeIDE/plugins/com.st.stm32cube.ide.mcu.externaltools.gnu-tools-for-stm32.13.3.rel1.win32_1.0.0.202411081344/tools/bin/../lib/gcc/arm-none-eabi/13.3.1/../../../../arm-none-eabi/lib/thumb/v7e-m+fp/hard\libc_nano.a(libc_a-memchr.o)
                0x080001d0                memchr
 .text          0x08000270       0x10 C:/ST/STM32CubeIDE_1.18.1/STM32CubeIDE/plugins/com.st.stm32cube.ide.mcu.externaltools.gnu-tools-for-stm32.13.3.rel1.win32_1.0.0.202411081344/tools/bin/../lib/gcc/arm-none-eabi/13.3.1/../../../../arm-none-eabi/lib/thumb/v7e-m+fp/hard\libc_nano.a(libc_a-strlen.o)
                0x08000270                strlen
 .text          0x08000280      0x378 C:/ST/STM32CubeIDE_1.18.1/STM32CubeIDE/plugins/com.st.stm32cube.ide.mcu.externaltools.gnu-tools-for-stm32.13.3.rel1.win32_1.0.0.202411081344/tools/bin/../lib/gcc/arm-none-eabi/13.3.1/thumb/v7e-m+fp/hard\libgcc.a(_arm_addsubdf3.o)
                0x08000280                __aeabi_drsub
                0x08000288                __aeabi_dsub
                0x08000288                __subdf3
                0x0800028c                __aeabi_dadd
                0x0800028c                __adddf3
                0x08000504                __floatunsidf
                0x08000504                __aeabi_ui2d
                0x08000524                __floatsidf
                0x08000524                __aeabi_i2d
                0x08000548                __aeabi_f2d
                0x08000548                __extendsfdf2
                0x0800058c                __floatundidf
                0x0800058c                __aeabi_ul2d
                0x0800059c                __floatdidf
                0x0800059c                __aeabi_l2d
 .text          0x080005f8      0x424 C:/ST/STM32CubeIDE_1.18.1/STM32CubeIDE/plugins/com.st.stm32cube.ide.mcu.externaltools.gnu-tools-for-stm32.13.3.rel1.win32_1.0.0.202411081344/tools/bin/../lib/gcc/arm-none-eabi/13.3.1/thumb/v7e-m+fp/hard\libgcc.a(_arm_muldivdf3.o)
                0x080005f8                __aeabi_dmul
                0x080005f8                __muldf3
                0x0800084c                __divdf3
                0x0800084c                __aeabi_ddiv
 .text          0x08000a1c      0x110 C:/ST/STM32CubeIDE_1.18.1/STM32CubeIDE/plugins/com.st.stm32cube.ide.mcu.externaltools.gnu-tools-for-stm32.13.3.rel1.win32_1.0.0.202411081344/tools/bin/../lib/gcc/arm-none-eabi/13.3.1/thumb/v7e-m+fp/hard\libgcc.a(_arm_cmpdf2.o)
                0x08000a1c                __gtdf2
                0x08000a1c                __gedf2
                0x08000a24                __ltdf2
                0x08000a24                __ledf2
                0x08000a2c                __nedf2
                0x08000a2c                __eqdf2
                0x08000a2c                __cmpdf2
                0x08000aa8                __aeabi_cdrcmple
                0x08000ab8                __aeabi_cdcmpeq
                0x08000ab8                __aeabi_cdcmple
                0x08000ac8                __aeabi_dcmpeq
                0x08000adc                __aeabi_dcmplt
                0x08000af0                __aeabi_dcmple
                0x08000b04                __aeabi_dcmpge
                0x08000b18                __aeabi_dcmpgt
 .text          0x08000b2c       0x2c C:/ST/STM32CubeIDE_1.18.1/STM32CubeIDE/plugins/com.st.stm32cube.ide.mcu.externaltools.gnu-tools-for-stm32.13.3.rel1.win32_1.0.0.202411081344/tools/bin/../lib/gcc/arm-none-eabi/13.3.1/thumb/v7e-m+fp/hard\libgcc.a(_arm_unorddf2.o)
                0x08000b2c                __unorddf2
                0x08000b2c                __aeabi_dcmpun
 .text          0x08000b58       0x50 C:/ST/STM32CubeIDE_1.18.1/STM32CubeIDE/plugins/com.st.stm32cube.ide.mcu.externaltools.gnu-tools-for-stm32.13.3.rel1.win32_1.0.0.202411081344/tools/bin/../lib/gcc/arm-none-eabi/13.3.1/thumb/v7e-m+fp/hard\libgcc.a(_arm_fixdfsi.o)
                0x08000b58                __aeabi_d2iz
                0x08000b58                __fixdfsi
 .text          0x08000ba8       0x30 C:/ST/STM32CubeIDE_1.18.1/STM32CubeIDE/plugins/com.st.stm32cube.ide.mcu.externaltools.gnu-tools-for-stm32.13.3.rel1.win32_1.0.0.202411081344/tools/bin/../lib/gcc/arm-none-eabi/13.3.1/thumb/v7e-m+fp/hard\libgcc.a(_aeabi_uldivmod.o)
                0x08000ba8                __aeabi_uldivmod
 .text          0x08000bd8      0x2f8 C:/ST/STM32CubeIDE_1.18.1/STM32CubeIDE/plugins/com.st.stm32cube.ide.mcu.externaltools.gnu-tools-for-stm32.13.3.rel1.win32_1.0.0.202411081344/tools/bin/../lib/gcc/arm-none-eabi/13.3.1/thumb/v7e-m+fp/hard\libgcc.a(_udivmoddi4.o)
                0x08000bd8                __udivmoddi4
 .text          0x08000ed0        0x4 C:/ST/STM32CubeIDE_1.18.1/STM32CubeIDE/plugins/com.st.stm32cube.ide.mcu.externaltools.gnu-tools-for-stm32.13.3.rel1.win32_1.0.0.202411081344/tools/bin/../lib/gcc/arm-none-eabi/13.3.1/thumb/v7e-m+fp/hard\libgcc.a(_dvmd_tls.o)
                0x08000ed0                __aeabi_idiv0
                0x08000ed0                __aeabi_ldiv0
 *(.text*)
 .text.LL_I2C_IsActiveFlag_TXE
                0x08000ed4       0x26 ./Core/Src/OV7670_control.o
 .text.LL_I2C_IsActiveFlag_BTF
                0x08000efa       0x26 ./Core/Src/OV7670_control.o
 .text.LL_I2C_IsActiveFlag_SB
                0x08000f20       0x26 ./Core/Src/OV7670_control.o
 .text.LL_I2C_IsActiveFlag_ADDR
                0x08000f46       0x26 ./Core/Src/OV7670_control.o
 .text.LL_I2C_GenerateStartCondition
                0x08000f6c       0x20 ./Core/Src/OV7670_control.o
 .text.LL_I2C_GenerateStopCondition
                0x08000f8c       0x20 ./Core/Src/OV7670_control.o
 .text.LL_I2C_TransmitData8
                0x08000fac       0x28 ./Core/Src/OV7670_control.o
 .text.OV7670_init
                0x08000fd4      0x150 ./Core/Src/OV7670_control.o
                0x08000fd4                OV7670_init
 .text.BSP_SD_WriteCpltCallback
                0x08001124       0x44 ./Core/Src/SD.o
                0x08001124                BSP_SD_WriteCpltCallback
 .text.BSP_SD_ReadCpltCallback
                0x08001168       0x44 ./Core/Src/SD.o
                0x08001168                BSP_SD_ReadCpltCallback
 .text.USBFrameSendTask
                0x080011ac      0x114 ./Core/Src/USB_CDC.o
                0x080011ac                USBFrameSendTask
 .text.My_DMA_HalfTransfer_Callback
                0x080012c0       0x58 ./Core/Src/dcmi_driver.o
                0x080012c0                My_DMA_HalfTransfer_Callback
 .text.HAL_DCMI_VsyncEventCallback
                0x08001318       0xa8 ./Core/Src/dcmi_driver.o
                0x08001318                HAL_DCMI_VsyncEventCallback
 .text.vApplicationGetIdleTaskMemory
                0x080013c0       0x34 ./Core/Src/freertos.o
                0x080013c0                vApplicationGetIdleTaskMemory
 .text.FrameProcessTask
                0x080013f4       0x78 ./Core/Src/main.o
                0x080013f4                FrameProcessTask
 .text.DWT_Init
                0x0800146c       0x34 ./Core/Src/main.o
                0x0800146c                DWT_Init
 .text.main     0x080014a0      0x1a4 ./Core/Src/main.o
                0x080014a0                main
 .text.SystemClock_Config
                0x08001644       0xe8 ./Core/Src/main.o
                0x08001644                SystemClock_Config
 .text.MX_DCMI_Init
                0x0800172c       0x70 ./Core/Src/main.o
 .text.MX_I2C1_Init
                0x0800179c       0x5c ./Core/Src/main.o
 .text.MX_SDIO_SD_Init
                0x080017f8       0x68 ./Core/Src/main.o
 .text.MX_USART2_UART_Init
                0x08001860       0x54 ./Core/Src/main.o
 .text.MX_DMA_Init
                0x080018b4       0x60 ./Core/Src/main.o
 .text.MX_GPIO_Init
                0x08001914      0x11c ./Core/Src/main.o
 .text.EXTI0_IRQHandler
                0x08001a30        0xe ./Core/Src/main.o
                0x08001a30                EXTI0_IRQHandler
 *fill*         0x08001a3e        0x2 
 .text.HAL_GPIO_EXTI_Callback
                0x08001a40       0x48 ./Core/Src/main.o
                0x08001a40                HAL_GPIO_EXTI_Callback
 .text.StartDefaultTask
                0x08001a88       0x1a ./Core/Src/main.o
                0x08001a88                StartDefaultTask
 *fill*         0x08001aa2        0x2 
 .text.Error_Handler
                0x08001aa4       0x18 ./Core/Src/main.o
                0x08001aa4                Error_Handler
 .text.__io_putchar
                0x08001abc       0x24 ./Core/Src/retarget.o
                0x08001abc                __io_putchar
 .text.HAL_MspInit
                0x08001ae0       0x58 ./Core/Src/stm32f4xx_hal_msp.o
                0x08001ae0                HAL_MspInit
 .text.HAL_DCMI_MspInit
                0x08001b38      0x21c ./Core/Src/stm32f4xx_hal_msp.o
                0x08001b38                HAL_DCMI_MspInit
 .text.HAL_I2C_MspInit
                0x08001d54       0x90 ./Core/Src/stm32f4xx_hal_msp.o
                0x08001d54                HAL_I2C_MspInit
 .text.HAL_SD_MspInit
                0x08001de4      0x204 ./Core/Src/stm32f4xx_hal_msp.o
                0x08001de4                HAL_SD_MspInit
 .text.HAL_UART_MspInit
                0x08001fe8       0x90 ./Core/Src/stm32f4xx_hal_msp.o
                0x08001fe8                HAL_UART_MspInit
 .text.NMI_Handler
                0x08002078        0xc ./Core/Src/stm32f4xx_it.o
                0x08002078                NMI_Handler
 .text.HardFault_Handler
                0x08002084        0x8 ./Core/Src/stm32f4xx_it.o
                0x08002084                HardFault_Handler
 .text.MemManage_Handler
                0x0800208c        0x8 ./Core/Src/stm32f4xx_it.o
                0x0800208c                MemManage_Handler
 .text.BusFault_Handler
                0x08002094        0x8 ./Core/Src/stm32f4xx_it.o
                0x08002094                BusFault_Handler
 .text.UsageFault_Handler
                0x0800209c        0x8 ./Core/Src/stm32f4xx_it.o
                0x0800209c                UsageFault_Handler
 .text.DebugMon_Handler
                0x080020a4        0xe ./Core/Src/stm32f4xx_it.o
                0x080020a4                DebugMon_Handler
 .text.SysTick_Handler
                0x080020b2       0x1a ./Core/Src/stm32f4xx_it.o
                0x080020b2                SysTick_Handler
 .text.SDIO_IRQHandler
                0x080020cc       0x14 ./Core/Src/stm32f4xx_it.o
                0x080020cc                SDIO_IRQHandler
 .text.DMA2_Stream1_IRQHandler
                0x080020e0       0x14 ./Core/Src/stm32f4xx_it.o
                0x080020e0                DMA2_Stream1_IRQHandler
 .text.DMA2_Stream3_IRQHandler
                0x080020f4       0x14 ./Core/Src/stm32f4xx_it.o
                0x080020f4                DMA2_Stream3_IRQHandler
 .text.OTG_FS_IRQHandler
                0x08002108       0x14 ./Core/Src/stm32f4xx_it.o
                0x08002108                OTG_FS_IRQHandler
 .text.DMA2_Stream6_IRQHandler
                0x0800211c       0x14 ./Core/Src/stm32f4xx_it.o
                0x0800211c                DMA2_Stream6_IRQHandler
 .text.DCMI_IRQHandler
                0x08002130       0x14 ./Core/Src/stm32f4xx_it.o
                0x08002130                DCMI_IRQHandler
 .text._getpid  0x08002144       0x10 ./Core/Src/syscalls.o
                0x08002144                _getpid
 .text._kill    0x08002154       0x20 ./Core/Src/syscalls.o
                0x08002154                _kill
 .text._exit    0x08002174       0x16 ./Core/Src/syscalls.o
                0x08002174                _exit
 .text._read    0x0800218a       0x3a ./Core/Src/syscalls.o
                0x0800218a                _read
 .text._write   0x080021c4       0x38 ./Core/Src/syscalls.o
                0x080021c4                _write
 .text._close   0x080021fc       0x18 ./Core/Src/syscalls.o
                0x080021fc                _close
 .text._fstat   0x08002214       0x20 ./Core/Src/syscalls.o
                0x08002214                _fstat
 .text._isatty  0x08002234       0x16 ./Core/Src/syscalls.o
                0x08002234                _isatty
 .text._lseek   0x0800224a       0x1a ./Core/Src/syscalls.o
                0x0800224a                _lseek
 .text._sbrk    0x08002264       0x6c ./Core/Src/sysmem.o
                0x08002264                _sbrk
 .text.SystemInit
                0x080022d0       0x24 ./Core/Src/system_stm32f4xx.o
                0x080022d0                SystemInit
 .text.Reset_Handler
                0x080022f4       0x50 ./Core/Startup/startup_stm32f407vgtx.o
                0x080022f4                Reset_Handler
 .text.Default_Handler
                0x08002344        0x2 ./Core/Startup/startup_stm32f407vgtx.o
                0x08002344                RTC_Alarm_IRQHandler
                0x08002344                HASH_RNG_IRQHandler
                0x08002344                EXTI2_IRQHandler
                0x08002344                TIM8_CC_IRQHandler
                0x08002344                TIM1_CC_IRQHandler
                0x08002344                DMA2_Stream5_IRQHandler
                0x08002344                DMA1_Stream5_IRQHandler
                0x08002344                PVD_IRQHandler
                0x08002344                TAMP_STAMP_IRQHandler
                0x08002344                CAN2_RX1_IRQHandler
                0x08002344                EXTI3_IRQHandler
                0x08002344                TIM8_TRG_COM_TIM14_IRQHandler
                0x08002344                TIM1_UP_TIM10_IRQHandler
                0x08002344                TIM8_UP_TIM13_IRQHandler
                0x08002344                I2C3_ER_IRQHandler
                0x08002344                I2C2_EV_IRQHandler
                0x08002344                DMA1_Stream2_IRQHandler
                0x08002344                CAN1_RX0_IRQHandler
                0x08002344                FPU_IRQHandler
                0x08002344                OTG_HS_WKUP_IRQHandler
                0x08002344                CAN2_SCE_IRQHandler
                0x08002344                DMA2_Stream2_IRQHandler
                0x08002344                SPI1_IRQHandler
                0x08002344                TIM6_DAC_IRQHandler
                0x08002344                TIM1_BRK_TIM9_IRQHandler
                0x08002344                CAN2_RX0_IRQHandler
                0x08002344                USART6_IRQHandler
                0x08002344                USART3_IRQHandler
                0x08002344                CAN1_RX1_IRQHandler
                0x08002344                UART5_IRQHandler
                0x08002344                DMA2_Stream0_IRQHandler
                0x08002344                TIM4_IRQHandler
                0x08002344                I2C1_EV_IRQHandler
                0x08002344                DMA1_Stream6_IRQHandler
                0x08002344                DMA1_Stream1_IRQHandler
                0x08002344                UART4_IRQHandler
                0x08002344                TIM3_IRQHandler
                0x08002344                RCC_IRQHandler
                0x08002344                TIM8_BRK_TIM12_IRQHandler
                0x08002344                Default_Handler
                0x08002344                EXTI15_10_IRQHandler
                0x08002344                ADC_IRQHandler
                0x08002344                DMA1_Stream7_IRQHandler
                0x08002344                TIM7_IRQHandler
                0x08002344                CAN2_TX_IRQHandler
                0x08002344                TIM5_IRQHandler
                0x08002344                DMA2_Stream7_IRQHandler
                0x08002344                I2C3_EV_IRQHandler
                0x08002344                EXTI9_5_IRQHandler
                0x08002344                RTC_WKUP_IRQHandler
                0x08002344                ETH_WKUP_IRQHandler
                0x08002344                SPI2_IRQHandler
                0x08002344                OTG_HS_EP1_IN_IRQHandler
                0x08002344                DMA1_Stream0_IRQHandler
                0x08002344                CAN1_TX_IRQHandler
                0x08002344                EXTI4_IRQHandler
                0x08002344                FSMC_IRQHandler
                0x08002344                ETH_IRQHandler
                0x08002344                OTG_HS_EP1_OUT_IRQHandler
                0x08002344                WWDG_IRQHandler
                0x08002344                TIM2_IRQHandler
                0x08002344                OTG_FS_WKUP_IRQHandler
                0x08002344                TIM1_TRG_COM_TIM11_IRQHandler
                0x08002344                OTG_HS_IRQHandler
                0x08002344                EXTI1_IRQHandler
                0x08002344                USART2_IRQHandler
                0x08002344                I2C2_ER_IRQHandler
                0x08002344                CAN1_SCE_IRQHandler
                0x08002344                FLASH_IRQHandler
                0x08002344                DMA2_Stream4_IRQHandler
                0x08002344                USART1_IRQHandler
                0x08002344                SPI3_IRQHandler
                0x08002344                DMA1_Stream4_IRQHandler
                0x08002344                I2C1_ER_IRQHandler
                0x08002344                DMA1_Stream3_IRQHandler
 *fill*         0x08002346        0x2 
 .text.HAL_Init
                0x08002348       0x44 ./Drivers/STM32F4xx_HAL_Driver/stm32f4xx_hal.o
                0x08002348                HAL_Init
 .text.HAL_InitTick
                0x0800238c       0x60 ./Drivers/STM32F4xx_HAL_Driver/stm32f4xx_hal.o
                0x0800238c                HAL_InitTick
 .text.HAL_IncTick
                0x080023ec       0x28 ./Drivers/STM32F4xx_HAL_Driver/stm32f4xx_hal.o
                0x080023ec                HAL_IncTick
 .text.HAL_GetTick
                0x08002414       0x18 ./Drivers/STM32F4xx_HAL_Driver/stm32f4xx_hal.o
                0x08002414                HAL_GetTick
 .text.HAL_Delay
                0x0800242c       0x48 ./Drivers/STM32F4xx_HAL_Driver/stm32f4xx_hal.o
                0x0800242c                HAL_Delay
 .text.__NVIC_SetPriorityGrouping
                0x08002474       0x48 ./Drivers/STM32F4xx_HAL_Driver/stm32f4xx_hal_cortex.o
 .text.__NVIC_GetPriorityGrouping
                0x080024bc       0x1c ./Drivers/STM32F4xx_HAL_Driver/stm32f4xx_hal_cortex.o
 .text.__NVIC_EnableIRQ
                0x080024d8       0x3c ./Drivers/STM32F4xx_HAL_Driver/stm32f4xx_hal_cortex.o
 .text.__NVIC_SetPriority
                0x08002514       0x54 ./Drivers/STM32F4xx_HAL_Driver/stm32f4xx_hal_cortex.o
 .text.NVIC_EncodePriority
                0x08002568       0x66 ./Drivers/STM32F4xx_HAL_Driver/stm32f4xx_hal_cortex.o
 *fill*         0x080025ce        0x2 
 .text.SysTick_Config
                0x080025d0       0x44 ./Drivers/STM32F4xx_HAL_Driver/stm32f4xx_hal_cortex.o
 .text.HAL_NVIC_SetPriorityGrouping
                0x08002614       0x16 ./Drivers/STM32F4xx_HAL_Driver/stm32f4xx_hal_cortex.o
                0x08002614                HAL_NVIC_SetPriorityGrouping
 .text.HAL_NVIC_SetPriority
                0x0800262a       0x38 ./Drivers/STM32F4xx_HAL_Driver/stm32f4xx_hal_cortex.o
                0x0800262a                HAL_NVIC_SetPriority
 .text.HAL_NVIC_EnableIRQ
                0x08002662       0x1c ./Drivers/STM32F4xx_HAL_Driver/stm32f4xx_hal_cortex.o
                0x08002662                HAL_NVIC_EnableIRQ
 .text.HAL_SYSTICK_Config
                0x0800267e       0x18 ./Drivers/STM32F4xx_HAL_Driver/stm32f4xx_hal_cortex.o
                0x0800267e                HAL_SYSTICK_Config
 *fill*         0x08002696        0x2 
 .text.HAL_DCMI_Start_DMA
                0x08002698      0x148 ./Drivers/STM32F4xx_HAL_Driver/stm32f4xx_hal_dcmi.o
                0x08002698                HAL_DCMI_Start_DMA
 .text.HAL_DCMI_IRQHandler
                0x080027e0      0x11c ./Drivers/STM32F4xx_HAL_Driver/stm32f4xx_hal_dcmi.o
                0x080027e0                HAL_DCMI_IRQHandler
 .text.HAL_DCMI_ErrorCallback
                0x080028fc       0x14 ./Drivers/STM32F4xx_HAL_Driver/stm32f4xx_hal_dcmi.o
                0x080028fc                HAL_DCMI_ErrorCallback
 .text.HAL_DCMI_LineEventCallback
                0x08002910       0x14 ./Drivers/STM32F4xx_HAL_Driver/stm32f4xx_hal_dcmi.o
                0x08002910                HAL_DCMI_LineEventCallback
 .text.HAL_DCMI_FrameEventCallback
                0x08002924       0x14 ./Drivers/STM32F4xx_HAL_Driver/stm32f4xx_hal_dcmi.o
                0x08002924                HAL_DCMI_FrameEventCallback
 .text.HAL_DCMI_ConfigCrop
                0x08002938       0x66 ./Drivers/STM32F4xx_HAL_Driver/stm32f4xx_hal_dcmi.o
                0x08002938                HAL_DCMI_ConfigCrop
 .text.DCMI_DMAXferCplt
                0x0800299e      0x12a ./Drivers/STM32F4xx_HAL_Driver/stm32f4xx_hal_dcmi.o
 .text.DCMI_DMAError
                0x08002ac8       0x2e ./Drivers/STM32F4xx_HAL_Driver/stm32f4xx_hal_dcmi.o
 .text.HAL_DCMI_Init
                0x08002af6       0xda ./Drivers/STM32F4xx_HAL_Driver/stm32f4xx_hal_dcmi_ex.o
                0x08002af6                HAL_DCMI_Init
 .text.HAL_DMA_Init
                0x08002bd0      0x15c ./Drivers/STM32F4xx_HAL_Driver/stm32f4xx_hal_dma.o
                0x08002bd0                HAL_DMA_Init
 .text.HAL_DMA_Start_IT
                0x08002d2c       0xb0 ./Drivers/STM32F4xx_HAL_Driver/stm32f4xx_hal_dma.o
                0x08002d2c                HAL_DMA_Start_IT
 .text.HAL_DMA_Abort_IT
                0x08002ddc       0x44 ./Drivers/STM32F4xx_HAL_Driver/stm32f4xx_hal_dma.o
                0x08002ddc                HAL_DMA_Abort_IT
 .text.HAL_DMA_IRQHandler
                0x08002e20      0x314 ./Drivers/STM32F4xx_HAL_Driver/stm32f4xx_hal_dma.o
                0x08002e20                HAL_DMA_IRQHandler
 .text.HAL_DMA_GetError
                0x08003134       0x18 ./Drivers/STM32F4xx_HAL_Driver/stm32f4xx_hal_dma.o
                0x08003134                HAL_DMA_GetError
 .text.DMA_SetConfig
                0x0800314c       0x5c ./Drivers/STM32F4xx_HAL_Driver/stm32f4xx_hal_dma.o
 .text.DMA_CalcBaseAndBitshift
                0x080031a8       0x6c ./Drivers/STM32F4xx_HAL_Driver/stm32f4xx_hal_dma.o
 .text.DMA_CheckFifoParam
                0x08003214       0xf8 ./Drivers/STM32F4xx_HAL_Driver/stm32f4xx_hal_dma.o
 .text.HAL_DMAEx_MultiBufferStart_IT
                0x0800330c     0x1290 ./Drivers/STM32F4xx_HAL_Driver/stm32f4xx_hal_dma_ex.o
                0x0800330c                HAL_DMAEx_MultiBufferStart_IT
 .text.HAL_DMAEx_ChangeMemory
                0x0800459c       0x34 ./Drivers/STM32F4xx_HAL_Driver/stm32f4xx_hal_dma_ex.o
                0x0800459c                HAL_DMAEx_ChangeMemory
 .text.DMA_MultiBufferSetConfig
                0x080045d0       0x4c ./Drivers/STM32F4xx_HAL_Driver/stm32f4xx_hal_dma_ex.o
 .text.HAL_GPIO_Init
                0x0800461c      0x338 ./Drivers/STM32F4xx_HAL_Driver/stm32f4xx_hal_gpio.o
                0x0800461c                HAL_GPIO_Init
 .text.HAL_GPIO_EXTI_IRQHandler
                0x08004954       0x30 ./Drivers/STM32F4xx_HAL_Driver/stm32f4xx_hal_gpio.o
                0x08004954                HAL_GPIO_EXTI_IRQHandler
 .text.HAL_I2C_Init
                0x08004984      0x288 ./Drivers/STM32F4xx_HAL_Driver/stm32f4xx_hal_i2c.o
                0x08004984                HAL_I2C_Init
 .text.HAL_I2C_IsDeviceReady
                0x08004c0c      0x25c ./Drivers/STM32F4xx_HAL_Driver/stm32f4xx_hal_i2c.o
                0x08004c0c                HAL_I2C_IsDeviceReady
 .text.I2C_WaitOnFlagUntilTimeout
                0x08004e68       0xf4 ./Drivers/STM32F4xx_HAL_Driver/stm32f4xx_hal_i2c.o
 .text.HAL_PCD_Init
                0x08004f5c      0x21e ./Drivers/STM32F4xx_HAL_Driver/stm32f4xx_hal_pcd.o
                0x08004f5c                HAL_PCD_Init
 .text.HAL_PCD_Start
                0x0800517a       0x6a ./Drivers/STM32F4xx_HAL_Driver/stm32f4xx_hal_pcd.o
                0x0800517a                HAL_PCD_Start
 .text.HAL_PCD_IRQHandler
                0x080051e4      0x942 ./Drivers/STM32F4xx_HAL_Driver/stm32f4xx_hal_pcd.o
                0x080051e4                HAL_PCD_IRQHandler
 .text.HAL_PCD_SetAddress
                0x08005b26       0x48 ./Drivers/STM32F4xx_HAL_Driver/stm32f4xx_hal_pcd.o
                0x08005b26                HAL_PCD_SetAddress
 .text.HAL_PCD_EP_Open
                0x08005b6e       0xd4 ./Drivers/STM32F4xx_HAL_Driver/stm32f4xx_hal_pcd.o
                0x08005b6e                HAL_PCD_EP_Open
 .text.HAL_PCD_EP_Close
                0x08005c42       0x94 ./Drivers/STM32F4xx_HAL_Driver/stm32f4xx_hal_pcd.o
                0x08005c42                HAL_PCD_EP_Close
 .text.HAL_PCD_EP_Receive
                0x08005cd6       0x76 ./Drivers/STM32F4xx_HAL_Driver/stm32f4xx_hal_pcd.o
                0x08005cd6                HAL_PCD_EP_Receive
 .text.HAL_PCD_EP_GetRxCount
                0x08005d4c       0x30 ./Drivers/STM32F4xx_HAL_Driver/stm32f4xx_hal_pcd.o
                0x08005d4c                HAL_PCD_EP_GetRxCount
 .text.HAL_PCD_EP_Transmit
                0x08005d7c       0x74 ./Drivers/STM32F4xx_HAL_Driver/stm32f4xx_hal_pcd.o
                0x08005d7c                HAL_PCD_EP_Transmit
 .text.HAL_PCD_EP_SetStall
                0x08005df0       0xc6 ./Drivers/STM32F4xx_HAL_Driver/stm32f4xx_hal_pcd.o
                0x08005df0                HAL_PCD_EP_SetStall
 .text.HAL_PCD_EP_ClrStall
                0x08005eb6       0xac ./Drivers/STM32F4xx_HAL_Driver/stm32f4xx_hal_pcd.o
                0x08005eb6                HAL_PCD_EP_ClrStall
 .text.HAL_PCD_EP_Abort
                0x08005f62       0x62 ./Drivers/STM32F4xx_HAL_Driver/stm32f4xx_hal_pcd.o
                0x08005f62                HAL_PCD_EP_Abort
 .text.PCD_WriteEmptyTxFifo
                0x08005fc4      0x118 ./Drivers/STM32F4xx_HAL_Driver/stm32f4xx_hal_pcd.o
 .text.PCD_EP_OutXfrComplete_int
                0x080060dc      0x1d0 ./Drivers/STM32F4xx_HAL_Driver/stm32f4xx_hal_pcd.o
 .text.PCD_EP_OutSetupPacket_int
                0x080062ac       0x8c ./Drivers/STM32F4xx_HAL_Driver/stm32f4xx_hal_pcd.o
 .text.HAL_PCDEx_SetTxFiFo
                0x08006338       0x8e ./Drivers/STM32F4xx_HAL_Driver/stm32f4xx_hal_pcd_ex.o
                0x08006338                HAL_PCDEx_SetTxFiFo
 .text.HAL_PCDEx_SetRxFiFo
                0x080063c6       0x22 ./Drivers/STM32F4xx_HAL_Driver/stm32f4xx_hal_pcd_ex.o
                0x080063c6                HAL_PCDEx_SetRxFiFo
 .text.HAL_PCDEx_LPM_Callback
                0x080063e8       0x18 ./Drivers/STM32F4xx_HAL_Driver/stm32f4xx_hal_pcd_ex.o
                0x080063e8                HAL_PCDEx_LPM_Callback
 .text.HAL_RCC_OscConfig
                0x08006400      0x4f0 ./Drivers/STM32F4xx_HAL_Driver/stm32f4xx_hal_rcc.o
                0x08006400                HAL_RCC_OscConfig
 .text.HAL_RCC_ClockConfig
                0x080068f0      0x1cc ./Drivers/STM32F4xx_HAL_Driver/stm32f4xx_hal_rcc.o
                0x080068f0                HAL_RCC_ClockConfig
 .text.HAL_RCC_MCOConfig
                0x08006abc       0xd0 ./Drivers/STM32F4xx_HAL_Driver/stm32f4xx_hal_rcc.o
                0x08006abc                HAL_RCC_MCOConfig
 .text.HAL_RCC_EnableCSS
                0x08006b8c       0x18 ./Drivers/STM32F4xx_HAL_Driver/stm32f4xx_hal_rcc.o
                0x08006b8c                HAL_RCC_EnableCSS
 .text.HAL_RCC_GetSysClockFreq
                0x08006ba4      0x20c ./Drivers/STM32F4xx_HAL_Driver/stm32f4xx_hal_rcc.o
                0x08006ba4                HAL_RCC_GetSysClockFreq
 .text.HAL_RCC_GetHCLKFreq
                0x08006db0       0x18 ./Drivers/STM32F4xx_HAL_Driver/stm32f4xx_hal_rcc.o
                0x08006db0                HAL_RCC_GetHCLKFreq
 .text.HAL_RCC_GetPCLK1Freq
                0x08006dc8       0x28 ./Drivers/STM32F4xx_HAL_Driver/stm32f4xx_hal_rcc.o
                0x08006dc8                HAL_RCC_GetPCLK1Freq
 .text.HAL_RCC_GetPCLK2Freq
                0x08006df0       0x28 ./Drivers/STM32F4xx_HAL_Driver/stm32f4xx_hal_rcc.o
                0x08006df0                HAL_RCC_GetPCLK2Freq
 .text.HAL_RCC_NMI_IRQHandler
                0x08006e18       0x28 ./Drivers/STM32F4xx_HAL_Driver/stm32f4xx_hal_rcc.o
                0x08006e18                HAL_RCC_NMI_IRQHandler
 .text.HAL_RCC_CSSCallback
                0x08006e40        0xe ./Drivers/STM32F4xx_HAL_Driver/stm32f4xx_hal_rcc.o
                0x08006e40                HAL_RCC_CSSCallback
 .text.HAL_SD_Init
                0x08006e4e       0x60 ./Drivers/STM32F4xx_HAL_Driver/stm32f4xx_hal_sd.o
                0x08006e4e                HAL_SD_Init
 *fill*         0x08006eae        0x2 
 .text.HAL_SD_InitCard
                0x08006eb0       0xf0 ./Drivers/STM32F4xx_HAL_Driver/stm32f4xx_hal_sd.o
                0x08006eb0                HAL_SD_InitCard
 .text.HAL_SD_ReadBlocks_DMA
                0x08006fa0      0x1c4 ./Drivers/STM32F4xx_HAL_Driver/stm32f4xx_hal_sd.o
                0x08006fa0                HAL_SD_ReadBlocks_DMA
 .text.HAL_SD_WriteBlocks_DMA
                0x08007164      0x1cc ./Drivers/STM32F4xx_HAL_Driver/stm32f4xx_hal_sd.o
                0x08007164                HAL_SD_WriteBlocks_DMA
 .text.HAL_SD_IRQHandler
                0x08007330      0x30c ./Drivers/STM32F4xx_HAL_Driver/stm32f4xx_hal_sd.o
                0x08007330                HAL_SD_IRQHandler
 .text.HAL_SD_ErrorCallback
                0x0800763c       0x14 ./Drivers/STM32F4xx_HAL_Driver/stm32f4xx_hal_sd.o
                0x0800763c                HAL_SD_ErrorCallback
 .text.HAL_SD_GetCardCSD
                0x08007650      0x348 ./Drivers/STM32F4xx_HAL_Driver/stm32f4xx_hal_sd.o
                0x08007650                HAL_SD_GetCardCSD
 .text.HAL_SD_GetCardInfo
                0x08007998       0x58 ./Drivers/STM32F4xx_HAL_Driver/stm32f4xx_hal_sd.o
                0x08007998                HAL_SD_GetCardInfo
 .text.HAL_SD_ConfigWideBusOperation
                0x080079f0      0x134 ./Drivers/STM32F4xx_HAL_Driver/stm32f4xx_hal_sd.o
                0x080079f0                HAL_SD_ConfigWideBusOperation
 .text.HAL_SD_GetCardState
                0x08007b24       0x40 ./Drivers/STM32F4xx_HAL_Driver/stm32f4xx_hal_sd.o
                0x08007b24                HAL_SD_GetCardState
 .text.SD_DMATransmitCplt
                0x08007b64       0x2a ./Drivers/STM32F4xx_HAL_Driver/stm32f4xx_hal_sd.o
 .text.SD_DMAReceiveCplt
                0x08007b8e       0x70 ./Drivers/STM32F4xx_HAL_Driver/stm32f4xx_hal_sd.o
 *fill*         0x08007bfe        0x2 
 .text.SD_DMAError
                0x08007c00       0xa4 ./Drivers/STM32F4xx_HAL_Driver/stm32f4xx_hal_sd.o
 .text.SD_DMATxAbort
                0x08007ca4       0x6e ./Drivers/STM32F4xx_HAL_Driver/stm32f4xx_hal_sd.o
 .text.SD_DMARxAbort
                0x08007d12       0x6e ./Drivers/STM32F4xx_HAL_Driver/stm32f4xx_hal_sd.o
 .text.SD_InitCard
                0x08007d80      0x19c ./Drivers/STM32F4xx_HAL_Driver/stm32f4xx_hal_sd.o
 .text.SD_PowerON
                0x08007f1c      0x11c ./Drivers/STM32F4xx_HAL_Driver/stm32f4xx_hal_sd.o
 .text.SD_SendStatus
                0x08008038       0x50 ./Drivers/STM32F4xx_HAL_Driver/stm32f4xx_hal_sd.o
 .text.SD_WideBus_Enable
                0x08008088       0x96 ./Drivers/STM32F4xx_HAL_Driver/stm32f4xx_hal_sd.o
 .text.SD_WideBus_Disable
                0x0800811e       0x96 ./Drivers/STM32F4xx_HAL_Driver/stm32f4xx_hal_sd.o
 .text.SD_FindSCR
                0x080081b4      0x1b4 ./Drivers/STM32F4xx_HAL_Driver/stm32f4xx_hal_sd.o
 .text.SD_Read_IT
                0x08008368       0xa2 ./Drivers/STM32F4xx_HAL_Driver/stm32f4xx_hal_sd.o
 .text.SD_Write_IT
                0x0800840a       0xaa ./Drivers/STM32F4xx_HAL_Driver/stm32f4xx_hal_sd.o
 .text.HAL_UART_Init
                0x080084b4       0xa0 ./Drivers/STM32F4xx_HAL_Driver/stm32f4xx_hal_uart.o
                0x080084b4                HAL_UART_Init
 .text.HAL_UART_Transmit
                0x08008554      0x116 ./Drivers/STM32F4xx_HAL_Driver/stm32f4xx_hal_uart.o
                0x08008554                HAL_UART_Transmit
 .text.UART_WaitOnFlagUntilTimeout
                0x0800866a       0xb2 ./Drivers/STM32F4xx_HAL_Driver/stm32f4xx_hal_uart.o
 .text.UART_EndRxTransfer
                0x0800871c       0xc6 ./Drivers/STM32F4xx_HAL_Driver/stm32f4xx_hal_uart.o
 *fill*         0x080087e2        0x2 
 .text.UART_SetConfig
                0x080087e4      0x4e8 ./Drivers/STM32F4xx_HAL_Driver/stm32f4xx_hal_uart.o
 .text.SDIO_Init
                0x08008ccc       0x56 ./Drivers/STM32F4xx_HAL_Driver/stm32f4xx_ll_sdmmc.o
                0x08008ccc                SDIO_Init
 .text.SDIO_ReadFIFO
                0x08008d22       0x1a ./Drivers/STM32F4xx_HAL_Driver/stm32f4xx_ll_sdmmc.o
                0x08008d22                SDIO_ReadFIFO
 .text.SDIO_WriteFIFO
                0x08008d3c       0x22 ./Drivers/STM32F4xx_HAL_Driver/stm32f4xx_ll_sdmmc.o
                0x08008d3c                SDIO_WriteFIFO
 .text.SDIO_PowerState_ON
                0x08008d5e       0x1c ./Drivers/STM32F4xx_HAL_Driver/stm32f4xx_ll_sdmmc.o
                0x08008d5e                SDIO_PowerState_ON
 .text.SDIO_GetPowerState
                0x08008d7a       0x1c ./Drivers/STM32F4xx_HAL_Driver/stm32f4xx_ll_sdmmc.o
                0x08008d7a                SDIO_GetPowerState
 .text.SDIO_SendCommand
                0x08008d96       0x54 ./Drivers/STM32F4xx_HAL_Driver/stm32f4xx_ll_sdmmc.o
                0x08008d96                SDIO_SendCommand
 .text.SDIO_GetCommandResponse
                0x08008dea       0x1a ./Drivers/STM32F4xx_HAL_Driver/stm32f4xx_ll_sdmmc.o
                0x08008dea                SDIO_GetCommandResponse
 .text.SDIO_GetResponse
                0x08008e04       0x26 ./Drivers/STM32F4xx_HAL_Driver/stm32f4xx_ll_sdmmc.o
                0x08008e04                SDIO_GetResponse
 .text.SDIO_ConfigData
                0x08008e2a       0x58 ./Drivers/STM32F4xx_HAL_Driver/stm32f4xx_ll_sdmmc.o
                0x08008e2a                SDIO_ConfigData
 .text.SDMMC_CmdBlockLength
                0x08008e82       0x44 ./Drivers/STM32F4xx_HAL_Driver/stm32f4xx_ll_sdmmc.o
                0x08008e82                SDMMC_CmdBlockLength
 .text.SDMMC_CmdReadSingleBlock
                0x08008ec6       0x44 ./Drivers/STM32F4xx_HAL_Driver/stm32f4xx_ll_sdmmc.o
                0x08008ec6                SDMMC_CmdReadSingleBlock
 .text.SDMMC_CmdReadMultiBlock
                0x08008f0a       0x44 ./Drivers/STM32F4xx_HAL_Driver/stm32f4xx_ll_sdmmc.o
                0x08008f0a                SDMMC_CmdReadMultiBlock
 .text.SDMMC_CmdWriteSingleBlock
                0x08008f4e       0x44 ./Drivers/STM32F4xx_HAL_Driver/stm32f4xx_ll_sdmmc.o
                0x08008f4e                SDMMC_CmdWriteSingleBlock
 .text.SDMMC_CmdWriteMultiBlock
                0x08008f92       0x44 ./Drivers/STM32F4xx_HAL_Driver/stm32f4xx_ll_sdmmc.o
                0x08008f92                SDMMC_CmdWriteMultiBlock
 *fill*         0x08008fd6        0x2 
 .text.SDMMC_CmdStopTransfer
                0x08008fd8       0x44 ./Drivers/STM32F4xx_HAL_Driver/stm32f4xx_ll_sdmmc.o
                0x08008fd8                SDMMC_CmdStopTransfer
 .text.SDMMC_CmdSelDesel
                0x0800901c       0x46 ./Drivers/STM32F4xx_HAL_Driver/stm32f4xx_ll_sdmmc.o
                0x0800901c                SDMMC_CmdSelDesel
 .text.SDMMC_CmdGoIdleState
                0x08009062       0x3c ./Drivers/STM32F4xx_HAL_Driver/stm32f4xx_ll_sdmmc.o
                0x08009062                SDMMC_CmdGoIdleState
 .text.SDMMC_CmdOperCond
                0x0800909e       0x3e ./Drivers/STM32F4xx_HAL_Driver/stm32f4xx_ll_sdmmc.o
                0x0800909e                SDMMC_CmdOperCond
 .text.SDMMC_CmdAppCommand
                0x080090dc       0x44 ./Drivers/STM32F4xx_HAL_Driver/stm32f4xx_ll_sdmmc.o
                0x080090dc                SDMMC_CmdAppCommand
 .text.SDMMC_CmdAppOperCommand
                0x08009120       0x46 ./Drivers/STM32F4xx_HAL_Driver/stm32f4xx_ll_sdmmc.o
                0x08009120                SDMMC_CmdAppOperCommand
 .text.SDMMC_CmdBusWidth
                0x08009166       0x44 ./Drivers/STM32F4xx_HAL_Driver/stm32f4xx_ll_sdmmc.o
                0x08009166                SDMMC_CmdBusWidth
 .text.SDMMC_CmdSendSCR
                0x080091aa       0x42 ./Drivers/STM32F4xx_HAL_Driver/stm32f4xx_ll_sdmmc.o
                0x080091aa                SDMMC_CmdSendSCR
 .text.SDMMC_CmdSendCID
                0x080091ec       0x3c ./Drivers/STM32F4xx_HAL_Driver/stm32f4xx_ll_sdmmc.o
                0x080091ec                SDMMC_CmdSendCID
 .text.SDMMC_CmdSendCSD
                0x08009228       0x3e ./Drivers/STM32F4xx_HAL_Driver/stm32f4xx_ll_sdmmc.o
                0x08009228                SDMMC_CmdSendCSD
 .text.SDMMC_CmdSetRelAdd
                0x08009266       0x42 ./Drivers/STM32F4xx_HAL_Driver/stm32f4xx_ll_sdmmc.o
                0x08009266                SDMMC_CmdSetRelAdd
 .text.SDMMC_CmdSendStatus
                0x080092a8       0x44 ./Drivers/STM32F4xx_HAL_Driver/stm32f4xx_ll_sdmmc.o
                0x080092a8                SDMMC_CmdSendStatus
 .text.SDMMC_GetCmdResp1
                0x080092ec      0x1dc ./Drivers/STM32F4xx_HAL_Driver/stm32f4xx_ll_sdmmc.o
                0x080092ec                SDMMC_GetCmdResp1
 .text.SDMMC_GetCmdResp2
                0x080094c8       0x90 ./Drivers/STM32F4xx_HAL_Driver/stm32f4xx_ll_sdmmc.o
                0x080094c8                SDMMC_GetCmdResp2
 .text.SDMMC_GetCmdResp3
                0x08009558       0x7c ./Drivers/STM32F4xx_HAL_Driver/stm32f4xx_ll_sdmmc.o
                0x08009558                SDMMC_GetCmdResp3
 .text.SDMMC_GetCmdResp6
                0x080095d4       0xec ./Drivers/STM32F4xx_HAL_Driver/stm32f4xx_ll_sdmmc.o
                0x080095d4                SDMMC_GetCmdResp6
 .text.SDMMC_GetCmdResp7
                0x080096c0       0x9c ./Drivers/STM32F4xx_HAL_Driver/stm32f4xx_ll_sdmmc.o
                0x080096c0                SDMMC_GetCmdResp7
 .text.SDMMC_GetCmdError
                0x0800975c       0x58 ./Drivers/STM32F4xx_HAL_Driver/stm32f4xx_ll_sdmmc.o
 .text.USB_CoreInit
                0x080097b4       0xc8 ./Drivers/STM32F4xx_HAL_Driver/stm32f4xx_ll_usb.o
                0x080097b4                USB_CoreInit
 .text.USB_SetTurnaroundTime
                0x0800987c      0x144 ./Drivers/STM32F4xx_HAL_Driver/stm32f4xx_ll_usb.o
                0x0800987c                USB_SetTurnaroundTime
 .text.USB_EnableGlobalInt
                0x080099c0       0x22 ./Drivers/STM32F4xx_HAL_Driver/stm32f4xx_ll_usb.o
                0x080099c0                USB_EnableGlobalInt
 .text.USB_DisableGlobalInt
                0x080099e2       0x22 ./Drivers/STM32F4xx_HAL_Driver/stm32f4xx_ll_usb.o
                0x080099e2                USB_DisableGlobalInt
 .text.USB_SetCurrentMode
                0x08009a04       0x98 ./Drivers/STM32F4xx_HAL_Driver/stm32f4xx_ll_usb.o
                0x08009a04                USB_SetCurrentMode
 .text.USB_DevInit
                0x08009a9c      0x2c8 ./Drivers/STM32F4xx_HAL_Driver/stm32f4xx_ll_usb.o
                0x08009a9c                USB_DevInit
 .text.USB_FlushTxFifo
                0x08009d64       0x64 ./Drivers/STM32F4xx_HAL_Driver/stm32f4xx_ll_usb.o
                0x08009d64                USB_FlushTxFifo
 .text.USB_FlushRxFifo
                0x08009dc8       0x5c ./Drivers/STM32F4xx_HAL_Driver/stm32f4xx_ll_usb.o
                0x08009dc8                USB_FlushRxFifo
 .text.USB_SetDevSpeed
                0x08009e24       0x32 ./Drivers/STM32F4xx_HAL_Driver/stm32f4xx_ll_usb.o
                0x08009e24                USB_SetDevSpeed
 .text.USB_GetDevSpeed
                0x08009e56       0x4a ./Drivers/STM32F4xx_HAL_Driver/stm32f4xx_ll_usb.o
                0x08009e56                USB_GetDevSpeed
 .text.USB_ActivateEndpoint
                0x08009ea0      0x10e ./Drivers/STM32F4xx_HAL_Driver/stm32f4xx_ll_usb.o
                0x08009ea0                USB_ActivateEndpoint
 *fill*         0x08009fae        0x2 
 .text.USB_DeactivateEndpoint
                0x08009fb0      0x1b8 ./Drivers/STM32F4xx_HAL_Driver/stm32f4xx_ll_usb.o
                0x08009fb0                USB_DeactivateEndpoint
 .text.USB_EPStartXfer
                0x0800a168      0x53c ./Drivers/STM32F4xx_HAL_Driver/stm32f4xx_ll_usb.o
                0x0800a168                USB_EPStartXfer
 .text.USB_EPStopXfer
                0x0800a6a4      0x154 ./Drivers/STM32F4xx_HAL_Driver/stm32f4xx_ll_usb.o
                0x0800a6a4                USB_EPStopXfer
 .text.USB_WritePacket
                0x0800a7f8       0x7c ./Drivers/STM32F4xx_HAL_Driver/stm32f4xx_ll_usb.o
                0x0800a7f8                USB_WritePacket
 .text.USB_ReadPacket
                0x0800a874       0xb0 ./Drivers/STM32F4xx_HAL_Driver/stm32f4xx_ll_usb.o
                0x0800a874                USB_ReadPacket
 .text.USB_EPSetStall
                0x0800a924       0xdc ./Drivers/STM32F4xx_HAL_Driver/stm32f4xx_ll_usb.o
                0x0800a924                USB_EPSetStall
 .text.USB_EPClearStall
                0x0800aa00       0xcc ./Drivers/STM32F4xx_HAL_Driver/stm32f4xx_ll_usb.o
                0x0800aa00                USB_EPClearStall
 .text.USB_SetDevAddress
                0x0800aacc       0x4c ./Drivers/STM32F4xx_HAL_Driver/stm32f4xx_ll_usb.o
                0x0800aacc                USB_SetDevAddress
 .text.USB_DevConnect
                0x0800ab18       0x42 ./Drivers/STM32F4xx_HAL_Driver/stm32f4xx_ll_usb.o
                0x0800ab18                USB_DevConnect
 .text.USB_DevDisconnect
                0x0800ab5a       0x42 ./Drivers/STM32F4xx_HAL_Driver/stm32f4xx_ll_usb.o
                0x0800ab5a                USB_DevDisconnect
 .text.USB_ReadInterrupts
                0x0800ab9c       0x26 ./Drivers/STM32F4xx_HAL_Driver/stm32f4xx_ll_usb.o
                0x0800ab9c                USB_ReadInterrupts
 .text.USB_ReadDevAllOutEpInterrupt
                0x0800abc2       0x34 ./Drivers/STM32F4xx_HAL_Driver/stm32f4xx_ll_usb.o
                0x0800abc2                USB_ReadDevAllOutEpInterrupt
 .text.USB_ReadDevAllInEpInterrupt
                0x0800abf6       0x34 ./Drivers/STM32F4xx_HAL_Driver/stm32f4xx_ll_usb.o
                0x0800abf6                USB_ReadDevAllInEpInterrupt
 .text.USB_ReadDevOutEPInterrupt
                0x0800ac2a       0x3c ./Drivers/STM32F4xx_HAL_Driver/stm32f4xx_ll_usb.o
                0x0800ac2a                USB_ReadDevOutEPInterrupt
 .text.USB_ReadDevInEPInterrupt
                0x0800ac66       0x5c ./Drivers/STM32F4xx_HAL_Driver/stm32f4xx_ll_usb.o
                0x0800ac66                USB_ReadDevInEPInterrupt
 .text.USB_GetMode
                0x0800acc2       0x1c ./Drivers/STM32F4xx_HAL_Driver/stm32f4xx_ll_usb.o
                0x0800acc2                USB_GetMode
 .text.USB_ActivateSetup
                0x0800acde       0x46 ./Drivers/STM32F4xx_HAL_Driver/stm32f4xx_ll_usb.o
                0x0800acde                USB_ActivateSetup
 .text.USB_EP0_OutStart
                0x0800ad24       0xbc ./Drivers/STM32F4xx_HAL_Driver/stm32f4xx_ll_usb.o
                0x0800ad24                USB_EP0_OutStart
 .text.USB_CoreReset
                0x0800ade0       0x70 ./Drivers/STM32F4xx_HAL_Driver/stm32f4xx_ll_usb.o
 .text.MX_FATFS_Init
                0x0800ae50       0x24 ./FATFS/App/fatfs.o
                0x0800ae50                MX_FATFS_Init
 .text.BSP_SD_Init
                0x0800ae74       0x4c ./FATFS/Target/bsp_driver_sd.o
                0x0800ae74                BSP_SD_Init
 .text.BSP_SD_ReadBlocks_DMA
                0x0800aec0       0x34 ./FATFS/Target/bsp_driver_sd.o
                0x0800aec0                BSP_SD_ReadBlocks_DMA
 .text.BSP_SD_WriteBlocks_DMA
                0x0800aef4       0x34 ./FATFS/Target/bsp_driver_sd.o
                0x0800aef4                BSP_SD_WriteBlocks_DMA
 .text.BSP_SD_GetCardState
                0x0800af28       0x20 ./FATFS/Target/bsp_driver_sd.o
                0x0800af28                BSP_SD_GetCardState
 .text.BSP_SD_GetCardInfo
                0x0800af48       0x1c ./FATFS/Target/bsp_driver_sd.o
                0x0800af48                BSP_SD_GetCardInfo
 .text.HAL_SD_AbortCallback
                0x0800af64       0x14 ./FATFS/Target/bsp_driver_sd.o
                0x0800af64                HAL_SD_AbortCallback
 .text.HAL_SD_TxCpltCallback
                0x0800af78       0x14 ./FATFS/Target/bsp_driver_sd.o
                0x0800af78                HAL_SD_TxCpltCallback
 .text.HAL_SD_RxCpltCallback
                0x0800af8c       0x14 ./FATFS/Target/bsp_driver_sd.o
                0x0800af8c                HAL_SD_RxCpltCallback
 .text.BSP_SD_AbortCallback
                0x0800afa0        0xe ./FATFS/Target/bsp_driver_sd.o
                0x0800afa0                BSP_SD_AbortCallback
 .text.BSP_SD_IsDetected
                0x0800afae       0x1a ./FATFS/Target/bsp_driver_sd.o
                0x0800afae                BSP_SD_IsDetected
 .text.SD_CheckStatusWithTimeout
                0x0800afc8       0x3a ./FATFS/Target/sd_diskio.o
 *fill*         0x0800b002        0x2 
 .text.SD_CheckStatus
                0x0800b004       0x3c ./FATFS/Target/sd_diskio.o
 .text.SD_initialize
                0x0800b040       0x98 ./FATFS/Target/sd_diskio.o
                0x0800b040                SD_initialize
 .text.SD_status
                0x0800b0d8       0x1c ./FATFS/Target/sd_diskio.o
                0x0800b0d8                SD_status
 .text.SD_read  0x0800b0f4       0x9c ./FATFS/Target/sd_diskio.o
                0x0800b0f4                SD_read
 .text.SD_write
                0x0800b190       0x94 ./FATFS/Target/sd_diskio.o
                0x0800b190                SD_write
 .text.SD_ioctl
                0x0800b224       0xb0 ./FATFS/Target/sd_diskio.o
                0x0800b224                SD_ioctl
 .text.FATFS_LinkDriverEx
                0x0800b2d4       0x98 ./Middlewares/FatFs/ff_gen_drv.o
                0x0800b2d4                FATFS_LinkDriverEx
 .text.FATFS_LinkDriver
                0x0800b36c       0x1e ./Middlewares/FatFs/ff_gen_drv.o
                0x0800b36c                FATFS_LinkDriver
 .text.makeFreeRtosPriority
                0x0800b38a       0x30 ./Middlewares/FreeRTOS/cmsis_os.o
 .text.inHandlerMode
                0x0800b3ba       0x24 ./Middlewares/FreeRTOS/cmsis_os.o
 .text.osKernelStart
                0x0800b3de        0xe ./Middlewares/FreeRTOS/cmsis_os.o
                0x0800b3de                osKernelStart
 .text.osKernelRunning
                0x0800b3ec       0x18 ./Middlewares/FreeRTOS/cmsis_os.o
                0x0800b3ec                osKernelRunning
 .text.osKernelSysTick
                0x0800b404       0x20 ./Middlewares/FreeRTOS/cmsis_os.o
                0x0800b404                osKernelSysTick
 .text.osThreadCreate
                0x0800b424       0x98 ./Middlewares/FreeRTOS/cmsis_os.o
                0x0800b424                osThreadCreate
 .text.osDelay  0x0800b4bc       0x28 ./Middlewares/FreeRTOS/cmsis_os.o
                0x0800b4bc                osDelay
 .text.osMessageCreate
                0x0800b4e4       0x50 ./Middlewares/FreeRTOS/cmsis_os.o
                0x0800b4e4                osMessageCreate
 .text.osMessageGet
                0x0800b534       0xe8 ./Middlewares/FreeRTOS/cmsis_os.o
                0x0800b534                osMessageGet
 .text.xEventGroupCreate
                0x0800b61c       0x34 ./Middlewares/FreeRTOS/event_groups.o
                0x0800b61c                xEventGroupCreate
 .text.xEventGroupSetBits
                0x0800b650      0x118 ./Middlewares/FreeRTOS/event_groups.o
                0x0800b650                xEventGroupSetBits
 .text.pvPortMalloc
                0x0800b768      0x19c ./Middlewares/FreeRTOS/heap_4.o
                0x0800b768                pvPortMalloc
 .text.vPortFree
                0x0800b904       0xc8 ./Middlewares/FreeRTOS/heap_4.o
                0x0800b904                vPortFree
 .text.prvHeapInit
                0x0800b9cc       0xc4 ./Middlewares/FreeRTOS/heap_4.o
 .text.prvInsertBlockIntoFreeList
                0x0800ba90       0xb4 ./Middlewares/FreeRTOS/heap_4.o
 .text.vListInitialise
                0x0800bb44       0x40 ./Middlewares/FreeRTOS/list.o
                0x0800bb44                vListInitialise
 .text.vListInitialiseItem
                0x0800bb84       0x1a ./Middlewares/FreeRTOS/list.o
                0x0800bb84                vListInitialiseItem
 .text.vListInsertEnd
                0x0800bb9e       0x48 ./Middlewares/FreeRTOS/list.o
                0x0800bb9e                vListInsertEnd
 .text.vListInsert
                0x0800bbe6       0x72 ./Middlewares/FreeRTOS/list.o
                0x0800bbe6                vListInsert
 .text.uxListRemove
                0x0800bc58       0x54 ./Middlewares/FreeRTOS/list.o
                0x0800bc58                uxListRemove
 .text.pxPortInitialiseStack
                0x0800bcac       0x68 ./Middlewares/FreeRTOS/port.o
                0x0800bcac                pxPortInitialiseStack
 .text.prvTaskExitError
                0x0800bd14       0x5c ./Middlewares/FreeRTOS/port.o
 .text.SVC_Handler
                0x0800bd70       0x28 ./Middlewares/FreeRTOS/port.o
                0x0800bd70                SVC_Handler
 .text.prvPortStartFirstTask
                0x0800bd98       0x28 ./Middlewares/FreeRTOS/port.o
 .text.xPortStartScheduler
                0x0800bdc0      0x148 ./Middlewares/FreeRTOS/port.o
                0x0800bdc0                xPortStartScheduler
 .text.vPortEnterCritical
                0x0800bf08       0x64 ./Middlewares/FreeRTOS/port.o
                0x0800bf08                vPortEnterCritical
 .text.vPortExitCritical
                0x0800bf6c       0x54 ./Middlewares/FreeRTOS/port.o
                0x0800bf6c                vPortExitCritical
 .text.PendSV_Handler
                0x0800bfc0       0x68 ./Middlewares/FreeRTOS/port.o
                0x0800bfc0                PendSV_Handler
 .text.xPortSysTickHandler
                0x0800c028       0x44 ./Middlewares/FreeRTOS/port.o
                0x0800c028                xPortSysTickHandler
 .text.vPortSetupTimerInterrupt
                0x0800c06c       0x48 ./Middlewares/FreeRTOS/port.o
                0x0800c06c                vPortSetupTimerInterrupt
 .text.vPortEnableVFP
                0x0800c0b4       0x14 ./Middlewares/FreeRTOS/port.o
 .text.vPortValidateInterruptPriority
                0x0800c0c8       0x84 ./Middlewares/FreeRTOS/port.o
                0x0800c0c8                vPortValidateInterruptPriority
 .text.xQueueGenericReset
                0x0800c14c       0xd4 ./Middlewares/FreeRTOS/queue.o
                0x0800c14c                xQueueGenericReset
 .text.xQueueGenericCreateStatic
                0x0800c220       0xfa ./Middlewares/FreeRTOS/queue.o
                0x0800c220                xQueueGenericCreateStatic
 .text.xQueueGenericCreate
                0x0800c31a       0x76 ./Middlewares/FreeRTOS/queue.o
                0x0800c31a                xQueueGenericCreate
 .text.prvInitialiseNewQueue
                0x0800c390       0x3e ./Middlewares/FreeRTOS/queue.o
 .text.prvInitialiseMutex
                0x0800c3ce       0x34 ./Middlewares/FreeRTOS/queue.o
 .text.xQueueCreateMutex
                0x0800c402       0x30 ./Middlewares/FreeRTOS/queue.o
                0x0800c402                xQueueCreateMutex
 *fill*         0x0800c432        0x2 
 .text.xQueueGenericSend
                0x0800c434      0x204 ./Middlewares/FreeRTOS/queue.o
                0x0800c434                xQueueGenericSend
 .text.xQueueReceive
                0x0800c638      0x1c4 ./Middlewares/FreeRTOS/queue.o
                0x0800c638                xQueueReceive
 .text.xQueueReceiveFromISR
                0x0800c7fc      0x104 ./Middlewares/FreeRTOS/queue.o
                0x0800c7fc                xQueueReceiveFromISR
 .text.prvCopyDataToQueue
                0x0800c900       0xd4 ./Middlewares/FreeRTOS/queue.o
 .text.prvCopyDataFromQueue
                0x0800c9d4       0x4c ./Middlewares/FreeRTOS/queue.o
 .text.prvUnlockQueue
                0x0800ca20       0xa4 ./Middlewares/FreeRTOS/queue.o
 .text.prvIsQueueEmpty
                0x0800cac4       0x2c ./Middlewares/FreeRTOS/queue.o
 .text.prvIsQueueFull
                0x0800caf0       0x30 ./Middlewares/FreeRTOS/queue.o
 .text.xTaskCreateStatic
                0x0800cb20       0xc0 ./Middlewares/FreeRTOS/tasks.o
                0x0800cb20                xTaskCreateStatic
 .text.xTaskCreate
                0x0800cbe0       0x8a ./Middlewares/FreeRTOS/tasks.o
                0x0800cbe0                xTaskCreate
 .text.prvInitialiseNewTask
                0x0800cc6a      0x110 ./Middlewares/FreeRTOS/tasks.o
 *fill*         0x0800cd7a        0x2 
 .text.prvAddNewTaskToReadyList
                0x0800cd7c       0xd4 ./Middlewares/FreeRTOS/tasks.o
 .text.vTaskDelay
                0x0800ce50       0x6c ./Middlewares/FreeRTOS/tasks.o
                0x0800ce50                vTaskDelay
 .text.vTaskStartScheduler
                0x0800cebc       0xc4 ./Middlewares/FreeRTOS/tasks.o
                0x0800cebc                vTaskStartScheduler
 .text.vTaskSuspendAll
                0x0800cf80       0x1c ./Middlewares/FreeRTOS/tasks.o
                0x0800cf80                vTaskSuspendAll
 .text.xTaskResumeAll
                0x0800cf9c      0x13c ./Middlewares/FreeRTOS/tasks.o
                0x0800cf9c                xTaskResumeAll
 .text.xTaskGetTickCount
                0x0800d0d8       0x20 ./Middlewares/FreeRTOS/tasks.o
                0x0800d0d8                xTaskGetTickCount
 .text.xTaskGetTickCountFromISR
                0x0800d0f8       0x24 ./Middlewares/FreeRTOS/tasks.o
                0x0800d0f8                xTaskGetTickCountFromISR
 .text.xTaskIncrementTick
                0x0800d11c      0x174 ./Middlewares/FreeRTOS/tasks.o
                0x0800d11c                xTaskIncrementTick
 .text.vTaskSwitchContext
                0x0800d290       0xb8 ./Middlewares/FreeRTOS/tasks.o
                0x0800d290                vTaskSwitchContext
 .text.vTaskPlaceOnEventList
                0x0800d348       0x4c ./Middlewares/FreeRTOS/tasks.o
                0x0800d348                vTaskPlaceOnEventList
 .text.xTaskRemoveFromEventList
                0x0800d394       0xc8 ./Middlewares/FreeRTOS/tasks.o
                0x0800d394                xTaskRemoveFromEventList
 .text.vTaskRemoveFromUnorderedEventList
                0x0800d45c       0xc8 ./Middlewares/FreeRTOS/tasks.o
                0x0800d45c                vTaskRemoveFromUnorderedEventList
 .text.vTaskInternalSetTimeOutState
                0x0800d524       0x2c ./Middlewares/FreeRTOS/tasks.o
                0x0800d524                vTaskInternalSetTimeOutState
 .text.xTaskCheckForTimeOut
                0x0800d550       0xc8 ./Middlewares/FreeRTOS/tasks.o
                0x0800d550                xTaskCheckForTimeOut
 .text.vTaskMissedYield
                0x0800d618       0x18 ./Middlewares/FreeRTOS/tasks.o
                0x0800d618                vTaskMissedYield
 .text.prvIdleTask
                0x0800d630       0x30 ./Middlewares/FreeRTOS/tasks.o
 .text.prvInitialiseTaskLists
                0x0800d660       0x80 ./Middlewares/FreeRTOS/tasks.o
 .text.prvCheckTasksWaitingTermination
                0x0800d6e0       0x5c ./Middlewares/FreeRTOS/tasks.o
 .text.prvDeleteTCB
                0x0800d73c       0x60 ./Middlewares/FreeRTOS/tasks.o
 .text.prvResetNextTaskUnblockTime
                0x0800d79c       0x40 ./Middlewares/FreeRTOS/tasks.o
 .text.xTaskGetSchedulerState
                0x0800d7dc       0x3c ./Middlewares/FreeRTOS/tasks.o
                0x0800d7dc                xTaskGetSchedulerState
 .text.xTaskPriorityDisinherit
                0x0800d818      0x110 ./Middlewares/FreeRTOS/tasks.o
                0x0800d818                xTaskPriorityDisinherit
 .text.xTaskNotifyWait
                0x0800d928       0xb4 ./Middlewares/FreeRTOS/tasks.o
                0x0800d928                xTaskNotifyWait
 .text.xTaskGenericNotifyFromISR
                0x0800d9dc      0x1bc ./Middlewares/FreeRTOS/tasks.o
                0x0800d9dc                xTaskGenericNotifyFromISR
 .text.vTaskNotifyGiveFromISR
                0x0800db98      0x128 ./Middlewares/FreeRTOS/tasks.o
                0x0800db98                vTaskNotifyGiveFromISR
 .text.prvAddCurrentTaskToDelayedList
                0x0800dcc0       0xcc ./Middlewares/FreeRTOS/tasks.o
 .text.USBD_CDC_Init
                0x0800dd8c      0x1f0 ./Middlewares/USB_Device_Library/usbd_cdc.o
 .text.USBD_CDC_DeInit
                0x0800df7c      0x104 ./Middlewares/USB_Device_Library/usbd_cdc.o
 .text.USBD_CDC_Setup
                0x0800e080      0x1b8 ./Middlewares/USB_Device_Library/usbd_cdc.o
 .text.USBD_CDC_DataIn
                0x0800e238       0xfe ./Middlewares/USB_Device_Library/usbd_cdc.o
 .text.USBD_CDC_DataOut
                0x0800e336       0x70 ./Middlewares/USB_Device_Library/usbd_cdc.o
 .text.USBD_CDC_EP0_RxReady
                0x0800e3a6       0x74 ./Middlewares/USB_Device_Library/usbd_cdc.o
 *fill*         0x0800e41a        0x2 
 .text.USBD_CDC_GetFSCfgDesc
                0x0800e41c       0x70 ./Middlewares/USB_Device_Library/usbd_cdc.o
 .text.USBD_CDC_GetHSCfgDesc
                0x0800e48c       0x70 ./Middlewares/USB_Device_Library/usbd_cdc.o
 .text.USBD_CDC_GetOtherSpeedCfgDesc
                0x0800e4fc       0x70 ./Middlewares/USB_Device_Library/usbd_cdc.o
 .text.USBD_CDC_GetDeviceQualifierDescriptor
                0x0800e56c       0x20 ./Middlewares/USB_Device_Library/usbd_cdc.o
                0x0800e56c                USBD_CDC_GetDeviceQualifierDescriptor
 .text.USBD_CDC_RegisterInterface
                0x0800e58c       0x34 ./Middlewares/USB_Device_Library/usbd_cdc.o
                0x0800e58c                USBD_CDC_RegisterInterface
 .text.USBD_CDC_SetTxBuffer
                0x0800e5c0       0x44 ./Middlewares/USB_Device_Library/usbd_cdc.o
                0x0800e5c0                USBD_CDC_SetTxBuffer
 .text.USBD_CDC_SetRxBuffer
                0x0800e604       0x3a ./Middlewares/USB_Device_Library/usbd_cdc.o
                0x0800e604                USBD_CDC_SetRxBuffer
 *fill*         0x0800e63e        0x2 
 .text.USBD_CDC_TransmitPacket
                0x0800e640       0x80 ./Middlewares/USB_Device_Library/usbd_cdc.o
                0x0800e640                USBD_CDC_TransmitPacket
 .text.USBD_CDC_ReceivePacket
                0x0800e6c0       0x6c ./Middlewares/USB_Device_Library/usbd_cdc.o
                0x0800e6c0                USBD_CDC_ReceivePacket
 .text.USBD_Init
                0x0800e72c       0x60 ./Middlewares/USB_Device_Library/usbd_core.o
                0x0800e72c                USBD_Init
 .text.USBD_RegisterClass
                0x0800e78c       0x6c ./Middlewares/USB_Device_Library/usbd_core.o
                0x0800e78c                USBD_RegisterClass
 .text.USBD_Start
                0x0800e7f8       0x18 ./Middlewares/USB_Device_Library/usbd_core.o
                0x0800e7f8                USBD_Start
 .text.USBD_RunTestMode
                0x0800e810       0x16 ./Middlewares/USB_Device_Library/usbd_core.o
                0x0800e810                USBD_RunTestMode
 .text.USBD_SetClassConfig
                0x0800e826       0x38 ./Middlewares/USB_Device_Library/usbd_core.o
                0x0800e826                USBD_SetClassConfig
 .text.USBD_ClrClassConfig
                0x0800e85e       0x34 ./Middlewares/USB_Device_Library/usbd_core.o
                0x0800e85e                USBD_ClrClassConfig
 .text.USBD_LL_SetupStage
                0x0800e892       0xaa ./Middlewares/USB_Device_Library/usbd_core.o
                0x0800e892                USBD_LL_SetupStage
 .text.USBD_LL_DataOutStage
                0x0800e93c      0x178 ./Middlewares/USB_Device_Library/usbd_core.o
                0x0800e93c                USBD_LL_DataOutStage
 .text.USBD_LL_DataInStage
                0x0800eab4      0x176 ./Middlewares/USB_Device_Library/usbd_core.o
                0x0800eab4                USBD_LL_DataInStage
 .text.USBD_LL_Reset
                0x0800ec2a       0xa6 ./Middlewares/USB_Device_Library/usbd_core.o
                0x0800ec2a                USBD_LL_Reset
 .text.USBD_LL_SetSpeed
                0x0800ecd0       0x20 ./Middlewares/USB_Device_Library/usbd_core.o
                0x0800ecd0                USBD_LL_SetSpeed
 .text.USBD_LL_Suspend
                0x0800ecf0       0x38 ./Middlewares/USB_Device_Library/usbd_core.o
                0x0800ecf0                USBD_LL_Suspend
 .text.USBD_LL_Resume
                0x0800ed28       0x30 ./Middlewares/USB_Device_Library/usbd_core.o
                0x0800ed28                USBD_LL_Resume
 .text.USBD_LL_SOF
                0x0800ed58       0x40 ./Middlewares/USB_Device_Library/usbd_core.o
                0x0800ed58                USBD_LL_SOF
 .text.USBD_LL_IsoINIncomplete
                0x0800ed98       0x64 ./Middlewares/USB_Device_Library/usbd_core.o
                0x0800ed98                USBD_LL_IsoINIncomplete
 .text.USBD_LL_IsoOUTIncomplete
                0x0800edfc       0x64 ./Middlewares/USB_Device_Library/usbd_core.o
                0x0800edfc                USBD_LL_IsoOUTIncomplete
 .text.USBD_LL_DevConnected
                0x0800ee60       0x16 ./Middlewares/USB_Device_Library/usbd_core.o
                0x0800ee60                USBD_LL_DevConnected
 .text.USBD_LL_DevDisconnected
                0x0800ee76       0x46 ./Middlewares/USB_Device_Library/usbd_core.o
                0x0800ee76                USBD_LL_DevDisconnected
 .text.USBD_CoreFindIF
                0x0800eebc       0x1a ./Middlewares/USB_Device_Library/usbd_core.o
                0x0800eebc                USBD_CoreFindIF
 .text.USBD_CoreFindEP
                0x0800eed6       0x1a ./Middlewares/USB_Device_Library/usbd_core.o
                0x0800eed6                USBD_CoreFindEP
 .text.USBD_GetEpDesc
                0x0800eef0       0x70 ./Middlewares/USB_Device_Library/usbd_core.o
                0x0800eef0                USBD_GetEpDesc
 .text.USBD_GetNextDesc
                0x0800ef60       0x38 ./Middlewares/USB_Device_Library/usbd_core.o
                0x0800ef60                USBD_GetNextDesc
 .text.SWAPBYTE
                0x0800ef98       0x3e ./Middlewares/USB_Device_Library/usbd_ctlreq.o
 *fill*         0x0800efd6        0x2 
 .text.USBD_StdDevReq
                0x0800efd8       0xe4 ./Middlewares/USB_Device_Library/usbd_ctlreq.o
                0x0800efd8                USBD_StdDevReq
 .text.USBD_StdItfReq
                0x0800f0bc       0xd8 ./Middlewares/USB_Device_Library/usbd_ctlreq.o
                0x0800f0bc                USBD_StdItfReq
 .text.USBD_StdEPReq
                0x0800f194      0x33e ./Middlewares/USB_Device_Library/usbd_ctlreq.o
                0x0800f194                USBD_StdEPReq
 *fill*         0x0800f4d2        0x2 
 .text.USBD_GetDescriptor
                0x0800f4d4      0x2d4 ./Middlewares/USB_Device_Library/usbd_ctlreq.o
 .text.USBD_SetAddress
                0x0800f7a8       0x88 ./Middlewares/USB_Device_Library/usbd_ctlreq.o
 .text.USBD_SetConfig
                0x0800f830      0x154 ./Middlewares/USB_Device_Library/usbd_ctlreq.o
 .text.USBD_GetConfig
                0x0800f984       0x6c ./Middlewares/USB_Device_Library/usbd_ctlreq.o
 .text.USBD_GetStatus
                0x0800f9f0       0x68 ./Middlewares/USB_Device_Library/usbd_ctlreq.o
 .text.USBD_SetFeature
                0x0800fa58       0x52 ./Middlewares/USB_Device_Library/usbd_ctlreq.o
 .text.USBD_ClrFeature
                0x0800faaa       0x44 ./Middlewares/USB_Device_Library/usbd_ctlreq.o
 .text.USBD_ParseSetupRequest
                0x0800faee       0x74 ./Middlewares/USB_Device_Library/usbd_ctlreq.o
                0x0800faee                USBD_ParseSetupRequest
 .text.USBD_CtlError
                0x0800fb62       0x22 ./Middlewares/USB_Device_Library/usbd_ctlreq.o
                0x0800fb62                USBD_CtlError
 .text.USBD_GetString
                0x0800fb84       0xa4 ./Middlewares/USB_Device_Library/usbd_ctlreq.o
                0x0800fb84                USBD_GetString
 .text.USBD_GetLen
                0x0800fc28       0x34 ./Middlewares/USB_Device_Library/usbd_ctlreq.o
 .text.USBD_CtlSendData
                0x0800fc5c       0x3c ./Middlewares/USB_Device_Library/usbd_ioreq.o
                0x0800fc5c                USBD_CtlSendData
 .text.USBD_CtlContinueSendData
                0x0800fc98       0x22 ./Middlewares/USB_Device_Library/usbd_ioreq.o
                0x0800fc98                USBD_CtlContinueSendData
 .text.USBD_CtlPrepareRx
                0x0800fcba       0x42 ./Middlewares/USB_Device_Library/usbd_ioreq.o
                0x0800fcba                USBD_CtlPrepareRx
 .text.USBD_CtlContinueRx
                0x0800fcfc       0x22 ./Middlewares/USB_Device_Library/usbd_ioreq.o
                0x0800fcfc                USBD_CtlContinueRx
 .text.USBD_CtlSendStatus
                0x0800fd1e       0x26 ./Middlewares/USB_Device_Library/usbd_ioreq.o
                0x0800fd1e                USBD_CtlSendStatus
 .text.USBD_CtlReceiveStatus
                0x0800fd44       0x26 ./Middlewares/USB_Device_Library/usbd_ioreq.o
                0x0800fd44                USBD_CtlReceiveStatus
 *fill*         0x0800fd6a        0x2 
 .text.MX_USB_DEVICE_Init
                0x0800fd6c       0x60 ./USB_DEVICE/App/usb_device.o
                0x0800fd6c                MX_USB_DEVICE_Init
 .text.CDC_Init_FS
                0x0800fdcc       0x28 ./USB_DEVICE/App/usbd_cdc_if.o
 .text.CDC_DeInit_FS
                0x0800fdf4       0x10 ./USB_DEVICE/App/usbd_cdc_if.o
 .text.CDC_Control_FS
                0x0800fe04       0xbc ./USB_DEVICE/App/usbd_cdc_if.o
 .text.CDC_Receive_FS
                0x0800fec0       0x28 ./USB_DEVICE/App/usbd_cdc_if.o
 .text.CDC_Transmit_FS
                0x0800fee8       0x4c ./USB_DEVICE/App/usbd_cdc_if.o
                0x0800fee8                CDC_Transmit_FS
 .text.CDC_TransmitCplt_FS
                0x0800ff34       0x22 ./USB_DEVICE/App/usbd_cdc_if.o
 *fill*         0x0800ff56        0x2 
 .text.USBD_FS_DeviceDescriptor
                0x0800ff58       0x24 ./USB_DEVICE/App/usbd_desc.o
                0x0800ff58                USBD_FS_DeviceDescriptor
 .text.USBD_FS_LangIDStrDescriptor
                0x0800ff7c       0x24 ./USB_DEVICE/App/usbd_desc.o
                0x0800ff7c                USBD_FS_LangIDStrDescriptor
 .text.USBD_FS_ProductStrDescriptor
                0x0800ffa0       0x3c ./USB_DEVICE/App/usbd_desc.o
                0x0800ffa0                USBD_FS_ProductStrDescriptor
 .text.USBD_FS_ManufacturerStrDescriptor
                0x0800ffdc       0x28 ./USB_DEVICE/App/usbd_desc.o
                0x0800ffdc                USBD_FS_ManufacturerStrDescriptor
 .text.USBD_FS_SerialStrDescriptor
                0x08010004       0x24 ./USB_DEVICE/App/usbd_desc.o
                0x08010004                USBD_FS_SerialStrDescriptor
 .text.USBD_FS_ConfigStrDescriptor
                0x08010028       0x3c ./USB_DEVICE/App/usbd_desc.o
                0x08010028                USBD_FS_ConfigStrDescriptor
 .text.USBD_FS_InterfaceStrDescriptor
                0x08010064       0x3c ./USB_DEVICE/App/usbd_desc.o
                0x08010064                USBD_FS_InterfaceStrDescriptor
 .text.Get_SerialNum
                0x080100a0       0x58 ./USB_DEVICE/App/usbd_desc.o
 .text.IntToUnicode
                0x080100f8       0x7e ./USB_DEVICE/App/usbd_desc.o
 *fill*         0x08010176        0x2 
 .text.HAL_PCD_MspInit
                0x08010178       0xa8 ./USB_DEVICE/Target/usbd_conf.o
                0x08010178                HAL_PCD_MspInit
 .text.HAL_PCD_SetupStageCallback
                0x08010220       0x24 ./USB_DEVICE/Target/usbd_conf.o
                0x08010220                HAL_PCD_SetupStageCallback
 .text.HAL_PCD_DataOutStageCallback
                0x08010244       0x36 ./USB_DEVICE/Target/usbd_conf.o
                0x08010244                HAL_PCD_DataOutStageCallback
 .text.HAL_PCD_DataInStageCallback
                0x0801027a       0x34 ./USB_DEVICE/Target/usbd_conf.o
                0x0801027a                HAL_PCD_DataInStageCallback
 .text.HAL_PCD_SOFCallback
                0x080102ae       0x1c ./USB_DEVICE/Target/usbd_conf.o
                0x080102ae                HAL_PCD_SOFCallback
 .text.HAL_PCD_ResetCallback
                0x080102ca       0x50 ./USB_DEVICE/Target/usbd_conf.o
                0x080102ca                HAL_PCD_ResetCallback
 *fill*         0x0801031a        0x2 
 .text.HAL_PCD_SuspendCallback
                0x0801031c       0x4c ./USB_DEVICE/Target/usbd_conf.o
                0x0801031c                HAL_PCD_SuspendCallback
 .text.HAL_PCD_ResumeCallback
                0x08010368       0x1c ./USB_DEVICE/Target/usbd_conf.o
                0x08010368                HAL_PCD_ResumeCallback
 .text.HAL_PCD_ISOOUTIncompleteCallback
                0x08010384       0x24 ./USB_DEVICE/Target/usbd_conf.o
                0x08010384                HAL_PCD_ISOOUTIncompleteCallback
 .text.HAL_PCD_ISOINIncompleteCallback
                0x080103a8       0x24 ./USB_DEVICE/Target/usbd_conf.o
                0x080103a8                HAL_PCD_ISOINIncompleteCallback
 .text.HAL_PCD_ConnectCallback
                0x080103cc       0x1c ./USB_DEVICE/Target/usbd_conf.o
                0x080103cc                HAL_PCD_ConnectCallback
 .text.HAL_PCD_DisconnectCallback
                0x080103e8       0x1c ./USB_DEVICE/Target/usbd_conf.o
                0x080103e8                HAL_PCD_DisconnectCallback
 .text.USBD_LL_Init
                0x08010404       0x98 ./USB_DEVICE/Target/usbd_conf.o
                0x08010404                USBD_LL_Init
 .text.USBD_LL_Start
                0x0801049c       0x36 ./USB_DEVICE/Target/usbd_conf.o
                0x0801049c                USBD_LL_Start
 .text.USBD_LL_OpenEP
                0x080104d2       0x4c ./USB_DEVICE/Target/usbd_conf.o
                0x080104d2                USBD_LL_OpenEP
 .text.USBD_LL_CloseEP
                0x0801051e       0x3e ./USB_DEVICE/Target/usbd_conf.o
                0x0801051e                USBD_LL_CloseEP
 .text.USBD_LL_StallEP
                0x0801055c       0x3e ./USB_DEVICE/Target/usbd_conf.o
                0x0801055c                USBD_LL_StallEP
 .text.USBD_LL_ClearStallEP
                0x0801059a       0x3e ./USB_DEVICE/Target/usbd_conf.o
                0x0801059a                USBD_LL_ClearStallEP
 .text.USBD_LL_IsStallEP
                0x080105d8       0x58 ./USB_DEVICE/Target/usbd_conf.o
                0x080105d8                USBD_LL_IsStallEP
 .text.USBD_LL_SetUSBAddress
                0x08010630       0x3e ./USB_DEVICE/Target/usbd_conf.o
                0x08010630                USBD_LL_SetUSBAddress
 .text.USBD_LL_Transmit
                0x0801066e       0x42 ./USB_DEVICE/Target/usbd_conf.o
                0x0801066e                USBD_LL_Transmit
 .text.USBD_LL_PrepareReceive
                0x080106b0       0x42 ./USB_DEVICE/Target/usbd_conf.o
                0x080106b0                USBD_LL_PrepareReceive
 .text.USBD_LL_GetRxDataSize
                0x080106f2       0x26 ./USB_DEVICE/Target/usbd_conf.o
                0x080106f2                USBD_LL_GetRxDataSize
 .text.USBD_static_malloc
                0x08010718       0x1c ./USB_DEVICE/Target/usbd_conf.o
                0x08010718                USBD_static_malloc
 .text.USBD_static_free
                0x08010734       0x14 ./USB_DEVICE/Target/usbd_conf.o
                0x08010734                USBD_static_free
 .text.USBD_Get_USB_Status
                0x08010748       0x58 ./USB_DEVICE/Target/usbd_conf.o
                0x08010748                USBD_Get_USB_Status
 .text.__cvt    0x080107a0       0xca C:/ST/STM32CubeIDE_1.18.1/STM32CubeIDE/plugins/com.st.stm32cube.ide.mcu.externaltools.gnu-tools-for-stm32.13.3.rel1.win32_1.0.0.202411081344/tools/bin/../lib/gcc/arm-none-eabi/13.3.1/../../../../arm-none-eabi/lib/thumb/v7e-m+fp/hard\libc_nano.a(libc_a-nano-vfprintf_float.o)
                0x080107a0                __cvt
 .text.__exponent
                0x0801086a       0x74 C:/ST/STM32CubeIDE_1.18.1/STM32CubeIDE/plugins/com.st.stm32cube.ide.mcu.externaltools.gnu-tools-for-stm32.13.3.rel1.win32_1.0.0.202411081344/tools/bin/../lib/gcc/arm-none-eabi/13.3.1/../../../../arm-none-eabi/lib/thumb/v7e-m+fp/hard\libc_nano.a(libc_a-nano-vfprintf_float.o)
                0x0801086a                __exponent
 *fill*         0x080108de        0x2 
 .text._printf_float
                0x080108e0      0x454 C:/ST/STM32CubeIDE_1.18.1/STM32CubeIDE/plugins/com.st.stm32cube.ide.mcu.externaltools.gnu-tools-for-stm32.13.3.rel1.win32_1.0.0.202411081344/tools/bin/../lib/gcc/arm-none-eabi/13.3.1/../../../../arm-none-eabi/lib/thumb/v7e-m+fp/hard\libc_nano.a(libc_a-nano-vfprintf_float.o)
                0x080108e0                _printf_float
 .text._printf_common
                0x08010d34       0xda C:/ST/STM32CubeIDE_1.18.1/STM32CubeIDE/plugins/com.st.stm32cube.ide.mcu.externaltools.gnu-tools-for-stm32.13.3.rel1.win32_1.0.0.202411081344/tools/bin/../lib/gcc/arm-none-eabi/13.3.1/../../../../arm-none-eabi/lib/thumb/v7e-m+fp/hard\libc_nano.a(libc_a-nano-vfprintf_i.o)
                0x08010d34                _printf_common
 *fill*         0x08010e0e        0x2 
 .text._printf_i
                0x08010e10      0x23c C:/ST/STM32CubeIDE_1.18.1/STM32CubeIDE/plugins/com.st.stm32cube.ide.mcu.externaltools.gnu-tools-for-stm32.13.3.rel1.win32_1.0.0.202411081344/tools/bin/../lib/gcc/arm-none-eabi/13.3.1/../../../../arm-none-eabi/lib/thumb/v7e-m+fp/hard\libc_nano.a(libc_a-nano-vfprintf_i.o)
                0x08010e10                _printf_i
 .text.std      0x0801104c       0x6c C:/ST/STM32CubeIDE_1.18.1/STM32CubeIDE/plugins/com.st.stm32cube.ide.mcu.externaltools.gnu-tools-for-stm32.13.3.rel1.win32_1.0.0.202411081344/tools/bin/../lib/gcc/arm-none-eabi/13.3.1/../../../../arm-none-eabi/lib/thumb/v7e-m+fp/hard\libc_nano.a(libc_a-findfp.o)
 .text.stdio_exit_handler
                0x080110b8       0x18 C:/ST/STM32CubeIDE_1.18.1/STM32CubeIDE/plugins/com.st.stm32cube.ide.mcu.externaltools.gnu-tools-for-stm32.13.3.rel1.win32_1.0.0.202411081344/tools/bin/../lib/gcc/arm-none-eabi/13.3.1/../../../../arm-none-eabi/lib/thumb/v7e-m+fp/hard\libc_nano.a(libc_a-findfp.o)
 .text.cleanup_stdio
                0x080110d0       0x40 C:/ST/STM32CubeIDE_1.18.1/STM32CubeIDE/plugins/com.st.stm32cube.ide.mcu.externaltools.gnu-tools-for-stm32.13.3.rel1.win32_1.0.0.202411081344/tools/bin/../lib/gcc/arm-none-eabi/13.3.1/../../../../arm-none-eabi/lib/thumb/v7e-m+fp/hard\libc_nano.a(libc_a-findfp.o)
 .text.global_stdio_init.part.0
                0x08011110       0x3c C:/ST/STM32CubeIDE_1.18.1/STM32CubeIDE/plugins/com.st.stm32cube.ide.mcu.externaltools.gnu-tools-for-stm32.13.3.rel1.win32_1.0.0.202411081344/tools/bin/../lib/gcc/arm-none-eabi/13.3.1/../../../../arm-none-eabi/lib/thumb/v7e-m+fp/hard\libc_nano.a(libc_a-findfp.o)
 .text.__sfp_lock_acquire
                0x0801114c        0xc C:/ST/STM32CubeIDE_1.18.1/STM32CubeIDE/plugins/com.st.stm32cube.ide.mcu.externaltools.gnu-tools-for-stm32.13.3.rel1.win32_1.0.0.202411081344/tools/bin/../lib/gcc/arm-none-eabi/13.3.1/../../../../arm-none-eabi/lib/thumb/v7e-m+fp/hard\libc_nano.a(libc_a-findfp.o)
                0x0801114c                __sfp_lock_acquire
 .text.__sfp_lock_release
                0x08011158        0xc C:/ST/STM32CubeIDE_1.18.1/STM32CubeIDE/plugins/com.st.stm32cube.ide.mcu.externaltools.gnu-tools-for-stm32.13.3.rel1.win32_1.0.0.202411081344/tools/bin/../lib/gcc/arm-none-eabi/13.3.1/../../../../arm-none-eabi/lib/thumb/v7e-m+fp/hard\libc_nano.a(libc_a-findfp.o)
                0x08011158                __sfp_lock_release
 .text.__sinit  0x08011164       0x30 C:/ST/STM32CubeIDE_1.18.1/STM32CubeIDE/plugins/com.st.stm32cube.ide.mcu.externaltools.gnu-tools-for-stm32.13.3.rel1.win32_1.0.0.202411081344/tools/bin/../lib/gcc/arm-none-eabi/13.3.1/../../../../arm-none-eabi/lib/thumb/v7e-m+fp/hard\libc_nano.a(libc_a-findfp.o)
                0x08011164                __sinit
 .text._fwalk_sglue
                0x08011194       0x3c C:/ST/STM32CubeIDE_1.18.1/STM32CubeIDE/plugins/com.st.stm32cube.ide.mcu.externaltools.gnu-tools-for-stm32.13.3.rel1.win32_1.0.0.202411081344/tools/bin/../lib/gcc/arm-none-eabi/13.3.1/../../../../arm-none-eabi/lib/thumb/v7e-m+fp/hard\libc_nano.a(libc_a-fwalk.o)
                0x08011194                _fwalk_sglue
 .text.printf   0x080111d0       0x24 C:/ST/STM32CubeIDE_1.18.1/STM32CubeIDE/plugins/com.st.stm32cube.ide.mcu.externaltools.gnu-tools-for-stm32.13.3.rel1.win32_1.0.0.202411081344/tools/bin/../lib/gcc/arm-none-eabi/13.3.1/../../../../arm-none-eabi/lib/thumb/v7e-m+fp/hard\libc_nano.a(libc_a-printf.o)
                0x080111d0                iprintf
                0x080111d0                printf
 .text._puts_r  0x080111f4       0xaa C:/ST/STM32CubeIDE_1.18.1/STM32CubeIDE/plugins/com.st.stm32cube.ide.mcu.externaltools.gnu-tools-for-stm32.13.3.rel1.win32_1.0.0.202411081344/tools/bin/../lib/gcc/arm-none-eabi/13.3.1/../../../../arm-none-eabi/lib/thumb/v7e-m+fp/hard\libc_nano.a(libc_a-puts.o)
                0x080111f4                _puts_r
 *fill*         0x0801129e        0x2 
 .text.puts     0x080112a0       0x10 C:/ST/STM32CubeIDE_1.18.1/STM32CubeIDE/plugins/com.st.stm32cube.ide.mcu.externaltools.gnu-tools-for-stm32.13.3.rel1.win32_1.0.0.202411081344/tools/bin/../lib/gcc/arm-none-eabi/13.3.1/../../../../arm-none-eabi/lib/thumb/v7e-m+fp/hard\libc_nano.a(libc_a-puts.o)
                0x080112a0                puts
 .text.__sread  0x080112b0       0x22 C:/ST/STM32CubeIDE_1.18.1/STM32CubeIDE/plugins/com.st.stm32cube.ide.mcu.externaltools.gnu-tools-for-stm32.13.3.rel1.win32_1.0.0.202411081344/tools/bin/../lib/gcc/arm-none-eabi/13.3.1/../../../../arm-none-eabi/lib/thumb/v7e-m+fp/hard\libc_nano.a(libc_a-stdio.o)
                0x080112b0                __sread
 .text.__swrite
                0x080112d2       0x38 C:/ST/STM32CubeIDE_1.18.1/STM32CubeIDE/plugins/com.st.stm32cube.ide.mcu.externaltools.gnu-tools-for-stm32.13.3.rel1.win32_1.0.0.202411081344/tools/bin/../lib/gcc/arm-none-eabi/13.3.1/../../../../arm-none-eabi/lib/thumb/v7e-m+fp/hard\libc_nano.a(libc_a-stdio.o)
                0x080112d2                __swrite
 .text.__sseek  0x0801130a       0x24 C:/ST/STM32CubeIDE_1.18.1/STM32CubeIDE/plugins/com.st.stm32cube.ide.mcu.externaltools.gnu-tools-for-stm32.13.3.rel1.win32_1.0.0.202411081344/tools/bin/../lib/gcc/arm-none-eabi/13.3.1/../../../../arm-none-eabi/lib/thumb/v7e-m+fp/hard\libc_nano.a(libc_a-stdio.o)
                0x0801130a                __sseek
 .text.__sclose
                0x0801132e        0x8 C:/ST/STM32CubeIDE_1.18.1/STM32CubeIDE/plugins/com.st.stm32cube.ide.mcu.externaltools.gnu-tools-for-stm32.13.3.rel1.win32_1.0.0.202411081344/tools/bin/../lib/gcc/arm-none-eabi/13.3.1/../../../../arm-none-eabi/lib/thumb/v7e-m+fp/hard\libc_nano.a(libc_a-stdio.o)
                0x0801132e                __sclose
 .text.__swbuf_r
                0x08011336       0x7c C:/ST/STM32CubeIDE_1.18.1/STM32CubeIDE/plugins/com.st.stm32cube.ide.mcu.externaltools.gnu-tools-for-stm32.13.3.rel1.win32_1.0.0.202411081344/tools/bin/../lib/gcc/arm-none-eabi/13.3.1/../../../../arm-none-eabi/lib/thumb/v7e-m+fp/hard\libc_nano.a(libc_a-wbuf.o)
                0x08011336                __swbuf_r
 *fill*         0x080113b2        0x2 
 .text.__swsetup_r
                0x080113b4       0xac C:/ST/STM32CubeIDE_1.18.1/STM32CubeIDE/plugins/com.st.stm32cube.ide.mcu.externaltools.gnu-tools-for-stm32.13.3.rel1.win32_1.0.0.202411081344/tools/bin/../lib/gcc/arm-none-eabi/13.3.1/../../../../arm-none-eabi/lib/thumb/v7e-m+fp/hard\libc_nano.a(libc_a-wsetup.o)
                0x080113b4                __swsetup_r
 .text.memset   0x08011460       0x10 C:/ST/STM32CubeIDE_1.18.1/STM32CubeIDE/plugins/com.st.stm32cube.ide.mcu.externaltools.gnu-tools-for-stm32.13.3.rel1.win32_1.0.0.202411081344/tools/bin/../lib/gcc/arm-none-eabi/13.3.1/../../../../arm-none-eabi/lib/thumb/v7e-m+fp/hard\libc_nano.a(libc_a-memset.o)
                0x08011460                memset
 .text._localeconv_r
                0x08011470        0x8 C:/ST/STM32CubeIDE_1.18.1/STM32CubeIDE/plugins/com.st.stm32cube.ide.mcu.externaltools.gnu-tools-for-stm32.13.3.rel1.win32_1.0.0.202411081344/tools/bin/../lib/gcc/arm-none-eabi/13.3.1/../../../../arm-none-eabi/lib/thumb/v7e-m+fp/hard\libc_nano.a(libc_a-localeconv.o)
                0x08011470                _localeconv_r
 .text._close_r
                0x08011478       0x20 C:/ST/STM32CubeIDE_1.18.1/STM32CubeIDE/plugins/com.st.stm32cube.ide.mcu.externaltools.gnu-tools-for-stm32.13.3.rel1.win32_1.0.0.202411081344/tools/bin/../lib/gcc/arm-none-eabi/13.3.1/../../../../arm-none-eabi/lib/thumb/v7e-m+fp/hard\libc_nano.a(libc_a-closer.o)
                0x08011478                _close_r
 .text._lseek_r
                0x08011498       0x24 C:/ST/STM32CubeIDE_1.18.1/STM32CubeIDE/plugins/com.st.stm32cube.ide.mcu.externaltools.gnu-tools-for-stm32.13.3.rel1.win32_1.0.0.202411081344/tools/bin/../lib/gcc/arm-none-eabi/13.3.1/../../../../arm-none-eabi/lib/thumb/v7e-m+fp/hard\libc_nano.a(libc_a-lseekr.o)
                0x08011498                _lseek_r
 .text._read_r  0x080114bc       0x24 C:/ST/STM32CubeIDE_1.18.1/STM32CubeIDE/plugins/com.st.stm32cube.ide.mcu.externaltools.gnu-tools-for-stm32.13.3.rel1.win32_1.0.0.202411081344/tools/bin/../lib/gcc/arm-none-eabi/13.3.1/../../../../arm-none-eabi/lib/thumb/v7e-m+fp/hard\libc_nano.a(libc_a-readr.o)
                0x080114bc                _read_r
 .text._write_r
                0x080114e0       0x24 C:/ST/STM32CubeIDE_1.18.1/STM32CubeIDE/plugins/com.st.stm32cube.ide.mcu.externaltools.gnu-tools-for-stm32.13.3.rel1.win32_1.0.0.202411081344/tools/bin/../lib/gcc/arm-none-eabi/13.3.1/../../../../arm-none-eabi/lib/thumb/v7e-m+fp/hard\libc_nano.a(libc_a-writer.o)
                0x080114e0                _write_r
 .text.__errno  0x08011504        0xc C:/ST/STM32CubeIDE_1.18.1/STM32CubeIDE/plugins/com.st.stm32cube.ide.mcu.externaltools.gnu-tools-for-stm32.13.3.rel1.win32_1.0.0.202411081344/tools/bin/../lib/gcc/arm-none-eabi/13.3.1/../../../../arm-none-eabi/lib/thumb/v7e-m+fp/hard\libc_nano.a(libc_a-errno.o)
                0x08011504                __errno
 .text.__libc_init_array
                0x08011510       0x48 C:/ST/STM32CubeIDE_1.18.1/STM32CubeIDE/plugins/com.st.stm32cube.ide.mcu.externaltools.gnu-tools-for-stm32.13.3.rel1.win32_1.0.0.202411081344/tools/bin/../lib/gcc/arm-none-eabi/13.3.1/../../../../arm-none-eabi/lib/thumb/v7e-m+fp/hard\libc_nano.a(libc_a-init.o)
                0x08011510                __libc_init_array
 .text.__retarget_lock_init_recursive
                0x08011558        0x2 C:/ST/STM32CubeIDE_1.18.1/STM32CubeIDE/plugins/com.st.stm32cube.ide.mcu.externaltools.gnu-tools-for-stm32.13.3.rel1.win32_1.0.0.202411081344/tools/bin/../lib/gcc/arm-none-eabi/13.3.1/../../../../arm-none-eabi/lib/thumb/v7e-m+fp/hard\libc_nano.a(libc_a-lock.o)
                0x08011558                __retarget_lock_init_recursive
 .text.__retarget_lock_acquire_recursive
                0x0801155a        0x2 C:/ST/STM32CubeIDE_1.18.1/STM32CubeIDE/plugins/com.st.stm32cube.ide.mcu.externaltools.gnu-tools-for-stm32.13.3.rel1.win32_1.0.0.202411081344/tools/bin/../lib/gcc/arm-none-eabi/13.3.1/../../../../arm-none-eabi/lib/thumb/v7e-m+fp/hard\libc_nano.a(libc_a-lock.o)
                0x0801155a                __retarget_lock_acquire_recursive
 .text.__retarget_lock_release_recursive
                0x0801155c        0x2 C:/ST/STM32CubeIDE_1.18.1/STM32CubeIDE/plugins/com.st.stm32cube.ide.mcu.externaltools.gnu-tools-for-stm32.13.3.rel1.win32_1.0.0.202411081344/tools/bin/../lib/gcc/arm-none-eabi/13.3.1/../../../../arm-none-eabi/lib/thumb/v7e-m+fp/hard\libc_nano.a(libc_a-lock.o)
                0x0801155c                __retarget_lock_release_recursive
 .text.memcpy   0x0801155e       0x1c C:/ST/STM32CubeIDE_1.18.1/STM32CubeIDE/plugins/com.st.stm32cube.ide.mcu.externaltools.gnu-tools-for-stm32.13.3.rel1.win32_1.0.0.202411081344/tools/bin/../lib/gcc/arm-none-eabi/13.3.1/../../../../arm-none-eabi/lib/thumb/v7e-m+fp/hard\libc_nano.a(libc_a-memcpy-stub.o)
                0x0801155e                memcpy
 .text.quorem   0x0801157a      0x110 C:/ST/STM32CubeIDE_1.18.1/STM32CubeIDE/plugins/com.st.stm32cube.ide.mcu.externaltools.gnu-tools-for-stm32.13.3.rel1.win32_1.0.0.202411081344/tools/bin/../lib/gcc/arm-none-eabi/13.3.1/../../../../arm-none-eabi/lib/thumb/v7e-m+fp/hard\libc_nano.a(libc_a-dtoa.o)
 *fill*         0x0801168a        0x6 
 .text._dtoa_r  0x08011690      0xba0 C:/ST/STM32CubeIDE_1.18.1/STM32CubeIDE/plugins/com.st.stm32cube.ide.mcu.externaltools.gnu-tools-for-stm32.13.3.rel1.win32_1.0.0.202411081344/tools/bin/../lib/gcc/arm-none-eabi/13.3.1/../../../../arm-none-eabi/lib/thumb/v7e-m+fp/hard\libc_nano.a(libc_a-dtoa.o)
                0x08011690                _dtoa_r
 .text._free_r  0x08012230       0x94 C:/ST/STM32CubeIDE_1.18.1/STM32CubeIDE/plugins/com.st.stm32cube.ide.mcu.externaltools.gnu-tools-for-stm32.13.3.rel1.win32_1.0.0.202411081344/tools/bin/../lib/gcc/arm-none-eabi/13.3.1/../../../../arm-none-eabi/lib/thumb/v7e-m+fp/hard\libc_nano.a(libc_a-freer.o)
                0x08012230                _free_r
 .text.malloc   0x080122c4       0x10 C:/ST/STM32CubeIDE_1.18.1/STM32CubeIDE/plugins/com.st.stm32cube.ide.mcu.externaltools.gnu-tools-for-stm32.13.3.rel1.win32_1.0.0.202411081344/tools/bin/../lib/gcc/arm-none-eabi/13.3.1/../../../../arm-none-eabi/lib/thumb/v7e-m+fp/hard\libc_nano.a(libc_a-malloc.o)
                0x080122c4                malloc
 .text.sbrk_aligned
                0x080122d4       0x44 C:/ST/STM32CubeIDE_1.18.1/STM32CubeIDE/plugins/com.st.stm32cube.ide.mcu.externaltools.gnu-tools-for-stm32.13.3.rel1.win32_1.0.0.202411081344/tools/bin/../lib/gcc/arm-none-eabi/13.3.1/../../../../arm-none-eabi/lib/thumb/v7e-m+fp/hard\libc_nano.a(libc_a-mallocr.o)
 .text._malloc_r