C:/Users/Arun/STM32Cube/Repository/STM32Cube_FW_F4_V1.28.2/Drivers/STM32F4xx_HAL_Driver/Src/stm32f4xx_hal_dcmi.c:177:26:HAL_DCMI_Init	16	static
C:/Users/Arun/STM32Cube/Repository/STM32Cube_FW_F4_V1.28.2/Drivers/STM32F4xx_HAL_Driver/Src/stm32f4xx_hal_dcmi.c:262:19:HAL_DCMI_DeInit	16	static
C:/Users/Arun/STM32Cube/Repository/STM32Cube_FW_F4_V1.28.2/Drivers/STM32F4xx_HAL_Driver/Src/stm32f4xx_hal_dcmi.c:294:13:HAL_DCMI_MspInit	16	static
C:/Users/Arun/STM32Cube/Repository/STM32Cube_FW_F4_V1.28.2/Drivers/STM32F4xx_HAL_Driver/Src/stm32f4xx_hal_dcmi.c:309:13:HAL_DCMI_MspDeInit	16	static
C:/Users/Arun/STM32Cube/Repository/STM32Cube_FW_F4_V1.28.2/Drivers/STM32F4xx_HAL_Driver/Src/stm32f4xx_hal_dcmi.c:347:19:HAL_DCMI_Start_DMA	40	static
C:/Users/Arun/STM32Cube/Repository/STM32Cube_FW_F4_V1.28.2/Drivers/STM32F4xx_HAL_Driver/Src/stm32f4xx_hal_dcmi.c:432:19:HAL_DCMI_Stop	24	static
C:/Users/Arun/STM32Cube/Repository/STM32Cube_FW_F4_V1.28.2/Drivers/STM32F4xx_HAL_Driver/Src/stm32f4xx_hal_dcmi.c:485:19:HAL_DCMI_Suspend	24	static
C:/Users/Arun/STM32Cube/Repository/STM32Cube_FW_F4_V1.28.2/Drivers/STM32F4xx_HAL_Driver/Src/stm32f4xx_hal_dcmi.c:531:19:HAL_DCMI_Resume	16	static
C:/Users/Arun/STM32Cube/Repository/STM32Cube_FW_F4_V1.28.2/Drivers/STM32F4xx_HAL_Driver/Src/stm32f4xx_hal_dcmi.c:557:6:HAL_DCMI_IRQHandler	24	static
C:/Users/Arun/STM32Cube/Repository/STM32Cube_FW_F4_V1.28.2/Drivers/STM32F4xx_HAL_Driver/Src/stm32f4xx_hal_dcmi.c:660:13:HAL_DCMI_ErrorCallback	16	static
C:/Users/Arun/STM32Cube/Repository/STM32Cube_FW_F4_V1.28.2/Drivers/STM32F4xx_HAL_Driver/Src/stm32f4xx_hal_dcmi.c:675:13:HAL_DCMI_LineEventCallback	16	static
C:/Users/Arun/STM32Cube/Repository/STM32Cube_FW_F4_V1.28.2/Drivers/STM32F4xx_HAL_Driver/Src/stm32f4xx_hal_dcmi.c:690:13:HAL_DCMI_VsyncEventCallback	16	static
C:/Users/Arun/STM32Cube/Repository/STM32Cube_FW_F4_V1.28.2/Drivers/STM32F4xx_HAL_Driver/Src/stm32f4xx_hal_dcmi.c:705:13:HAL_DCMI_FrameEventCallback	16	static
C:/Users/Arun/STM32Cube/Repository/STM32Cube_FW_F4_V1.28.2/Drivers/STM32F4xx_HAL_Driver/Src/stm32f4xx_hal_dcmi.c:743:19:HAL_DCMI_ConfigCrop	24	static
C:/Users/Arun/STM32Cube/Repository/STM32Cube_FW_F4_V1.28.2/Drivers/STM32F4xx_HAL_Driver/Src/stm32f4xx_hal_dcmi.c:776:19:HAL_DCMI_DisableCrop	16	static
C:/Users/Arun/STM32Cube/Repository/STM32Cube_FW_F4_V1.28.2/Drivers/STM32F4xx_HAL_Driver/Src/stm32f4xx_hal_dcmi.c:802:19:HAL_DCMI_EnableCrop	16	static
C:/Users/Arun/STM32Cube/Repository/STM32Cube_FW_F4_V1.28.2/Drivers/STM32F4xx_HAL_Driver/Src/stm32f4xx_hal_dcmi.c:830:20:HAL_DCMI_ConfigSyncUnmask	16	static
C:/Users/Arun/STM32Cube/Repository/STM32Cube_FW_F4_V1.28.2/Drivers/STM32F4xx_HAL_Driver/Src/stm32f4xx_hal_dcmi.c:879:23:HAL_DCMI_GetState	16	static
C:/Users/Arun/STM32Cube/Repository/STM32Cube_FW_F4_V1.28.2/Drivers/STM32F4xx_HAL_Driver/Src/stm32f4xx_hal_dcmi.c:890:10:HAL_DCMI_GetError	16	static
C:/Users/Arun/STM32Cube/Repository/STM32Cube_FW_F4_V1.28.2/Drivers/STM32F4xx_HAL_Driver/Src/stm32f4xx_hal_dcmi.c:1075:13:DCMI_DMAXferCplt	24	static
C:/Users/Arun/STM32Cube/Repository/STM32Cube_FW_F4_V1.28.2/Drivers/STM32F4xx_HAL_Driver/Src/stm32f4xx_hal_dcmi.c:1132:13:DCMI_DMAError	24	static
